CycleGAN RUN_0002 | device=cuda | n_gpus=1 | train=27 val=8 | G params=49,500,482 | D params=22,093,954

============================================================
Starting CycleGAN training — 100 epochs
============================================================
Epoch   1/100 | G=10.9182 adv=2.0038 cyc=6.1907 idt=2.7238 D=1.9508 | val_cyc=0.3889 ✓
Epoch   2/100 | G=8.3620 adv=0.9300 cyc=5.1940 idt=2.2380 D=0.7335 | val_cyc=0.4598
Epoch   3/100 | G=6.6036 adv=0.8168 cyc=4.0148 idt=1.7721 D=0.6849 | val_cyc=0.3850 ✓
Epoch   4/100 | G=6.5193 adv=0.8077 cyc=3.9532 idt=1.7585 D=0.6005 | val_cyc=0.6351
Epoch   5/100 | G=7.3202 adv=0.8716 cyc=4.4695 idt=1.9791 D=0.5403 | val_cyc=0.2516 ✓
Epoch   6/100 | G=7.4480 adv=0.8208 cyc=4.6671 idt=1.9602 D=0.6047 | val_cyc=0.4255
Epoch   7/100 | G=9.6831 adv=1.2064 cyc=5.8394 idt=2.6373 D=0.5068 | val_cyc=0.4042
Epoch   8/100 | G=7.2584 adv=1.0679 cyc=4.3811 idt=1.8094 D=0.5377 | val_cyc=0.3457
Epoch   9/100 | G=7.3515 adv=1.0843 cyc=4.3282 idt=1.9390 D=0.5054 | val_cyc=0.4465
Epoch  10/100 | G=8.2587 adv=1.1850 cyc=4.9276 idt=2.1461 D=0.4376 | val_cyc=0.3627
Epoch  11/100 | G=6.0238 adv=0.9089 cyc=3.5048 idt=1.6100 D=0.4418 | val_cyc=0.3987
Epoch  12/100 | G=7.3975 adv=1.0660 cyc=4.3946 idt=1.9369 D=0.5219 | val_cyc=0.5591
Epoch  13/100 | G=7.1456 adv=1.1090 cyc=4.2506 idt=1.7860 D=0.4836 | val_cyc=0.4382
Epoch  14/100 | G=8.8568 adv=1.3947 cyc=5.2313 idt=2.2308 D=0.4381 | val_cyc=0.5895
Epoch  15/100 | G=9.9373 adv=1.5433 cyc=5.8226 idt=2.5714 D=0.4219 | val_cyc=0.7143
Epoch  16/100 | G=10.3366 adv=1.5576 cyc=6.1525 idt=2.6264 D=0.3130 | val_cyc=0.4478
Epoch  17/100 | G=6.6509 adv=1.1317 cyc=3.8543 idt=1.6648 D=0.4229 | val_cyc=0.3543
Epoch  18/100 | G=9.3994 adv=1.2820 cyc=5.6876 idt=2.4297 D=0.3793 | val_cyc=0.4174
Epoch  19/100 | G=6.7332 adv=1.2341 cyc=3.8177 idt=1.6814 D=0.3618 | val_cyc=0.2754
Epoch  20/100 | G=6.5159 adv=1.2002 cyc=3.6394 idt=1.6762 D=0.3881 | val_cyc=0.3201
Epoch  21/100 | G=7.1578 adv=1.2091 cyc=4.1542 idt=1.7945 D=0.3771 | val_cyc=0.5707
Epoch  22/100 | G=7.0574 adv=1.3413 cyc=4.0019 idt=1.7142 D=0.3922 | val_cyc=0.3389
Epoch  23/100 | G=7.3065 adv=1.3637 cyc=4.0309 idt=1.9119 D=0.4028 | val_cyc=0.4584
Epoch  24/100 | G=8.5904 adv=1.4467 cyc=4.8904 idt=2.2533 D=0.3261 | val_cyc=0.5256
Epoch  25/100 | G=7.3625 adv=1.4907 cyc=4.0783 idt=1.7935 D=0.3163 | val_cyc=0.2780
Epoch  26/100 | G=8.6340 adv=1.4174 cyc=5.0494 idt=2.1672 D=0.3266 | val_cyc=0.5140
Epoch  27/100 | G=7.5955 adv=1.4021 cyc=4.3827 idt=1.8107 D=0.3290 | val_cyc=0.5808
Epoch  28/100 | G=7.9948 adv=1.4955 cyc=4.4873 idt=2.0119 D=0.2974 | val_cyc=0.3130
Epoch  29/100 | G=7.5717 adv=1.4920 cyc=4.1659 idt=1.9138 D=0.3339 | val_cyc=0.3762
Epoch  30/100 | G=7.7091 adv=1.5004 cyc=4.2333 idt=1.9754 D=0.2359 | val_cyc=0.2996
Epoch  31/100 | G=6.7285 adv=1.2927 cyc=3.7235 idt=1.7124 D=0.2903 | val_cyc=0.6258
Epoch  32/100 | G=9.1576 adv=1.6763 cyc=5.2243 idt=2.2570 D=0.2547 | val_cyc=0.5584
Epoch  33/100 | G=7.2302 adv=1.5188 cyc=3.9462 idt=1.7651 D=0.2744 | val_cyc=0.3258
Epoch  34/100 | G=7.2949 adv=1.4147 cyc=4.0668 idt=1.8134 D=0.2706 | val_cyc=0.2444 ✓
Epoch  35/100 | G=7.9158 adv=1.5646 cyc=4.3259 idt=2.0254 D=0.2757 | val_cyc=0.3097
Epoch  36/100 | G=7.6246 adv=1.5426 cyc=4.2151 idt=1.8669 D=0.3180 | val_cyc=0.5368
Epoch  37/100 | G=8.0554 adv=1.5926 cyc=4.4183 idt=2.0444 D=0.3299 | val_cyc=0.5149
Epoch  38/100 | G=8.8613 adv=1.6778 cyc=4.9852 idt=2.1983 D=0.2425 | val_cyc=0.4394
Epoch  39/100 | G=8.2798 adv=1.6366 cyc=4.6094 idt=2.0339 D=0.2444 | val_cyc=0.4317
Epoch  40/100 | G=7.7862 adv=1.5064 cyc=4.3605 idt=1.9193 D=0.3056 | val_cyc=0.6298
Epoch  41/100 | G=10.4517 adv=1.5880 cyc=6.2082 idt=2.6556 D=0.1881 | val_cyc=0.6052
Epoch  42/100 | G=7.7405 adv=1.6036 cyc=4.2420 idt=1.8948 D=0.2829 | val_cyc=0.3724
Epoch  43/100 | G=8.5153 adv=1.5988 cyc=4.8517 idt=2.0648 D=0.2269 | val_cyc=0.2738
Epoch  44/100 | G=7.5829 adv=1.2542 cyc=4.4236 idt=1.9051 D=0.3434 | val_cyc=0.7469
Epoch  45/100 | G=11.6739 adv=1.8502 cyc=6.9089 idt=2.9149 D=0.3368 | val_cyc=0.4746
Epoch  46/100 | G=9.9841 adv=1.8211 cyc=5.6851 idt=2.4780 D=0.2539 | val_cyc=0.4176
Epoch  47/100 | G=7.8696 adv=1.6223 cyc=4.3241 idt=1.9233 D=0.2649 | val_cyc=0.4127
Epoch  48/100 | G=7.6438 adv=1.5194 cyc=4.1627 idt=1.9616 D=0.2115 | val_cyc=0.4082
Epoch  49/100 | G=8.3626 adv=1.6432 cyc=4.7375 idt=1.9820 D=0.2746 | val_cyc=0.4657
Epoch  50/100 | G=7.2130 adv=1.6554 cyc=3.8510 idt=1.7066 D=0.1937 | val_cyc=0.2867
Epoch  51/100 | G=7.7496 adv=1.5817 cyc=4.2474 idt=1.9205 D=0.2620 | val_cyc=0.3367
Epoch  52/100 | G=6.8012 adv=1.3827 cyc=3.7406 idt=1.6780 D=0.2554 | val_cyc=0.2461
Epoch  53/100 | G=8.8897 adv=1.6267 cyc=5.1013 idt=2.1616 D=0.1759 | val_cyc=0.4256
Epoch  54/100 | G=6.6588 adv=1.5955 cyc=3.4408 idt=1.6225 D=0.1724 | val_cyc=0.5261
Epoch  55/100 | G=8.5658 adv=1.7874 cyc=4.7464 idt=2.0319 D=0.1832 | val_cyc=0.2538
Epoch  56/100 | G=7.2117 adv=1.4499 cyc=4.1027 idt=1.6591 D=0.2960 | val_cyc=0.2628
Epoch  57/100 | G=7.2187 adv=1.3982 cyc=3.9664 idt=1.8541 D=0.2169 | val_cyc=0.6010
Epoch  58/100 | G=8.3154 adv=1.7704 cyc=4.5604 idt=1.9846 D=0.1381 | val_cyc=0.3004
Epoch  59/100 | G=6.3777 adv=1.4935 cyc=3.4220 idt=1.4622 D=0.1526 | val_cyc=0.2398 ✓
Epoch  60/100 | G=8.1524 adv=1.6581 cyc=4.5728 idt=1.9215 D=0.2289 | val_cyc=0.5726
Epoch  61/100 | G=7.4295 adv=1.6433 cyc=4.0739 idt=1.7123 D=0.1771 | val_cyc=1.1236
Epoch  62/100 | G=8.5124 adv=1.6462 cyc=4.8205 idt=2.0458 D=0.1096 | val_cyc=0.3178
Epoch  63/100 | G=8.1769 adv=1.5817 cyc=4.5086 idt=2.0866 D=0.1558 | val_cyc=0.4318
Epoch  64/100 | G=7.1212 adv=1.7008 cyc=3.7673 idt=1.6530 D=0.1514 | val_cyc=0.3053
Epoch  65/100 | G=7.4712 adv=1.6192 cyc=4.0764 idt=1.7756 D=0.1715 | val_cyc=0.2498
Epoch  66/100 | G=7.6437 adv=1.6654 cyc=4.0863 idt=1.8920 D=0.2027 | val_cyc=0.2658
Epoch  67/100 | G=6.8161 adv=1.3403 cyc=3.8040 idt=1.6718 D=0.2060 | val_cyc=0.3496
Epoch  68/100 | G=7.0619 adv=1.6875 cyc=3.6904 idt=1.6840 D=0.1470 | val_cyc=0.3713
Epoch  69/100 | G=7.3789 adv=1.7984 cyc=3.8569 idt=1.7236 D=0.1438 | val_cyc=0.2845
Epoch  70/100 | G=7.6572 adv=1.6915 cyc=4.2105 idt=1.7553 D=0.1419 | val_cyc=0.3290
Epoch  71/100 | G=6.3419 adv=1.4635 cyc=3.3194 idt=1.5590 D=0.1500 | val_cyc=0.2175 ✓
Epoch  72/100 | G=5.9784 adv=1.3580 cyc=3.1937 idt=1.4267 D=0.1724 | val_cyc=0.4711
Epoch  73/100 | G=6.5371 adv=1.5803 cyc=3.4389 idt=1.5180 D=0.1467 | val_cyc=0.3742
Epoch  74/100 | G=6.8291 adv=1.6157 cyc=3.5254 idt=1.6880 D=0.1435 | val_cyc=0.2686
Epoch  75/100 | G=5.8943 adv=1.2750 cyc=3.1609 idt=1.4584 D=0.2337 | val_cyc=0.2444
Epoch  76/100 | G=6.1562 adv=1.3390 cyc=3.3294 idt=1.4878 D=0.2122 | val_cyc=0.3785
Epoch  77/100 | G=6.4804 adv=1.6132 cyc=3.2969 idt=1.5702 D=0.1335 | val_cyc=0.3392
Epoch  78/100 | G=6.4096 adv=1.4262 cyc=3.4345 idt=1.5488 D=0.1072 | val_cyc=0.3914
Epoch  79/100 | G=5.2182 adv=1.3972 cyc=2.6576 idt=1.1634 D=0.1979 | val_cyc=0.1996 ✓
Epoch  80/100 | G=5.1911 adv=1.3028 cyc=2.6751 idt=1.2132 D=0.2136 | val_cyc=0.8049
Epoch  81/100 | G=5.6802 adv=1.3513 cyc=3.0336 idt=1.2954 D=0.1992 | val_cyc=0.3575
Epoch  82/100 | G=5.5574 adv=1.4404 cyc=2.8036 idt=1.3133 D=0.1346 | val_cyc=0.2134
Epoch  83/100 | G=4.0610 adv=1.0939 cyc=2.0514 idt=0.9157 D=0.2168 | val_cyc=0.4046
Epoch  84/100 | G=5.4628 adv=1.3501 cyc=2.8021 idt=1.3106 D=0.1774 | val_cyc=0.2011
Epoch  85/100 | G=4.6270 adv=1.1814 cyc=2.3689 idt=1.0767 D=0.1616 | val_cyc=0.1860 ✓
Epoch  86/100 | G=4.0301 adv=0.8837 cyc=2.1588 idt=0.9875 D=0.2391 | val_cyc=0.3099
Epoch  87/100 | G=4.0279 adv=0.9901 cyc=2.1230 idt=0.9149 D=0.2277 | val_cyc=0.1955
Epoch  88/100 | G=4.0901 adv=0.8357 cyc=2.2543 idt=1.0002 D=0.3256 | val_cyc=0.1847 ✓
Epoch  89/100 | G=3.7883 adv=0.6970 cyc=2.1144 idt=0.9769 D=0.3145 | val_cyc=0.2414
Epoch  90/100 | G=3.8150 adv=0.8469 cyc=2.0973 idt=0.8707 D=0.2939 | val_cyc=0.3495
Epoch  91/100 | G=4.0584 adv=0.7865 cyc=2.2890 idt=0.9828 D=0.2755 | val_cyc=0.2271
Epoch  92/100 | G=3.7614 adv=0.8560 cyc=2.0240 idt=0.8814 D=0.2964 | val_cyc=0.1912
Epoch  93/100 | G=3.5848 adv=0.8068 cyc=1.9295 idt=0.8486 D=0.3037 | val_cyc=0.2139
Epoch  94/100 | G=3.1563 adv=0.7802 cyc=1.6551 idt=0.7210 D=0.3019 | val_cyc=0.1594 ✓
Epoch  95/100 | G=3.0615 adv=0.6185 cyc=1.6908 idt=0.7521 D=0.3213 | val_cyc=0.1756
Epoch  96/100 | G=2.9498 adv=0.6267 cyc=1.6077 idt=0.7154 D=0.3669 | val_cyc=0.1815
Epoch  97/100 | G=3.1389 adv=0.6068 cyc=1.7280 idt=0.8041 D=0.3426 | val_cyc=0.1617
Epoch  98/100 | G=2.8161 adv=0.6514 cyc=1.4938 idt=0.6709 D=0.3426 | val_cyc=0.1729
Epoch  99/100 | G=2.7361 adv=0.6544 cyc=1.4394 idt=0.6423 D=0.3537 | val_cyc=0.1627
Epoch 100/100 | G=2.6500 adv=0.6463 cyc=1.3814 idt=0.6222 D=0.3577 | val_cyc=0.1677

Training complete. Best val_cycle=0.1594 at epoch 94.
