=======================================================================
 Job ID    : 795857
 Nœud      : jzxh020
 Code      : /lustre/fswork/projects/rech/crp/ulq73oz/LISA/lisa2026
 Run       : RUN_0003
 Launcher  : scripts/run_0003.sh
 Args      : <none>
=======================================================================
Données NIfTI  : OK (873 volumes dans /lustre/fswork/projects/rech/crp/ulq73oz/LISA/data)
GPU            : NVIDIA H100 80GB HBM3, 81559 MiB

Lancement : bash scripts/run_0003.sh 

==========================================
RUN_0003 - Task2 DynUNet Launcher
Date: Wed May 13 16:33:05 CEST 2026
==========================================

[1/5] Loading Python environment...
  ! using current environment (SLURM/module or LISA_SKIP_CONDA set)
✓ Environment loaded
Python 3.12.7
  PyTorch: 2.5.0
  MONAI: 1.3.2
  Python: /lustre/fshomisc/sup/pub/anaconda-py3/h100/2024.06/envs/pytorch-gpu-2.5.0+py3.12.7/bin/python3
  Data root: /lustre/fswork/projects/rech/crp/ulq73oz/LISA/data

[2/5] Creating output directories...
✓ Directories created

[3/5] Ensuring Task2 patient-level split exists...
Split saved to results/splits/task2_fixed.pkl
Manifest saved to results/splits/task2_manifest.csv
Train subjects: 48 | Val subjects: 12

[4/5] Starting Task2 DynUNet training...
Device: cuda | AMP: True
Task2 train subjects: 48, val subjects: 12
Epoch 001/180 | train_loss=3.1373 val_loss=2.8098 val_dice=0.0068
  -> New best checkpoint saved (outputs/checkpoints/RUN_0003/task2_dynunet_best.pt)
Epoch 002/180 | train_loss=2.5221 val_loss=2.6392 val_dice=0.0038
Epoch 003/180 | train_loss=2.3487 val_loss=2.4688 val_dice=0.0001
Epoch 004/180 | train_loss=2.2023 val_loss=2.3497 val_dice=0.0003
Epoch 005/180 | train_loss=2.0766 val_loss=2.1917 val_dice=0.0000
Epoch 006/180 | train_loss=1.9722 val_loss=2.0648 val_dice=0.0001
Epoch 007/180 | train_loss=1.8767 val_loss=1.9622 val_dice=0.0000
Epoch 008/180 | train_loss=1.7787 val_loss=1.8410 val_dice=0.0001
Epoch 009/180 | train_loss=1.6939 val_loss=1.7505 val_dice=0.0000
Epoch 010/180 | train_loss=1.6149 val_loss=1.6462 val_dice=0.0000
Epoch 011/180 | train_loss=1.5451 val_loss=1.5333 val_dice=0.0000
Epoch 012/180 | train_loss=1.4835 val_loss=1.5229 val_dice=0.0000
Epoch 013/180 | train_loss=1.4263 val_loss=1.3948 val_dice=0.0000
Epoch 014/180 | train_loss=1.3698 val_loss=1.3364 val_dice=0.0000
Epoch 015/180 | train_loss=1.3215 val_loss=1.2872 val_dice=0.0000
Epoch 016/180 | train_loss=1.2835 val_loss=1.2468 val_dice=0.0000
Epoch 017/180 | train_loss=1.2537 val_loss=1.2120 val_dice=0.0003
Epoch 018/180 | train_loss=1.2203 val_loss=1.1912 val_dice=0.0261
  -> New best checkpoint saved (outputs/checkpoints/RUN_0003/task2_dynunet_best.pt)
Epoch 019/180 | train_loss=1.1979 val_loss=1.1701 val_dice=0.0325
  -> New best checkpoint saved (outputs/checkpoints/RUN_0003/task2_dynunet_best.pt)
Epoch 020/180 | train_loss=1.1724 val_loss=1.1440 val_dice=0.0376
  -> New best checkpoint saved (outputs/checkpoints/RUN_0003/task2_dynunet_best.pt)
Epoch 021/180 | train_loss=1.1436 val_loss=1.1222 val_dice=0.0699
  -> New best checkpoint saved (outputs/checkpoints/RUN_0003/task2_dynunet_best.pt)
Epoch 022/180 | train_loss=1.1195 val_loss=1.1015 val_dice=0.0714
  -> New best checkpoint saved (outputs/checkpoints/RUN_0003/task2_dynunet_best.pt)
Epoch 023/180 | train_loss=1.0948 val_loss=1.0766 val_dice=0.1010
  -> New best checkpoint saved (outputs/checkpoints/RUN_0003/task2_dynunet_best.pt)
Epoch 024/180 | train_loss=1.0731 val_loss=1.0610 val_dice=0.0898
Epoch 025/180 | train_loss=1.0611 val_loss=1.0534 val_dice=0.1036
  -> New best checkpoint saved (outputs/checkpoints/RUN_0003/task2_dynunet_best.pt)
Epoch 026/180 | train_loss=1.0374 val_loss=1.0285 val_dice=0.1051
  -> New best checkpoint saved (outputs/checkpoints/RUN_0003/task2_dynunet_best.pt)
Epoch 027/180 | train_loss=1.0193 val_loss=1.0135 val_dice=0.1271
  -> New best checkpoint saved (outputs/checkpoints/RUN_0003/task2_dynunet_best.pt)
Epoch 028/180 | train_loss=0.9927 val_loss=0.9967 val_dice=0.2028
  -> New best checkpoint saved (outputs/checkpoints/RUN_0003/task2_dynunet_best.pt)
Epoch 029/180 | train_loss=0.9750 val_loss=0.9887 val_dice=0.2158
  -> New best checkpoint saved (outputs/checkpoints/RUN_0003/task2_dynunet_best.pt)
Epoch 030/180 | train_loss=0.9637 val_loss=0.9750 val_dice=0.2063
Epoch 031/180 | train_loss=0.9438 val_loss=0.9644 val_dice=0.1975
Epoch 032/180 | train_loss=0.9245 val_loss=0.9581 val_dice=0.1942
Epoch 033/180 | train_loss=0.9081 val_loss=0.9343 val_dice=0.2147
Epoch 034/180 | train_loss=0.8938 val_loss=0.9278 val_dice=0.2425
  -> New best checkpoint saved (outputs/checkpoints/RUN_0003/task2_dynunet_best.pt)
Epoch 035/180 | train_loss=0.8744 val_loss=0.9125 val_dice=0.2429
  -> New best checkpoint saved (outputs/checkpoints/RUN_0003/task2_dynunet_best.pt)
Epoch 036/180 | train_loss=0.8648 val_loss=0.9044 val_dice=0.2463
  -> New best checkpoint saved (outputs/checkpoints/RUN_0003/task2_dynunet_best.pt)
Epoch 037/180 | train_loss=0.8469 val_loss=0.8969 val_dice=0.2521
  -> New best checkpoint saved (outputs/checkpoints/RUN_0003/task2_dynunet_best.pt)
Epoch 038/180 | train_loss=0.8257 val_loss=0.8886 val_dice=0.2488
Epoch 039/180 | train_loss=0.8147 val_loss=0.8828 val_dice=0.2825
  -> New best checkpoint saved (outputs/checkpoints/RUN_0003/task2_dynunet_best.pt)
Epoch 040/180 | train_loss=0.8063 val_loss=0.8723 val_dice=0.2423
Epoch 041/180 | train_loss=0.7949 val_loss=0.8591 val_dice=0.2813
Epoch 042/180 | train_loss=0.7837 val_loss=0.8459 val_dice=0.2820
Epoch 043/180 | train_loss=0.7782 val_loss=0.8483 val_dice=0.2691
Epoch 044/180 | train_loss=0.7654 val_loss=0.8486 val_dice=0.3053
  -> New best checkpoint saved (outputs/checkpoints/RUN_0003/task2_dynunet_best.pt)
Epoch 045/180 | train_loss=0.7682 val_loss=0.8266 val_dice=0.3046
Epoch 046/180 | train_loss=0.7528 val_loss=0.8297 val_dice=0.2818
Epoch 047/180 | train_loss=0.7394 val_loss=0.8111 val_dice=0.2804
Epoch 048/180 | train_loss=0.7387 val_loss=0.8159 val_dice=0.2447
Epoch 049/180 | train_loss=0.7335 val_loss=0.8130 val_dice=0.2619
Epoch 050/180 | train_loss=0.7263 val_loss=0.8090 val_dice=0.2550
Epoch 051/180 | train_loss=0.7169 val_loss=0.8009 val_dice=0.2634
Epoch 052/180 | train_loss=0.7036 val_loss=0.7994 val_dice=0.2594
Epoch 053/180 | train_loss=0.7062 val_loss=0.7843 val_dice=0.2573
Epoch 054/180 | train_loss=0.7103 val_loss=0.7987 val_dice=0.2131
Epoch 055/180 | train_loss=0.6937 val_loss=0.7886 val_dice=0.2747
Epoch 056/180 | train_loss=0.6977 val_loss=0.7822 val_dice=0.2525
Epoch 057/180 | train_loss=0.6757 val_loss=0.7597 val_dice=0.2906
Epoch 058/180 | train_loss=0.6933 val_loss=0.7600 val_dice=0.2658
Epoch 059/180 | train_loss=0.6765 val_loss=0.7817 val_dice=0.2563
Epoch 060/180 | train_loss=0.7287 val_loss=0.7631 val_dice=0.2651
Epoch 061/180 | train_loss=0.6779 val_loss=0.7708 val_dice=0.2550
Epoch 062/180 | train_loss=0.6727 val_loss=0.7575 val_dice=0.2240
Epoch 063/180 | train_loss=0.6536 val_loss=0.7737 val_dice=0.2202
Epoch 064/180 | train_loss=0.6532 val_loss=0.7792 val_dice=0.2146
Epoch 065/180 | train_loss=0.6687 val_loss=0.7782 val_dice=0.2150
Epoch 066/180 | train_loss=0.6428 val_loss=0.7092 val_dice=0.3453
  -> New best checkpoint saved (outputs/checkpoints/RUN_0003/task2_dynunet_best.pt)
Epoch 067/180 | train_loss=0.6857 val_loss=0.7531 val_dice=0.2363
Epoch 068/180 | train_loss=0.6470 val_loss=0.7531 val_dice=0.2329
Epoch 069/180 | train_loss=0.6436 val_loss=0.7305 val_dice=0.2582
Epoch 070/180 | train_loss=0.6588 val_loss=0.7422 val_dice=0.2417
Epoch 071/180 | train_loss=0.6375 val_loss=0.7346 val_dice=0.2534
Epoch 072/180 | train_loss=0.6293 val_loss=0.7401 val_dice=0.2671
Epoch 073/180 | train_loss=0.6435 val_loss=0.7049 val_dice=0.3052
Epoch 074/180 | train_loss=0.6326 val_loss=0.7409 val_dice=0.2530
Epoch 075/180 | train_loss=0.5930 val_loss=0.7370 val_dice=0.2328
Epoch 076/180 | train_loss=0.5679 val_loss=0.7538 val_dice=0.2357
Epoch 077/180 | train_loss=0.6095 val_loss=0.7455 val_dice=0.2428
Epoch 078/180 | train_loss=0.6051 val_loss=0.7583 val_dice=0.2004
Epoch 079/180 | train_loss=0.5454 val_loss=0.7435 val_dice=0.2340
Epoch 080/180 | train_loss=0.5802 val_loss=0.7529 val_dice=0.2123
Epoch 081/180 | train_loss=0.5283 val_loss=0.7250 val_dice=0.2264
Epoch 082/180 | train_loss=0.5308 val_loss=0.7148 val_dice=0.2550
Epoch 083/180 | train_loss=0.5505 val_loss=0.7164 val_dice=0.2575
Epoch 084/180 | train_loss=0.5079 val_loss=0.7145 val_dice=0.2596
Epoch 085/180 | train_loss=0.5483 val_loss=0.7206 val_dice=0.2534
Epoch 086/180 | train_loss=0.5081 val_loss=0.6511 val_dice=0.3631
  -> New best checkpoint saved (outputs/checkpoints/RUN_0003/task2_dynunet_best.pt)
Epoch 087/180 | train_loss=0.5335 val_loss=0.7342 val_dice=0.2088
Epoch 088/180 | train_loss=0.5525 val_loss=0.7446 val_dice=0.1795
Epoch 089/180 | train_loss=0.4822 val_loss=0.5589 val_dice=0.5003
  -> New best checkpoint saved (outputs/checkpoints/RUN_0003/task2_dynunet_best.pt)
Epoch 090/180 | train_loss=0.5472 val_loss=0.7229 val_dice=0.2166
Epoch 091/180 | train_loss=0.4643 val_loss=0.6800 val_dice=0.2787
Epoch 092/180 | train_loss=0.5210 val_loss=0.7130 val_dice=0.2348
Epoch 093/180 | train_loss=0.4810 val_loss=0.7393 val_dice=0.2352
Epoch 094/180 | train_loss=0.4962 val_loss=0.7182 val_dice=0.2291
Epoch 095/180 | train_loss=0.4423 val_loss=0.6742 val_dice=0.2860
Epoch 096/180 | train_loss=0.4284 val_loss=0.6723 val_dice=0.2695
Epoch 097/180 | train_loss=0.4228 val_loss=0.6782 val_dice=0.2709
Epoch 098/180 | train_loss=0.3916 val_loss=0.6008 val_dice=0.3902
Epoch 099/180 | train_loss=0.4410 val_loss=0.7001 val_dice=0.2469
Epoch 100/180 | train_loss=0.4491 val_loss=0.6022 val_dice=0.3879
Epoch 101/180 | train_loss=0.3723 val_loss=0.6327 val_dice=0.3316
Epoch 102/180 | train_loss=0.4032 val_loss=0.6438 val_dice=0.3189
Epoch 103/180 | train_loss=0.3945 val_loss=0.6848 val_dice=0.2696
Epoch 104/180 | train_loss=0.4481 val_loss=0.6442 val_dice=0.3091
Epoch 105/180 | train_loss=0.4137 val_loss=0.6531 val_dice=0.2888
Epoch 106/180 | train_loss=0.4350 val_loss=0.6735 val_dice=0.2906
Epoch 107/180 | train_loss=0.4675 val_loss=0.7291 val_dice=0.2048
Epoch 108/180 | train_loss=0.4498 val_loss=0.6560 val_dice=0.2824
Epoch 109/180 | train_loss=0.3919 val_loss=0.6956 val_dice=0.2452
Epoch 110/180 | train_loss=0.4388 val_loss=0.5766 val_dice=0.4023
Epoch 111/180 | train_loss=0.5113 val_loss=0.7121 val_dice=0.2254
Epoch 112/180 | train_loss=0.4307 val_loss=0.5752 val_dice=0.4204
Epoch 113/180 | train_loss=0.4733 val_loss=0.7411 val_dice=0.1853
Epoch 114/180 | train_loss=0.4044 val_loss=0.6942 val_dice=0.2448
  -> Early stopping at epoch 114
Training completed. Best val Dice: 0.5003
✓ Training complete (1253s)

[5/5] Running Task2 evaluation...
Evaluation complete. Metrics saved to results/runs/RUN_0003/metrics.json
{
  "mean_dsc": 0.5002976377475311,
  "mean_hd95": 23.171338310678497,
  "mean_hd": 29.21184483193259,
  "mean_rve": 0.3549855720367483,
  "mean_assd": 6.140745448247167,
  "n_subjects": 12,
  "n_classes_eval": 11
}

==========================================
RUN_0003 COMPLETE
Results: results/runs/RUN_0003/metrics.json
==========================================
Entraînement terminé (job 795857).
