=======================================================================
 Job ID    : 786609
 Nœud      : jzxh045
 Code      : /lustre/fswork/projects/rech/crp/ulq73oz/LISA/lisa2026
 Run       : RUN_0002
 Launcher  : scripts/run_0002.sh
 Args      : <none>
=======================================================================
Données NIfTI  : OK (873 volumes dans /lustre/fswork/projects/rech/crp/ulq73oz/LISA/data)
GPU            : NVIDIA H100 80GB HBM3, 81559 MiB

Lancement : bash scripts/run_0002.sh 

==========================================
RUN_0002 – Multi-label EMD+Focal Launcher
Date: Wed May 13 11:54:41 CEST 2026
==========================================

[1/5] Loading Python environment...
  ! conda env lisa2026 unavailable, using current environment
✓ Environment loaded
Python 3.12.4
  PyTorch: unknown
  CUDA: unknown
  Data root: /lustre/fswork/projects/rech/crp/ulq73oz/LISA/data
  CSV path:  /lustre/fswork/projects/rech/crp/ulq73oz/LISA/data/LISA_Task1a_2026.csv

[2/5] Creating output directories...
✓ Directories created

[3/5] Ensuring patient-level split exists...
[1/2] Creating fixed split from /lustre/fswork/projects/rech/crp/ulq73oz/LISA/data/LISA_Task1a_2026.csv...
[2/2] Saving split...
✓ Split saved to results/splits/task1a_fixed.pkl

✓ Split created:
  Train: 436 samples
  Val: 96 samples
  Subjects: 244

[4/5] Starting multi-label training (7 tasks simultaneously)...
Error during training
