/home/rousseau/miniforge3/lib/python3.13/site-packages/torch/cuda/__init__.py:435: UserWarning: 
    Found GPU0 NVIDIA GB10 which is of cuda capability 12.1.
    Minimum and Maximum cuda capability supported by this version of PyTorch is
    (8.0) - (12.0)
    
  queued_call()
Config      : ../configs/train_default.yaml
Device      : cuda
Target size : (96, 96, 96)
Disentangle : z_anat=16  z_mod=8  z_art=8
Debug mode  : False
Train : 608 items | Val : 98 items
Task 1a class weights (sévérité, moyennés sur artefacts) :
  Noise         sev0=0.14  sev1=1.69  sev2=1.17  art_w=0.78
  Zipper        sev0=0.24  sev1=0.61  sev2=2.15  art_w=0.40
  Positioning   sev0=0.10  sev1=1.09  sev2=1.81  art_w=1.06
  Banding       sev0=0.02  sev1=2.10  sev2=0.88  art_w=3.50
  Motion        sev0=0.33  sev1=1.21  sev2=1.46  art_w=0.40
  Contrast      sev0=0.24  sev1=0.48  sev2=2.28  art_w=0.36
  Distortion    sev0=0.24  sev1=1.03  sev2=1.73  art_w=0.49
Paramètres  : 8,259,108
Epoch   1/200  train[tot=3.9402 1a=3.0663 1b=0.1457 seg=0.7282]  val[tot=2.9231 1a=2.4044 1b=0.0906 seg=0.4281]  150.2s
  → best model (val 1a=2.4044) sauvegardé : /home/rousseau/Exp/lisa2026/outputs/checkpoints/best_model.pt
Epoch   2/200  train[tot=3.8196 1a=2.9729 1b=0.1420 seg=0.7048]  val[tot=2.9129 1a=2.4015 1b=0.1030 seg=0.4084]  150.8s
  → best model (val 1a=2.4015) sauvegardé : /home/rousseau/Exp/lisa2026/outputs/checkpoints/best_model.pt
Epoch   3/200  train[tot=3.7713 1a=2.9828 1b=0.1367 seg=0.6518]  val[tot=2.8935 1a=2.4013 1b=0.1048 seg=0.3874]  151.3s
  → best model (val 1a=2.4013) sauvegardé : /home/rousseau/Exp/lisa2026/outputs/checkpoints/best_model.pt
Epoch   4/200  train[tot=3.8076 1a=3.0235 1b=0.1222 seg=0.6619]  val[tot=2.8549 1a=2.4003 1b=0.0917 seg=0.3629]  151.2s
  → best model (val 1a=2.4003) sauvegardé : /home/rousseau/Exp/lisa2026/outputs/checkpoints/best_model.pt
Epoch   5/200  train[tot=3.7119 1a=2.9829 1b=0.1161 seg=0.6129]  val[tot=2.8447 1a=2.4013 1b=0.0975 seg=0.3459]  150.9s
Epoch   6/200  train[tot=3.6448 1a=2.9442 1b=0.1159 seg=0.5847]  val[tot=2.8142 1a=2.3990 1b=0.0852 seg=0.3300]  151.1s
  → best model (val 1a=2.3990) sauvegardé : /home/rousseau/Exp/lisa2026/outputs/checkpoints/best_model.pt
Epoch   7/200  train[tot=3.6848 1a=2.9872 1b=0.1142 seg=0.5834]  val[tot=2.7953 1a=2.4008 1b=0.0805 seg=0.3140]  151.5s
Epoch   8/200  train[tot=3.5530 1a=2.9512 1b=0.1087 seg=0.4930]  val[tot=2.7839 1a=2.3992 1b=0.0840 seg=0.3008]  150.5s
Epoch   9/200  train[tot=3.6150 1a=2.9800 1b=0.1014 seg=0.5336]  val[tot=2.7653 1a=2.3985 1b=0.0790 seg=0.2878]  151.1s
  → best model (val 1a=2.3985) sauvegardé : /home/rousseau/Exp/lisa2026/outputs/checkpoints/best_model.pt
Epoch  10/200  train[tot=3.5616 1a=2.9997 1b=0.1087 seg=0.4532]  val[tot=2.7528 1a=2.4000 1b=0.0766 seg=0.2762]  151.3s
  → checkpoint sauvegardé : /home/rousseau/Exp/lisa2026/outputs/checkpoints/epoch_0010.pt
  [viz] Loss curves → /home/rousseau/Exp/lisa2026/results/plots/loss_curves.png
  [viz] Task1a confusion → /home/rousseau/Exp/lisa2026/results/plots/task1a_confusion_ep0010.png
  [viz] Task1b samples → /home/rousseau/Exp/lisa2026/results/plots/task1b_samples_ep0010.png
  [viz] Task2 samples → /home/rousseau/Exp/lisa2026/results/plots/task2_seg_ep0010.png
Epoch  11/200  train[tot=3.5356 1a=2.9822 1b=0.0969 seg=0.4566]  val[tot=2.7453 1a=2.4027 1b=0.0786 seg=0.2640]  151.3s
Epoch  12/200  train[tot=3.4893 1a=2.9609 1b=0.1007 seg=0.4277]  val[tot=2.7370 1a=2.4005 1b=0.0820 seg=0.2545]  151.5s
Epoch  13/200  train[tot=3.4664 1a=2.9684 1b=0.0966 seg=0.4013]  val[tot=2.7156 1a=2.3972 1b=0.0728 seg=0.2457]  151.4s
  → best model (val 1a=2.3972) sauvegardé : /home/rousseau/Exp/lisa2026/outputs/checkpoints/best_model.pt
Epoch  14/200  train[tot=3.4717 1a=2.9569 1b=0.0982 seg=0.4165]  val[tot=2.7146 1a=2.4002 1b=0.0770 seg=0.2374]  151.2s
Epoch  15/200  train[tot=3.4317 1a=2.9660 1b=0.0928 seg=0.3728]  val[tot=2.6955 1a=2.3993 1b=0.0676 seg=0.2286]  151.1s
Epoch  16/200  train[tot=3.4378 1a=2.9567 1b=0.0929 seg=0.3882]  val[tot=2.6900 1a=2.3961 1b=0.0745 seg=0.2194]  150.9s
  → best model (val 1a=2.3961) sauvegardé : /home/rousseau/Exp/lisa2026/outputs/checkpoints/best_model.pt
Epoch  17/200  train[tot=3.4437 1a=2.9843 1b=0.0927 seg=0.3666]  val[tot=2.6681 1a=2.3960 1b=0.0595 seg=0.2126]  150.5s
  → best model (val 1a=2.3960) sauvegardé : /home/rousseau/Exp/lisa2026/outputs/checkpoints/best_model.pt
Epoch  18/200  train[tot=3.3997 1a=2.9580 1b=0.0941 seg=0.3476]  val[tot=2.6719 1a=2.3964 1b=0.0685 seg=0.2071]  150.2s
Epoch  19/200  train[tot=3.4118 1a=2.9681 1b=0.0888 seg=0.3548]  val[tot=2.6701 1a=2.3955 1b=0.0734 seg=0.2013]  150.0s
  → best model (val 1a=2.3955) sauvegardé : /home/rousseau/Exp/lisa2026/outputs/checkpoints/best_model.pt
Epoch  20/200  train[tot=3.3950 1a=2.9783 1b=0.0876 seg=0.3291]  val[tot=2.6629 1a=2.3937 1b=0.0726 seg=0.1967]  150.3s
  → checkpoint sauvegardé : /home/rousseau/Exp/lisa2026/outputs/checkpoints/epoch_0020.pt
  → best model (val 1a=2.3937) sauvegardé : /home/rousseau/Exp/lisa2026/outputs/checkpoints/best_model.pt
  [viz] Loss curves → /home/rousseau/Exp/lisa2026/results/plots/loss_curves.png
  [viz] Task1a confusion → /home/rousseau/Exp/lisa2026/results/plots/task1a_confusion_ep0020.png
  [viz] Task1b samples → /home/rousseau/Exp/lisa2026/results/plots/task1b_samples_ep0020.png
  [viz] Task2 samples → /home/rousseau/Exp/lisa2026/results/plots/task2_seg_ep0020.png
Epoch  21/200  train[tot=3.3818 1a=2.9558 1b=0.0893 seg=0.3367]  val[tot=2.6666 1a=2.4014 1b=0.0719 seg=0.1933]  150.9s
Epoch  22/200  train[tot=3.3667 1a=2.9552 1b=0.0886 seg=0.3229]  val[tot=2.6537 1a=2.3952 1b=0.0692 seg=0.1893]  151.4s
Epoch  23/200  train[tot=3.3238 1a=2.9367 1b=0.0872 seg=0.2999]  val[tot=2.6503 1a=2.3974 1b=0.0660 seg=0.1868]  151.4s
Epoch  24/200  train[tot=3.3534 1a=2.9458 1b=0.0890 seg=0.3187]  val[tot=2.6476 1a=2.3937 1b=0.0723 seg=0.1816]  151.0s
  → best model (val 1a=2.3937) sauvegardé : /home/rousseau/Exp/lisa2026/outputs/checkpoints/best_model.pt
Epoch  25/200  train[tot=3.3462 1a=2.9448 1b=0.0889 seg=0.3125]  val[tot=2.6258 1a=2.3947 1b=0.0527 seg=0.1783]  151.1s
Epoch  26/200  train[tot=3.3451 1a=2.9505 1b=0.0864 seg=0.3082]  val[tot=2.6318 1a=2.3923 1b=0.0634 seg=0.1761]  151.4s
  → best model (val 1a=2.3923) sauvegardé : /home/rousseau/Exp/lisa2026/outputs/checkpoints/best_model.pt
Epoch  27/200  train[tot=3.3603 1a=2.9609 1b=0.0828 seg=0.3166]  val[tot=2.6265 1a=2.3963 1b=0.0582 seg=0.1720]  151.3s
Epoch  28/200  train[tot=3.3285 1a=2.9609 1b=0.0837 seg=0.2839]  val[tot=2.6253 1a=2.3947 1b=0.0598 seg=0.1708]  150.7s
Epoch  29/200  train[tot=3.3165 1a=2.9437 1b=0.0878 seg=0.2850]  val[tot=2.6263 1a=2.4020 1b=0.0563 seg=0.1680]  151.0s
Epoch  30/200  train[tot=3.3161 1a=2.9540 1b=0.0870 seg=0.2751]  val[tot=2.6155 1a=2.3914 1b=0.0595 seg=0.1646]  151.4s
  → checkpoint sauvegardé : /home/rousseau/Exp/lisa2026/outputs/checkpoints/epoch_0030.pt
  → best model (val 1a=2.3914) sauvegardé : /home/rousseau/Exp/lisa2026/outputs/checkpoints/best_model.pt
  [viz] Loss curves → /home/rousseau/Exp/lisa2026/results/plots/loss_curves.png
  [viz] Task1a confusion → /home/rousseau/Exp/lisa2026/results/plots/task1a_confusion_ep0030.png
  [viz] Task1b samples → /home/rousseau/Exp/lisa2026/results/plots/task1b_samples_ep0030.png
  [viz] Task2 samples → /home/rousseau/Exp/lisa2026/results/plots/task2_seg_ep0030.png
Epoch  31/200  train[tot=3.2726 1a=2.9254 1b=0.0844 seg=0.2629]  val[tot=2.6089 1a=2.3904 1b=0.0568 seg=0.1617]  151.1s
  → best model (val 1a=2.3904) sauvegardé : /home/rousseau/Exp/lisa2026/outputs/checkpoints/best_model.pt
Epoch  32/200  train[tot=3.3110 1a=2.9485 1b=0.0833 seg=0.2792]  val[tot=2.6054 1a=2.3913 1b=0.0540 seg=0.1601]  151.4s
Epoch  33/200  train[tot=3.2567 1a=2.9036 1b=0.0831 seg=0.2700]  val[tot=2.6099 1a=2.3939 1b=0.0587 seg=0.1573]  151.6s
Epoch  34/200  train[tot=3.2986 1a=2.9473 1b=0.0852 seg=0.2661]  val[tot=2.6116 1a=2.3962 1b=0.0604 seg=0.1550]  151.6s
Epoch  35/200  train[tot=3.2898 1a=2.9457 1b=0.0832 seg=0.2608]  val[tot=2.6041 1a=2.3889 1b=0.0598 seg=0.1554]  151.4s
  → best model (val 1a=2.3889) sauvegardé : /home/rousseau/Exp/lisa2026/outputs/checkpoints/best_model.pt
Epoch  36/200  train[tot=3.2609 1a=2.9218 1b=0.0819 seg=0.2573]  val[tot=2.5979 1a=2.3894 1b=0.0588 seg=0.1497]  151.7s
Epoch  37/200  train[tot=3.2903 1a=2.9521 1b=0.0830 seg=0.2552]  val[tot=2.6055 1a=2.3910 1b=0.0650 seg=0.1494]  151.6s
Epoch  38/200  train[tot=3.2523 1a=2.9346 1b=0.0799 seg=0.2378]  val[tot=2.5983 1a=2.3977 1b=0.0543 seg=0.1463]  151.3s
Epoch  39/200  train[tot=3.2685 1a=2.9417 1b=0.0790 seg=0.2479]  val[tot=2.6081 1a=2.4002 1b=0.0621 seg=0.1458]  151.7s
Epoch  40/200  train[tot=3.2753 1a=2.9425 1b=0.0805 seg=0.2523]  val[tot=2.5994 1a=2.3983 1b=0.0564 seg=0.1448]  151.7s
  → checkpoint sauvegardé : /home/rousseau/Exp/lisa2026/outputs/checkpoints/epoch_0040.pt
  [viz] Loss curves → /home/rousseau/Exp/lisa2026/results/plots/loss_curves.png
  [viz] Task1a confusion → /home/rousseau/Exp/lisa2026/results/plots/task1a_confusion_ep0040.png
  [viz] Task1b samples → /home/rousseau/Exp/lisa2026/results/plots/task1b_samples_ep0040.png
  [viz] Task2 samples → /home/rousseau/Exp/lisa2026/results/plots/task2_seg_ep0040.png
Epoch  41/200  train[tot=3.2540 1a=2.9186 1b=0.0816 seg=0.2539]  val[tot=2.5852 1a=2.3888 1b=0.0545 seg=0.1419]  151.5s
  → best model (val 1a=2.3888) sauvegardé : /home/rousseau/Exp/lisa2026/outputs/checkpoints/best_model.pt
Epoch  42/200  train[tot=3.2236 1a=2.8978 1b=0.0788 seg=0.2471]  val[tot=2.5854 1a=2.3917 1b=0.0528 seg=0.1409]  151.7s
Epoch  43/200  train[tot=3.2609 1a=2.9508 1b=0.0848 seg=0.2253]  val[tot=2.5854 1a=2.3893 1b=0.0577 seg=0.1384]  151.8s
Epoch  44/200  train[tot=3.2319 1a=2.9142 1b=0.0851 seg=0.2326]  val[tot=2.5864 1a=2.3866 1b=0.0523 seg=0.1475]  151.8s
  → best model (val 1a=2.3866) sauvegardé : /home/rousseau/Exp/lisa2026/outputs/checkpoints/best_model.pt
Epoch  45/200  train[tot=3.2309 1a=2.9037 1b=0.0813 seg=0.2460]  val[tot=2.5775 1a=2.3878 1b=0.0514 seg=0.1383]  151.6s
Epoch  46/200  train[tot=3.2186 1a=2.9086 1b=0.0791 seg=0.2309]  val[tot=2.5794 1a=2.3848 1b=0.0575 seg=0.1372]  151.7s
  → best model (val 1a=2.3848) sauvegardé : /home/rousseau/Exp/lisa2026/outputs/checkpoints/best_model.pt
Epoch  47/200  train[tot=3.2261 1a=2.9301 1b=0.0775 seg=0.2185]  val[tot=2.5855 1a=2.3891 1b=0.0622 seg=0.1342]  151.7s
Epoch  48/200  train[tot=3.2207 1a=2.9170 1b=0.0762 seg=0.2276]  val[tot=2.5632 1a=2.3873 1b=0.0439 seg=0.1320]  151.8s
Epoch  49/200  train[tot=3.2198 1a=2.9105 1b=0.0793 seg=0.2300]  val[tot=2.5765 1a=2.3936 1b=0.0500 seg=0.1330]  151.7s
Epoch  50/200  train[tot=3.2288 1a=2.9342 1b=0.0782 seg=0.2164]  val[tot=2.5640 1a=2.3875 1b=0.0468 seg=0.1297]  151.7s
  → checkpoint sauvegardé : /home/rousseau/Exp/lisa2026/outputs/checkpoints/epoch_0050.pt
  [viz] Loss curves → /home/rousseau/Exp/lisa2026/results/plots/loss_curves.png
  [viz] Task1a confusion → /home/rousseau/Exp/lisa2026/results/plots/task1a_confusion_ep0050.png
  [viz] Task1b samples → /home/rousseau/Exp/lisa2026/results/plots/task1b_samples_ep0050.png
  [viz] Task2 samples → /home/rousseau/Exp/lisa2026/results/plots/task2_seg_ep0050.png
Epoch  51/200  train[tot=3.2368 1a=2.9355 1b=0.0810 seg=0.2203]  val[tot=2.5848 1a=2.3929 1b=0.0632 seg=0.1287]  151.7s
Epoch  52/200  train[tot=3.2475 1a=2.9443 1b=0.0805 seg=0.2227]  val[tot=2.5799 1a=2.4014 1b=0.0506 seg=0.1279]  151.7s
Epoch  53/200  train[tot=3.2154 1a=2.9350 1b=0.0755 seg=0.2049]  val[tot=2.5680 1a=2.3852 1b=0.0553 seg=0.1274]  151.9s
Epoch  54/200  train[tot=3.2195 1a=2.9342 1b=0.0772 seg=0.2081]  val[tot=2.5655 1a=2.3895 1b=0.0492 seg=0.1268]  151.9s
Epoch  55/200  train[tot=3.1880 1a=2.9078 1b=0.0786 seg=0.2016]  val[tot=2.5673 1a=2.3876 1b=0.0513 seg=0.1284]  152.0s
Epoch  56/200  train[tot=3.2232 1a=2.9394 1b=0.0737 seg=0.2101]  val[tot=2.5622 1a=2.3892 1b=0.0481 seg=0.1249]  152.1s
Epoch  57/200  train[tot=3.1811 1a=2.8998 1b=0.0732 seg=0.2082]  val[tot=2.5531 1a=2.3829 1b=0.0470 seg=0.1231]  152.3s
  → best model (val 1a=2.3829) sauvegardé : /home/rousseau/Exp/lisa2026/outputs/checkpoints/best_model.pt
Epoch  58/200  train[tot=3.2027 1a=2.9210 1b=0.0758 seg=0.2059]  val[tot=2.5565 1a=2.3868 1b=0.0473 seg=0.1224]  152.2s
Epoch  59/200  train[tot=3.2013 1a=2.9242 1b=0.0735 seg=0.2037]  val[tot=2.5564 1a=2.3887 1b=0.0471 seg=0.1207]  152.1s
Epoch  60/200  train[tot=3.2132 1a=2.9287 1b=0.0742 seg=0.2103]  val[tot=2.5573 1a=2.3891 1b=0.0493 seg=0.1188]  151.6s
  → checkpoint sauvegardé : /home/rousseau/Exp/lisa2026/outputs/checkpoints/epoch_0060.pt
  [viz] Loss curves → /home/rousseau/Exp/lisa2026/results/plots/loss_curves.png
  [viz] Task1a confusion → /home/rousseau/Exp/lisa2026/results/plots/task1a_confusion_ep0060.png
  [viz] Task1b samples → /home/rousseau/Exp/lisa2026/results/plots/task1b_samples_ep0060.png
  [viz] Task2 samples → /home/rousseau/Exp/lisa2026/results/plots/task2_seg_ep0060.png
Epoch  61/200  train[tot=3.2009 1a=2.9210 1b=0.0752 seg=0.2047]  val[tot=2.5373 1a=2.3844 1b=0.0346 seg=0.1183]  151.3s
Epoch  62/200  train[tot=3.2144 1a=2.9351 1b=0.0772 seg=0.2020]  val[tot=2.5603 1a=2.3951 1b=0.0482 seg=0.1169]  151.3s
Epoch  63/200  train[tot=3.1808 1a=2.9145 1b=0.0746 seg=0.1916]  val[tot=2.5499 1a=2.3858 1b=0.0491 seg=0.1150]  151.1s
Epoch  64/200  train[tot=3.1299 1a=2.8830 1b=0.0736 seg=0.1733]  val[tot=2.5377 1a=2.3855 1b=0.0390 seg=0.1132]  151.9s
Epoch  65/200  train[tot=3.1595 1a=2.9027 1b=0.0705 seg=0.1862]  val[tot=2.5382 1a=2.3873 1b=0.0407 seg=0.1103]  151.5s
Epoch  66/200  train[tot=3.2010 1a=2.9319 1b=0.0712 seg=0.1979]  val[tot=2.5377 1a=2.3850 1b=0.0414 seg=0.1114]  151.4s
Epoch  67/200  train[tot=3.1964 1a=2.9260 1b=0.0747 seg=0.1957]  val[tot=2.5313 1a=2.3838 1b=0.0405 seg=0.1069]  151.7s
Epoch  68/200  train[tot=3.1155 1a=2.8687 1b=0.0715 seg=0.1754]  val[tot=2.5353 1a=2.3888 1b=0.0384 seg=0.1081]  151.4s
Epoch  69/200  train[tot=3.1555 1a=2.9153 1b=0.0686 seg=0.1716]  val[tot=2.5239 1a=2.3861 1b=0.0316 seg=0.1062]  151.2s
Epoch  70/200  train[tot=3.1706 1a=2.9130 1b=0.0770 seg=0.1806]  val[tot=2.5221 1a=2.3837 1b=0.0355 seg=0.1029]  151.5s
  → checkpoint sauvegardé : /home/rousseau/Exp/lisa2026/outputs/checkpoints/epoch_0070.pt
  [viz] Loss curves → /home/rousseau/Exp/lisa2026/results/plots/loss_curves.png
  [viz] Task1a confusion → /home/rousseau/Exp/lisa2026/results/plots/task1a_confusion_ep0070.png
  [viz] Task1b samples → /home/rousseau/Exp/lisa2026/results/plots/task1b_samples_ep0070.png
  [viz] Task2 samples → /home/rousseau/Exp/lisa2026/results/plots/task2_seg_ep0070.png
Epoch  71/200  train[tot=3.1474 1a=2.9145 1b=0.0692 seg=0.1637]  val[tot=2.5203 1a=2.3831 1b=0.0334 seg=0.1038]  151.8s
Epoch  72/200  train[tot=3.1843 1a=2.9269 1b=0.0736 seg=0.1838]  val[tot=2.5181 1a=2.3814 1b=0.0346 seg=0.1021]  152.1s
  → best model (val 1a=2.3814) sauvegardé : /home/rousseau/Exp/lisa2026/outputs/checkpoints/best_model.pt
Epoch  73/200  train[tot=3.1793 1a=2.9405 1b=0.0781 seg=0.1607]  val[tot=2.5218 1a=2.3822 1b=0.0398 seg=0.0998]  152.1s
Epoch  74/200  train[tot=3.1073 1a=2.8745 1b=0.0762 seg=0.1566]  val[tot=2.5220 1a=2.3897 1b=0.0341 seg=0.0982]  151.5s
Epoch  75/200  train[tot=3.1509 1a=2.9007 1b=0.0754 seg=0.1747]  val[tot=2.5109 1a=2.3833 1b=0.0324 seg=0.0952]  151.4s
Epoch  76/200  train[tot=3.1368 1a=2.9215 1b=0.0697 seg=0.1456]  val[tot=2.5203 1a=2.3887 1b=0.0377 seg=0.0939]  151.2s
Epoch  77/200  train[tot=3.0981 1a=2.8802 1b=0.0708 seg=0.1471]  val[tot=2.5124 1a=2.3892 1b=0.0297 seg=0.0935]  151.2s
Epoch  78/200  train[tot=3.1464 1a=2.9189 1b=0.0722 seg=0.1553]  val[tot=2.5185 1a=2.3808 1b=0.0445 seg=0.0932]  151.3s
  → best model (val 1a=2.3808) sauvegardé : /home/rousseau/Exp/lisa2026/outputs/checkpoints/best_model.pt
Epoch  79/200  train[tot=3.1513 1a=2.9290 1b=0.0709 seg=0.1514]  val[tot=2.5077 1a=2.3826 1b=0.0318 seg=0.0933]  151.6s
Epoch  80/200  train[tot=3.1614 1a=2.9323 1b=0.0698 seg=0.1593]  val[tot=2.5090 1a=2.3792 1b=0.0378 seg=0.0920]  151.7s
  → checkpoint sauvegardé : /home/rousseau/Exp/lisa2026/outputs/checkpoints/epoch_0080.pt
  → best model (val 1a=2.3792) sauvegardé : /home/rousseau/Exp/lisa2026/outputs/checkpoints/best_model.pt
  [viz] Loss curves → /home/rousseau/Exp/lisa2026/results/plots/loss_curves.png
  [viz] Task1a confusion → /home/rousseau/Exp/lisa2026/results/plots/task1a_confusion_ep0080.png
  [viz] Task1b samples → /home/rousseau/Exp/lisa2026/results/plots/task1b_samples_ep0080.png
  [viz] Task2 samples → /home/rousseau/Exp/lisa2026/results/plots/task2_seg_ep0080.png
Epoch  81/200  train[tot=3.1044 1a=2.8740 1b=0.0702 seg=0.1602]  val[tot=2.5108 1a=2.3806 1b=0.0419 seg=0.0884]  151.7s
Epoch  82/200  train[tot=3.1420 1a=2.9310 1b=0.0705 seg=0.1404]  val[tot=2.5084 1a=2.3803 1b=0.0358 seg=0.0923]  151.7s
Epoch  83/200  train[tot=3.1355 1a=2.9123 1b=0.0752 seg=0.1480]  val[tot=2.4965 1a=2.3788 1b=0.0290 seg=0.0886]  151.6s
  → best model (val 1a=2.3788) sauvegardé : /home/rousseau/Exp/lisa2026/outputs/checkpoints/best_model.pt
Epoch  84/200  train[tot=3.1095 1a=2.9004 1b=0.0673 seg=0.1417]  val[tot=2.5101 1a=2.3864 1b=0.0359 seg=0.0877]  151.9s
Epoch  85/200  train[tot=3.0755 1a=2.8732 1b=0.0670 seg=0.1354]  val[tot=2.5164 1a=2.3805 1b=0.0412 seg=0.0947]  151.8s
Epoch  86/200  train[tot=3.1183 1a=2.9122 1b=0.0678 seg=0.1383]  val[tot=2.5014 1a=2.3829 1b=0.0309 seg=0.0877]  151.8s
Epoch  87/200  train[tot=3.1209 1a=2.9089 1b=0.0717 seg=0.1402]  val[tot=2.4967 1a=2.3803 1b=0.0318 seg=0.0846]  151.8s
Epoch  88/200  train[tot=3.1097 1a=2.8937 1b=0.0722 seg=0.1437]  val[tot=2.5016 1a=2.3812 1b=0.0332 seg=0.0872]  151.6s
Epoch  89/200  train[tot=3.0908 1a=2.8921 1b=0.0694 seg=0.1293]  val[tot=2.5117 1a=2.3817 1b=0.0459 seg=0.0841]  151.7s
Epoch  90/200  train[tot=3.1098 1a=2.9082 1b=0.0692 seg=0.1324]  val[tot=2.5030 1a=2.3785 1b=0.0389 seg=0.0856]  151.5s
  → checkpoint sauvegardé : /home/rousseau/Exp/lisa2026/outputs/checkpoints/epoch_0090.pt
  → best model (val 1a=2.3785) sauvegardé : /home/rousseau/Exp/lisa2026/outputs/checkpoints/best_model.pt
  [viz] Loss curves → /home/rousseau/Exp/lisa2026/results/plots/loss_curves.png
  [viz] Task1a confusion → /home/rousseau/Exp/lisa2026/results/plots/task1a_confusion_ep0090.png
  [viz] Task1b samples → /home/rousseau/Exp/lisa2026/results/plots/task1b_samples_ep0090.png
  [viz] Task2 samples → /home/rousseau/Exp/lisa2026/results/plots/task2_seg_ep0090.png
Epoch  91/200  train[tot=3.0731 1a=2.8868 1b=0.0695 seg=0.1168]  val[tot=2.4899 1a=2.3762 1b=0.0318 seg=0.0818]  151.6s
  → best model (val 1a=2.3762) sauvegardé : /home/rousseau/Exp/lisa2026/outputs/checkpoints/best_model.pt
Epoch  92/200  train[tot=3.1198 1a=2.9144 1b=0.0696 seg=0.1358]  val[tot=2.5002 1a=2.3834 1b=0.0351 seg=0.0816]  151.7s
Epoch  93/200  train[tot=3.0917 1a=2.9045 1b=0.0679 seg=0.1193]  val[tot=2.5029 1a=2.3828 1b=0.0391 seg=0.0811]  151.1s
Epoch  94/200  train[tot=3.1120 1a=2.9151 1b=0.0684 seg=0.1285]  val[tot=2.4954 1a=2.3868 1b=0.0298 seg=0.0789]  151.1s
Epoch  95/200  train[tot=3.0773 1a=2.8729 1b=0.0678 seg=0.1367]  val[tot=2.4954 1a=2.3788 1b=0.0361 seg=0.0805]  151.7s
Epoch  96/200  train[tot=3.0626 1a=2.8617 1b=0.0662 seg=0.1347]  val[tot=2.4826 1a=2.3757 1b=0.0285 seg=0.0784]  151.9s
  → best model (val 1a=2.3757) sauvegardé : /home/rousseau/Exp/lisa2026/outputs/checkpoints/best_model.pt
Epoch  97/200  train[tot=3.0793 1a=2.8816 1b=0.0680 seg=0.1297]  val[tot=2.4919 1a=2.3834 1b=0.0314 seg=0.0771]  151.7s
Epoch  98/200  train[tot=3.1003 1a=2.9078 1b=0.0680 seg=0.1245]  val[tot=2.4992 1a=2.3853 1b=0.0367 seg=0.0772]  151.7s
Epoch  99/200  train[tot=3.0930 1a=2.9020 1b=0.0689 seg=0.1221]  val[tot=2.4847 1a=2.3771 1b=0.0315 seg=0.0761]  151.7s
Epoch 100/200  train[tot=3.0873 1a=2.8918 1b=0.0657 seg=0.1298]  val[tot=2.4866 1a=2.3800 1b=0.0309 seg=0.0757]  151.8s
  → checkpoint sauvegardé : /home/rousseau/Exp/lisa2026/outputs/checkpoints/epoch_0100.pt
  [viz] Loss curves → /home/rousseau/Exp/lisa2026/results/plots/loss_curves.png
  [viz] Task1a confusion → /home/rousseau/Exp/lisa2026/results/plots/task1a_confusion_ep0100.png
  [viz] Task1b samples → /home/rousseau/Exp/lisa2026/results/plots/task1b_samples_ep0100.png
  [viz] Task2 samples → /home/rousseau/Exp/lisa2026/results/plots/task2_seg_ep0100.png
Epoch 101/200  train[tot=3.0988 1a=2.9074 1b=0.0690 seg=0.1224]  val[tot=2.4863 1a=2.3751 1b=0.0335 seg=0.0777]  151.4s
  → best model (val 1a=2.3751) sauvegardé : /home/rousseau/Exp/lisa2026/outputs/checkpoints/best_model.pt
Epoch 102/200  train[tot=3.1003 1a=2.9087 1b=0.0672 seg=0.1245]  val[tot=2.4821 1a=2.3777 1b=0.0279 seg=0.0765]  151.8s
Epoch 103/200  train[tot=3.0866 1a=2.8994 1b=0.0661 seg=0.1211]  val[tot=2.4886 1a=2.3839 1b=0.0270 seg=0.0777]  151.8s
Epoch 104/200  train[tot=3.1026 1a=2.9197 1b=0.0647 seg=0.1183]  val[tot=2.4820 1a=2.3771 1b=0.0306 seg=0.0743]  151.9s
Epoch 105/200  train[tot=3.0788 1a=2.8916 1b=0.0636 seg=0.1236]  val[tot=2.4888 1a=2.3871 1b=0.0267 seg=0.0751]  151.9s
Epoch 106/200  train[tot=3.1066 1a=2.9117 1b=0.0633 seg=0.1317]  val[tot=2.4785 1a=2.3754 1b=0.0292 seg=0.0739]  151.7s
Epoch 107/200  train[tot=3.0838 1a=2.9047 1b=0.0694 seg=0.1098]  val[tot=2.4856 1a=2.3848 1b=0.0277 seg=0.0731]  151.6s
Epoch 108/200  train[tot=3.0885 1a=2.9073 1b=0.0655 seg=0.1158]  val[tot=2.4786 1a=2.3813 1b=0.0271 seg=0.0701]  151.6s
Epoch 109/200  train[tot=3.0651 1a=2.9070 1b=0.0615 seg=0.0966]  val[tot=2.4792 1a=2.3844 1b=0.0242 seg=0.0706]  151.8s
Epoch 110/200  train[tot=3.0821 1a=2.9056 1b=0.0644 seg=0.1121]  val[tot=2.4789 1a=2.3799 1b=0.0261 seg=0.0729]  151.8s
  → checkpoint sauvegardé : /home/rousseau/Exp/lisa2026/outputs/checkpoints/epoch_0110.pt
  [viz] Loss curves → /home/rousseau/Exp/lisa2026/results/plots/loss_curves.png
  [viz] Task1a confusion → /home/rousseau/Exp/lisa2026/results/plots/task1a_confusion_ep0110.png
  [viz] Task1b samples → /home/rousseau/Exp/lisa2026/results/plots/task1b_samples_ep0110.png
  [viz] Task2 samples → /home/rousseau/Exp/lisa2026/results/plots/task2_seg_ep0110.png
Epoch 111/200  train[tot=3.1048 1a=2.9198 1b=0.0672 seg=0.1178]  val[tot=2.4878 1a=2.3777 1b=0.0404 seg=0.0697]  151.7s
Epoch 112/200  train[tot=3.0832 1a=2.9100 1b=0.0653 seg=0.1080]  val[tot=2.4767 1a=2.3820 1b=0.0263 seg=0.0683]  151.7s
Epoch 113/200  train[tot=3.0202 1a=2.8422 1b=0.0665 seg=0.1115]  val[tot=2.4769 1a=2.3765 1b=0.0305 seg=0.0700]  150.8s
Epoch 114/200  train[tot=3.0331 1a=2.8632 1b=0.0645 seg=0.1054]  val[tot=2.4712 1a=2.3752 1b=0.0263 seg=0.0697]  150.8s
Epoch 115/200  train[tot=3.0785 1a=2.9015 1b=0.0661 seg=0.1109]  val[tot=2.4815 1a=2.3847 1b=0.0281 seg=0.0687]  151.1s
Epoch 116/200  train[tot=3.1074 1a=2.9316 1b=0.0683 seg=0.1076]  val[tot=2.4731 1a=2.3772 1b=0.0265 seg=0.0693]  151.1s
Epoch 117/200  train[tot=3.0592 1a=2.8921 1b=0.0609 seg=0.1062]  val[tot=2.4743 1a=2.3802 1b=0.0260 seg=0.0681]  151.2s
Epoch 118/200  train[tot=3.0521 1a=2.8856 1b=0.0618 seg=0.1047]  val[tot=2.4860 1a=2.3879 1b=0.0291 seg=0.0690]  150.6s
Epoch 119/200  train[tot=3.0857 1a=2.9121 1b=0.0641 seg=0.1095]  val[tot=2.4734 1a=2.3794 1b=0.0243 seg=0.0697]  150.7s
Epoch 120/200  train[tot=3.0388 1a=2.8702 1b=0.0664 seg=0.1022]  val[tot=2.4727 1a=2.3741 1b=0.0281 seg=0.0705]  150.6s
  → checkpoint sauvegardé : /home/rousseau/Exp/lisa2026/outputs/checkpoints/epoch_0120.pt
  → best model (val 1a=2.3741) sauvegardé : /home/rousseau/Exp/lisa2026/outputs/checkpoints/best_model.pt
  [viz] Loss curves → /home/rousseau/Exp/lisa2026/results/plots/loss_curves.png
  [viz] Task1a confusion → /home/rousseau/Exp/lisa2026/results/plots/task1a_confusion_ep0120.png
  [viz] Task1b samples → /home/rousseau/Exp/lisa2026/results/plots/task1b_samples_ep0120.png
  [viz] Task2 samples → /home/rousseau/Exp/lisa2026/results/plots/task2_seg_ep0120.png
Epoch 121/200  train[tot=3.0451 1a=2.8819 1b=0.0614 seg=0.1019]  val[tot=2.4720 1a=2.3755 1b=0.0277 seg=0.0687]  150.7s
Epoch 122/200  train[tot=3.0536 1a=2.8862 1b=0.0586 seg=0.1089]  val[tot=2.4733 1a=2.3778 1b=0.0281 seg=0.0674]  150.9s
Epoch 123/200  train[tot=3.0842 1a=2.9163 1b=0.0672 seg=0.1007]  val[tot=2.4737 1a=2.3783 1b=0.0282 seg=0.0672]  151.1s
Epoch 124/200  train[tot=3.0794 1a=2.9055 1b=0.0672 seg=0.1067]  val[tot=2.4786 1a=2.3817 1b=0.0281 seg=0.0688]  151.0s
Epoch 125/200  train[tot=3.0258 1a=2.8583 1b=0.0638 seg=0.1037]  val[tot=2.4804 1a=2.3808 1b=0.0298 seg=0.0698]  150.8s
Epoch 126/200  train[tot=3.0810 1a=2.9134 1b=0.0631 seg=0.1044]  val[tot=2.4745 1a=2.3763 1b=0.0289 seg=0.0693]  151.1s
Epoch 127/200  train[tot=3.0369 1a=2.8610 1b=0.0662 seg=0.1097]  val[tot=2.4693 1a=2.3754 1b=0.0261 seg=0.0677]  151.0s
Epoch 128/200  train[tot=3.0391 1a=2.8742 1b=0.0622 seg=0.1027]  val[tot=2.4729 1a=2.3756 1b=0.0289 seg=0.0684]  150.9s
Epoch 129/200  train[tot=3.0279 1a=2.8682 1b=0.0622 seg=0.0976]  val[tot=2.4699 1a=2.3737 1b=0.0255 seg=0.0706]  150.7s
  → best model (val 1a=2.3737) sauvegardé : /home/rousseau/Exp/lisa2026/outputs/checkpoints/best_model.pt
Epoch 130/200  train[tot=3.0693 1a=2.8977 1b=0.0644 seg=0.1073]  val[tot=2.4826 1a=2.3831 1b=0.0318 seg=0.0677]  150.4s
  → checkpoint sauvegardé : /home/rousseau/Exp/lisa2026/outputs/checkpoints/epoch_0130.pt
  [viz] Loss curves → /home/rousseau/Exp/lisa2026/results/plots/loss_curves.png
  [viz] Task1a confusion → /home/rousseau/Exp/lisa2026/results/plots/task1a_confusion_ep0130.png
  [viz] Task1b samples → /home/rousseau/Exp/lisa2026/results/plots/task1b_samples_ep0130.png
  [viz] Task2 samples → /home/rousseau/Exp/lisa2026/results/plots/task2_seg_ep0130.png
Epoch 131/200  train[tot=3.0719 1a=2.9023 1b=0.0618 seg=0.1078]  val[tot=2.4767 1a=2.3794 1b=0.0292 seg=0.0682]  150.6s
Epoch 132/200  train[tot=3.0648 1a=2.9053 1b=0.0618 seg=0.0977]  val[tot=2.4819 1a=2.3837 1b=0.0287 seg=0.0695]  150.8s
Epoch 133/200  train[tot=3.0379 1a=2.8706 1b=0.0597 seg=0.1076]  val[tot=2.4801 1a=2.3786 1b=0.0337 seg=0.0679]  151.0s
Epoch 134/200  train[tot=3.0715 1a=2.9070 1b=0.0620 seg=0.1025]  val[tot=2.4741 1a=2.3754 1b=0.0307 seg=0.0680]  151.0s
Epoch 135/200  train[tot=3.0103 1a=2.8521 1b=0.0613 seg=0.0969]  val[tot=2.4675 1a=2.3759 1b=0.0245 seg=0.0672]  150.9s
Epoch 136/200  train[tot=3.0868 1a=2.9236 1b=0.0638 seg=0.0994]  val[tot=2.4743 1a=2.3781 1b=0.0281 seg=0.0681]  150.9s
Epoch 137/200  train[tot=3.0123 1a=2.8590 1b=0.0590 seg=0.0943]  val[tot=2.4745 1a=2.3764 1b=0.0319 seg=0.0662]  151.0s
Epoch 138/200  train[tot=3.0445 1a=2.8824 1b=0.0625 seg=0.0996]  val[tot=2.4693 1a=2.3723 1b=0.0267 seg=0.0703]  151.0s
  → best model (val 1a=2.3723) sauvegardé : /home/rousseau/Exp/lisa2026/outputs/checkpoints/best_model.pt
Epoch 139/200  train[tot=3.0770 1a=2.9130 1b=0.0592 seg=0.1049]  val[tot=2.4758 1a=2.3797 1b=0.0290 seg=0.0671]  151.0s
Epoch 140/200  train[tot=3.0250 1a=2.8606 1b=0.0640 seg=0.1004]  val[tot=2.4719 1a=2.3793 1b=0.0250 seg=0.0676]  150.9s
  → checkpoint sauvegardé : /home/rousseau/Exp/lisa2026/outputs/checkpoints/epoch_0140.pt
  [viz] Loss curves → /home/rousseau/Exp/lisa2026/results/plots/loss_curves.png
  [viz] Task1a confusion → /home/rousseau/Exp/lisa2026/results/plots/task1a_confusion_ep0140.png
  [viz] Task1b samples → /home/rousseau/Exp/lisa2026/results/plots/task1b_samples_ep0140.png
  [viz] Task2 samples → /home/rousseau/Exp/lisa2026/results/plots/task2_seg_ep0140.png
Epoch 141/200  train[tot=3.0462 1a=2.8764 1b=0.0638 seg=0.1060]  val[tot=2.4768 1a=2.3786 1b=0.0305 seg=0.0677]  150.7s
Epoch 142/200  train[tot=3.0215 1a=2.8639 1b=0.0600 seg=0.0976]  val[tot=2.4733 1a=2.3806 1b=0.0254 seg=0.0673]  150.8s
Epoch 143/200  train[tot=3.0369 1a=2.8750 1b=0.0637 seg=0.0981]  val[tot=2.4755 1a=2.3807 1b=0.0272 seg=0.0676]  150.8s
Epoch 144/200  train[tot=3.0711 1a=2.9014 1b=0.0637 seg=0.1061]  val[tot=2.4754 1a=2.3777 1b=0.0302 seg=0.0676]  150.7s
Epoch 145/200  train[tot=3.0262 1a=2.8765 1b=0.0590 seg=0.0907]  val[tot=2.4731 1a=2.3773 1b=0.0277 seg=0.0681]  150.2s
Epoch 146/200  train[tot=3.0192 1a=2.8588 1b=0.0623 seg=0.0980]  val[tot=2.4746 1a=2.3781 1b=0.0299 seg=0.0666]  150.3s
Epoch 147/200  train[tot=3.0579 1a=2.8933 1b=0.0651 seg=0.0995]  val[tot=2.4751 1a=2.3781 1b=0.0282 seg=0.0688]  150.5s
Epoch 148/200  train[tot=3.0471 1a=2.8853 1b=0.0607 seg=0.1011]  val[tot=2.4714 1a=2.3775 1b=0.0266 seg=0.0673]  150.6s
Epoch 149/200  train[tot=3.0789 1a=2.9213 1b=0.0596 seg=0.0980]  val[tot=2.4762 1a=2.3808 1b=0.0282 seg=0.0672]  150.7s
Epoch 150/200  train[tot=3.0581 1a=2.8975 1b=0.0622 seg=0.0984]  val[tot=2.4731 1a=2.3808 1b=0.0256 seg=0.0667]  150.6s
  → checkpoint sauvegardé : /home/rousseau/Exp/lisa2026/outputs/checkpoints/epoch_0150.pt
  [viz] Loss curves → /home/rousseau/Exp/lisa2026/results/plots/loss_curves.png
  [viz] Task1a confusion → /home/rousseau/Exp/lisa2026/results/plots/task1a_confusion_ep0150.png
  [viz] Task1b samples → /home/rousseau/Exp/lisa2026/results/plots/task1b_samples_ep0150.png
  [viz] Task2 samples → /home/rousseau/Exp/lisa2026/results/plots/task2_seg_ep0150.png
Epoch 151/200  train[tot=2.9859 1a=2.8422 1b=0.0597 seg=0.0840]  val[tot=2.4703 1a=2.3763 1b=0.0262 seg=0.0677]  150.1s
Epoch 152/200  train[tot=3.0660 1a=2.9072 1b=0.0620 seg=0.0968]  val[tot=2.4697 1a=2.3787 1b=0.0247 seg=0.0664]  150.2s
Epoch 153/200  train[tot=3.0720 1a=2.9159 1b=0.0594 seg=0.0967]  val[tot=2.4690 1a=2.3762 1b=0.0254 seg=0.0674]  150.2s
Epoch 154/200  train[tot=3.0890 1a=2.9287 1b=0.0626 seg=0.0977]  val[tot=2.4713 1a=2.3756 1b=0.0288 seg=0.0669]  150.1s
Epoch 155/200  train[tot=3.0681 1a=2.9115 1b=0.0629 seg=0.0937]  val[tot=2.4720 1a=2.3775 1b=0.0280 seg=0.0665]  150.0s
Epoch 156/200  train[tot=3.0555 1a=2.8950 1b=0.0596 seg=0.1010]  val[tot=2.4674 1a=2.3758 1b=0.0251 seg=0.0665]  150.2s
Epoch 157/200  train[tot=3.0672 1a=2.8998 1b=0.0614 seg=0.1060]  val[tot=2.4701 1a=2.3754 1b=0.0277 seg=0.0670]  150.0s
Epoch 158/200  train[tot=3.0545 1a=2.8946 1b=0.0607 seg=0.0992]  val[tot=2.4730 1a=2.3800 1b=0.0259 seg=0.0671]  150.2s
Epoch 159/200  train[tot=3.0588 1a=2.9039 1b=0.0596 seg=0.0952]  val[tot=2.4687 1a=2.3757 1b=0.0268 seg=0.0662]  150.1s
Epoch 160/200  train[tot=3.0522 1a=2.8966 1b=0.0609 seg=0.0947]  val[tot=2.4697 1a=2.3753 1b=0.0276 seg=0.0667]  150.1s
  → checkpoint sauvegardé : /home/rousseau/Exp/lisa2026/outputs/checkpoints/epoch_0160.pt
  [viz] Loss curves → /home/rousseau/Exp/lisa2026/results/plots/loss_curves.png
  [viz] Task1a confusion → /home/rousseau/Exp/lisa2026/results/plots/task1a_confusion_ep0160.png
  [viz] Task1b samples → /home/rousseau/Exp/lisa2026/results/plots/task1b_samples_ep0160.png
  [viz] Task2 samples → /home/rousseau/Exp/lisa2026/results/plots/task2_seg_ep0160.png
Epoch 161/200  train[tot=3.0436 1a=2.8947 1b=0.0581 seg=0.0908]  val[tot=2.4692 1a=2.3788 1b=0.0240 seg=0.0664]  150.0s
Epoch 162/200  train[tot=3.0413 1a=2.8860 1b=0.0626 seg=0.0927]  val[tot=2.4716 1a=2.3749 1b=0.0301 seg=0.0666]  150.1s
Epoch 163/200  train[tot=3.0527 1a=2.9062 1b=0.0591 seg=0.0874]  val[tot=2.4695 1a=2.3755 1b=0.0268 seg=0.0671]  150.2s
Epoch 164/200  train[tot=3.0449 1a=2.8958 1b=0.0605 seg=0.0887]  val[tot=2.4693 1a=2.3758 1b=0.0269 seg=0.0666]  150.1s
Epoch 165/200  train[tot=3.0250 1a=2.8750 1b=0.0600 seg=0.0900]  val[tot=2.4713 1a=2.3755 1b=0.0294 seg=0.0664]  150.0s
Epoch 166/200  train[tot=3.0459 1a=2.8907 1b=0.0600 seg=0.0952]  val[tot=2.4685 1a=2.3738 1b=0.0279 seg=0.0669]  150.5s
Epoch 167/200  train[tot=3.0409 1a=2.8933 1b=0.0593 seg=0.0883]  val[tot=2.4699 1a=2.3752 1b=0.0277 seg=0.0670]  150.5s
Epoch 168/200  train[tot=3.0716 1a=2.9155 1b=0.0617 seg=0.0944]  val[tot=2.4683 1a=2.3775 1b=0.0239 seg=0.0670]  150.6s
  [early stopping] aucune amélioration val task1a depuis 30 époques. Arrêt à epoch 168.
Entraînement terminé.
