/home/rousseau/miniforge3/lib/python3.13/site-packages/torch/cuda/__init__.py:435: UserWarning: 
    Found GPU0 NVIDIA GB10 which is of cuda capability 12.1.
    Minimum and Maximum cuda capability supported by this version of PyTorch is
    (8.0) - (12.0)
    
  queued_call()
Config      : configs/train_default.yaml
Device      : cuda
Target size : (96, 96, 96)
Base ch     : 32  (bottleneck=512ch, feat=32ch)
Debug mode  : False
Train : 608 items | Val : 98 items
Task 1a class weights (sévérité, moyennés sur artefacts) :
  Noise         sev0=0.45  sev1=1.51  sev2=1.04  art_w=0.78
  Zipper        sev0=0.46  sev1=0.56  sev2=1.98  art_w=0.40
  Positioning   sev0=0.44  sev1=0.96  sev2=1.60  art_w=1.06
  Banding       sev0=0.43  sev1=1.81  sev2=0.76  art_w=3.50
  Motion        sev0=0.47  sev1=1.14  sev2=1.38  art_w=0.40
  Contrast      sev0=0.46  sev1=0.46  sev2=2.09  art_w=0.36
  Distortion    sev0=0.46  sev1=0.94  sev2=1.60  art_w=0.49
Paramètres  : 24,444,772
Epoch   1/200  train[tot=1.2708 1a=0.5515 1b=0.1368 seg=0.5824]  val[tot=0.8785 1a=0.4514 1b=0.0716 seg=0.3555]  195.3s
  → best model (val 1a=0.4514) sauvegardé : /home/rousseau/Exp/lisa2026/outputs/checkpoints/best_model.pt
Epoch   2/200  train[tot=1.2378 1a=0.5301 1b=0.1228 seg=0.5850]  val[tot=0.8368 1a=0.4481 1b=0.0648 seg=0.3238]  194.4s
  → best model (val 1a=0.4481) sauvegardé : /home/rousseau/Exp/lisa2026/outputs/checkpoints/best_model.pt
Epoch   3/200  train[tot=1.1337 1a=0.5284 1b=0.1069 seg=0.4984]  val[tot=0.8239 1a=0.4498 1b=0.0770 seg=0.2971]  194.3s
Epoch   4/200  train[tot=1.0934 1a=0.5282 1b=0.1080 seg=0.4572]  val[tot=0.7945 1a=0.4472 1b=0.0760 seg=0.2713]  194.9s
  → best model (val 1a=0.4472) sauvegardé : /home/rousseau/Exp/lisa2026/outputs/checkpoints/best_model.pt
Epoch   5/200  train[tot=1.0506 1a=0.5367 1b=0.0864 seg=0.4275]  val[tot=0.7398 1a=0.4466 1b=0.0444 seg=0.2488]  195.0s
  → best model (val 1a=0.4466) sauvegardé : /home/rousseau/Exp/lisa2026/outputs/checkpoints/best_model.pt
Epoch   6/200  train[tot=1.0067 1a=0.5280 1b=0.0830 seg=0.3957]  val[tot=0.7231 1a=0.4451 1b=0.0461 seg=0.2319]  194.3s
  → best model (val 1a=0.4451) sauvegardé : /home/rousseau/Exp/lisa2026/outputs/checkpoints/best_model.pt
Epoch   7/200  train[tot=1.0044 1a=0.5298 1b=0.0873 seg=0.3872]  val[tot=0.7159 1a=0.4441 1b=0.0549 seg=0.2169]  194.0s
  → best model (val 1a=0.4441) sauvegardé : /home/rousseau/Exp/lisa2026/outputs/checkpoints/best_model.pt
Epoch   8/200  train[tot=0.9492 1a=0.5221 1b=0.0785 seg=0.3486]  val[tot=0.6995 1a=0.4466 1b=0.0466 seg=0.2063]  194.1s
Epoch   9/200  train[tot=0.9400 1a=0.5223 1b=0.0763 seg=0.3415]  val[tot=0.6774 1a=0.4446 1b=0.0340 seg=0.1988]  194.2s
Epoch  10/200  train[tot=0.9379 1a=0.5305 1b=0.0790 seg=0.3284]  val[tot=0.6772 1a=0.4462 1b=0.0387 seg=0.1923]  194.4s
  → checkpoint sauvegardé : /home/rousseau/Exp/lisa2026/outputs/checkpoints/epoch_0010.pt
Epoch  11/200  train[tot=0.9313 1a=0.5269 1b=0.0765 seg=0.3279]  val[tot=0.6621 1a=0.4415 1b=0.0325 seg=0.1881]  194.4s
  → best model (val 1a=0.4415) sauvegardé : /home/rousseau/Exp/lisa2026/outputs/checkpoints/best_model.pt
Epoch  12/200  train[tot=0.9024 1a=0.5154 1b=0.0811 seg=0.3059]  val[tot=0.6686 1a=0.4500 1b=0.0350 seg=0.1836]  194.1s
Epoch  13/200  train[tot=0.9013 1a=0.5202 1b=0.0728 seg=0.3083]  val[tot=0.6617 1a=0.4437 1b=0.0373 seg=0.1807]  194.3s
Epoch  14/200  train[tot=0.9095 1a=0.5251 1b=0.0726 seg=0.3119]  val[tot=0.6652 1a=0.4458 1b=0.0399 seg=0.1794]  194.2s
Epoch  15/200  train[tot=0.9044 1a=0.5225 1b=0.0736 seg=0.3083]  val[tot=0.6677 1a=0.4422 1b=0.0485 seg=0.1771]  194.6s
Epoch  16/200  train[tot=0.8926 1a=0.5237 1b=0.0653 seg=0.3036]  val[tot=0.6650 1a=0.4474 1b=0.0435 seg=0.1741]  195.3s
Epoch  17/200  train[tot=0.8832 1a=0.5204 1b=0.0670 seg=0.2958]  val[tot=0.6501 1a=0.4397 1b=0.0375 seg=0.1729]  195.2s
  → best model (val 1a=0.4397) sauvegardé : /home/rousseau/Exp/lisa2026/outputs/checkpoints/best_model.pt
Epoch  18/200  train[tot=0.8915 1a=0.5228 1b=0.0678 seg=0.3009]  val[tot=0.6415 1a=0.4445 1b=0.0243 seg=0.1727]  195.1s
Epoch  19/200  train[tot=0.8866 1a=0.5102 1b=0.0706 seg=0.3059]  val[tot=0.6485 1a=0.4407 1b=0.0371 seg=0.1706]  195.2s
Epoch  20/200  train[tot=0.8710 1a=0.5162 1b=0.0671 seg=0.2876]  val[tot=0.6287 1a=0.4398 1b=0.0210 seg=0.1679]  194.3s
  → checkpoint sauvegardé : /home/rousseau/Exp/lisa2026/outputs/checkpoints/epoch_0020.pt
Epoch  21/200  train[tot=0.8528 1a=0.5275 1b=0.0686 seg=0.2567]  val[tot=0.6365 1a=0.4423 1b=0.0294 seg=0.1648]  194.3s
Epoch  22/200  train[tot=0.8713 1a=0.5149 1b=0.0619 seg=0.2946]  val[tot=0.6426 1a=0.4429 1b=0.0356 seg=0.1642]  194.2s
Epoch  23/200  train[tot=0.8728 1a=0.5209 1b=0.0640 seg=0.2879]  val[tot=0.6260 1a=0.4436 1b=0.0245 seg=0.1579]  194.3s
Epoch  24/200  train[tot=0.8225 1a=0.5162 1b=0.0677 seg=0.2386]  val[tot=0.6365 1a=0.4415 1b=0.0393 seg=0.1558]  194.1s
Epoch  25/200  train[tot=0.8452 1a=0.5086 1b=0.0668 seg=0.2698]  val[tot=0.6229 1a=0.4408 1b=0.0323 seg=0.1498]  194.9s
Epoch  26/200  train[tot=0.8376 1a=0.5116 1b=0.0657 seg=0.2603]  val[tot=0.6145 1a=0.4439 1b=0.0222 seg=0.1485]  195.1s
Epoch  27/200  train[tot=0.8460 1a=0.5181 1b=0.0598 seg=0.2681]  val[tot=0.6066 1a=0.4385 1b=0.0268 seg=0.1412]  195.2s
  → best model (val 1a=0.4385) sauvegardé : /home/rousseau/Exp/lisa2026/outputs/checkpoints/best_model.pt
Epoch  28/200  train[tot=0.8332 1a=0.5119 1b=0.0630 seg=0.2583]  val[tot=0.5999 1a=0.4412 1b=0.0205 seg=0.1383]  195.1s
Epoch  29/200  train[tot=0.8106 1a=0.5080 1b=0.0606 seg=0.2420]  val[tot=0.6146 1a=0.4459 1b=0.0262 seg=0.1424]  194.5s
Epoch  30/200  train[tot=0.8129 1a=0.5121 1b=0.0665 seg=0.2342]  val[tot=0.6079 1a=0.4468 1b=0.0203 seg=0.1409]  195.0s
  → checkpoint sauvegardé : /home/rousseau/Exp/lisa2026/outputs/checkpoints/epoch_0030.pt
Epoch  31/200  train[tot=0.8012 1a=0.5029 1b=0.0619 seg=0.2363]  val[tot=0.5988 1a=0.4427 1b=0.0262 seg=0.1298]  195.1s
Epoch  32/200  train[tot=0.7932 1a=0.5113 1b=0.0600 seg=0.2219]  val[tot=0.5937 1a=0.4395 1b=0.0178 seg=0.1364]  194.8s
Epoch  33/200  train[tot=0.7915 1a=0.5123 1b=0.0641 seg=0.2151]  val[tot=0.5853 1a=0.4417 1b=0.0211 seg=0.1225]  194.2s
Epoch  34/200  train[tot=0.7773 1a=0.5094 1b=0.0664 seg=0.2016]  val[tot=0.5827 1a=0.4424 1b=0.0225 seg=0.1178]  194.4s
Epoch  35/200  train[tot=0.7884 1a=0.5087 1b=0.0608 seg=0.2189]  val[tot=0.5686 1a=0.4405 1b=0.0191 seg=0.1089]  194.3s
Epoch  36/200  train[tot=0.7699 1a=0.5012 1b=0.0596 seg=0.2092]  val[tot=0.5706 1a=0.4437 1b=0.0190 seg=0.1079]  194.8s
Epoch  37/200  train[tot=0.7750 1a=0.4990 1b=0.0656 seg=0.2104]  val[tot=0.5678 1a=0.4410 1b=0.0180 seg=0.1087]  194.8s
Epoch  38/200  train[tot=0.7335 1a=0.4990 1b=0.0573 seg=0.1772]  val[tot=0.5653 1a=0.4387 1b=0.0182 seg=0.1083]  194.9s
Epoch  39/200  train[tot=0.7405 1a=0.4920 1b=0.0525 seg=0.1960]  val[tot=0.5589 1a=0.4392 1b=0.0179 seg=0.1018]  195.2s
Epoch  40/200  train[tot=0.7354 1a=0.4945 1b=0.0545 seg=0.1864]  val[tot=0.5592 1a=0.4374 1b=0.0184 seg=0.1034]  194.8s
  → checkpoint sauvegardé : /home/rousseau/Exp/lisa2026/outputs/checkpoints/epoch_0040.pt
  → best model (val 1a=0.4374) sauvegardé : /home/rousseau/Exp/lisa2026/outputs/checkpoints/best_model.pt
Epoch  41/200  train[tot=0.7338 1a=0.4936 1b=0.0523 seg=0.1879]  val[tot=0.5629 1a=0.4378 1b=0.0193 seg=0.1059]  194.9s
Epoch  42/200  train[tot=0.7326 1a=0.4942 1b=0.0571 seg=0.1813]  val[tot=0.5552 1a=0.4424 1b=0.0172 seg=0.0956]  195.0s
Epoch  43/200  train[tot=0.7562 1a=0.4956 1b=0.0582 seg=0.2024]  val[tot=0.5606 1a=0.4421 1b=0.0210 seg=0.0975]  195.1s
Epoch  44/200  train[tot=0.7220 1a=0.4905 1b=0.0542 seg=0.1773]  val[tot=0.5543 1a=0.4380 1b=0.0205 seg=0.0958]  195.1s
Epoch  45/200  train[tot=0.7036 1a=0.4922 1b=0.0564 seg=0.1551]  val[tot=0.5534 1a=0.4359 1b=0.0232 seg=0.0943]  195.3s
  → best model (val 1a=0.4359) sauvegardé : /home/rousseau/Exp/lisa2026/outputs/checkpoints/best_model.pt
Epoch  46/200  train[tot=0.7204 1a=0.4774 1b=0.0570 seg=0.1860]  val[tot=0.5528 1a=0.4415 1b=0.0193 seg=0.0919]  195.1s
Epoch  47/200  train[tot=0.7000 1a=0.4834 1b=0.0514 seg=0.1652]  val[tot=0.5477 1a=0.4363 1b=0.0190 seg=0.0925]  195.1s
Epoch  48/200  train[tot=0.7199 1a=0.4819 1b=0.0577 seg=0.1802]  val[tot=0.5607 1a=0.4366 1b=0.0308 seg=0.0933]  194.2s
Epoch  49/200  train[tot=0.7023 1a=0.4825 1b=0.0553 seg=0.1645]  val[tot=0.5428 1a=0.4344 1b=0.0154 seg=0.0929]  194.8s
  → best model (val 1a=0.4344) sauvegardé : /home/rousseau/Exp/lisa2026/outputs/checkpoints/best_model.pt
Epoch  50/200  train[tot=0.7169 1a=0.4862 1b=0.0554 seg=0.1753]  val[tot=0.5643 1a=0.4444 1b=0.0281 seg=0.0918]  194.9s
  → checkpoint sauvegardé : /home/rousseau/Exp/lisa2026/outputs/checkpoints/epoch_0050.pt
Epoch  51/200  train[tot=0.7036 1a=0.4774 1b=0.0560 seg=0.1701]  val[tot=0.5456 1a=0.4415 1b=0.0158 seg=0.0883]  194.9s
Epoch  52/200  train[tot=0.6916 1a=0.4815 1b=0.0514 seg=0.1586]  val[tot=0.5408 1a=0.4366 1b=0.0165 seg=0.0877]  194.8s
Epoch  53/200  train[tot=0.6949 1a=0.4757 1b=0.0574 seg=0.1618]  val[tot=0.5358 1a=0.4313 1b=0.0195 seg=0.0850]  194.4s
  → best model (val 1a=0.4313) sauvegardé : /home/rousseau/Exp/lisa2026/outputs/checkpoints/best_model.pt
Epoch  54/200  train[tot=0.6745 1a=0.4754 1b=0.0537 seg=0.1454]  val[tot=0.5383 1a=0.4319 1b=0.0179 seg=0.0885]  194.4s
Epoch  55/200  train[tot=0.7108 1a=0.4816 1b=0.0540 seg=0.1752]  val[tot=0.5326 1a=0.4307 1b=0.0150 seg=0.0869]  193.9s
  → best model (val 1a=0.4307) sauvegardé : /home/rousseau/Exp/lisa2026/outputs/checkpoints/best_model.pt
Epoch  56/200  train[tot=0.7035 1a=0.4752 1b=0.0595 seg=0.1688]  val[tot=0.5390 1a=0.4329 1b=0.0202 seg=0.0859]  193.7s
Epoch  57/200  train[tot=0.6866 1a=0.4781 1b=0.0568 seg=0.1517]  val[tot=0.5363 1a=0.4333 1b=0.0171 seg=0.0858]  193.7s
Epoch  58/200  train[tot=0.6784 1a=0.4726 1b=0.0595 seg=0.1463]  val[tot=0.5533 1a=0.4387 1b=0.0189 seg=0.0957]  193.6s
Epoch  59/200  train[tot=0.6973 1a=0.4738 1b=0.0597 seg=0.1637]  val[tot=0.5424 1a=0.4325 1b=0.0226 seg=0.0872]  193.5s
Epoch  60/200  train[tot=0.6761 1a=0.4722 1b=0.0513 seg=0.1525]  val[tot=0.5389 1a=0.4344 1b=0.0194 seg=0.0852]  193.3s
  → checkpoint sauvegardé : /home/rousseau/Exp/lisa2026/outputs/checkpoints/epoch_0060.pt
Epoch  61/200  train[tot=0.6932 1a=0.4769 1b=0.0533 seg=0.1630]  val[tot=0.5328 1a=0.4299 1b=0.0178 seg=0.0852]  193.4s
  → best model (val 1a=0.4299) sauvegardé : /home/rousseau/Exp/lisa2026/outputs/checkpoints/best_model.pt
Epoch  62/200  train[tot=0.6717 1a=0.4741 1b=0.0545 seg=0.1431]  val[tot=0.5506 1a=0.4371 1b=0.0204 seg=0.0931]  193.6s
Epoch  63/200  train[tot=0.6667 1a=0.4708 1b=0.0503 seg=0.1456]  val[tot=0.5378 1a=0.4353 1b=0.0202 seg=0.0824]  193.5s
Epoch  64/200  train[tot=0.6706 1a=0.4704 1b=0.0557 seg=0.1445]  val[tot=0.5346 1a=0.4337 1b=0.0165 seg=0.0844]  193.6s
Epoch  65/200  train[tot=0.6677 1a=0.4686 1b=0.0531 seg=0.1460]  val[tot=0.5445 1a=0.4351 1b=0.0176 seg=0.0918]  193.7s
Epoch  66/200  train[tot=0.6652 1a=0.4616 1b=0.0518 seg=0.1519]  val[tot=0.5336 1a=0.4344 1b=0.0183 seg=0.0809]  194.4s
Epoch  67/200  train[tot=0.6767 1a=0.4740 1b=0.0493 seg=0.1533]  val[tot=0.5317 1a=0.4260 1b=0.0199 seg=0.0858]  194.1s
  → best model (val 1a=0.4260) sauvegardé : /home/rousseau/Exp/lisa2026/outputs/checkpoints/best_model.pt
Epoch  68/200  train[tot=0.6709 1a=0.4593 1b=0.0597 seg=0.1520]  val[tot=0.5259 1a=0.4267 1b=0.0181 seg=0.0812]  194.0s
Epoch  69/200  train[tot=0.6590 1a=0.4627 1b=0.0541 seg=0.1422]  val[tot=0.5231 1a=0.4275 1b=0.0148 seg=0.0808]  194.2s
Epoch  70/200  train[tot=0.6492 1a=0.4603 1b=0.0487 seg=0.1402]  val[tot=0.5257 1a=0.4295 1b=0.0160 seg=0.0802]  194.5s
  → checkpoint sauvegardé : /home/rousseau/Exp/lisa2026/outputs/checkpoints/epoch_0070.pt
Epoch  71/200  train[tot=0.6639 1a=0.4656 1b=0.0493 seg=0.1490]  val[tot=0.5318 1a=0.4300 1b=0.0182 seg=0.0836]  194.3s
Epoch  72/200  train[tot=0.6558 1a=0.4623 1b=0.0513 seg=0.1423]  val[tot=0.5267 1a=0.4299 1b=0.0151 seg=0.0817]  194.4s
Epoch  73/200  train[tot=0.6504 1a=0.4638 1b=0.0506 seg=0.1360]  val[tot=0.5233 1a=0.4234 1b=0.0171 seg=0.0828]  193.7s
  → best model (val 1a=0.4234) sauvegardé : /home/rousseau/Exp/lisa2026/outputs/checkpoints/best_model.pt
Epoch  74/200  train[tot=0.6474 1a=0.4579 1b=0.0507 seg=0.1388]  val[tot=0.5196 1a=0.4314 1b=0.0136 seg=0.0746]  193.3s
Epoch  75/200  train[tot=0.6541 1a=0.4635 1b=0.0525 seg=0.1381]  val[tot=0.5187 1a=0.4288 1b=0.0143 seg=0.0756]  193.4s
Epoch  76/200  train[tot=0.6471 1a=0.4638 1b=0.0509 seg=0.1324]  val[tot=0.5250 1a=0.4284 1b=0.0215 seg=0.0752]  193.7s
Epoch  77/200  train[tot=0.6415 1a=0.4498 1b=0.0487 seg=0.1430]  val[tot=0.5209 1a=0.4299 1b=0.0165 seg=0.0745]  194.3s
Epoch  78/200  train[tot=0.6502 1a=0.4624 1b=0.0483 seg=0.1395]  val[tot=0.5129 1a=0.4248 1b=0.0139 seg=0.0742]  194.4s
Epoch  79/200  train[tot=0.6412 1a=0.4551 1b=0.0524 seg=0.1337]  val[tot=0.5220 1a=0.4255 1b=0.0220 seg=0.0744]  194.2s
Epoch  80/200  train[tot=0.6383 1a=0.4530 1b=0.0524 seg=0.1329]  val[tot=0.5202 1a=0.4309 1b=0.0199 seg=0.0694]  194.2s
  → checkpoint sauvegardé : /home/rousseau/Exp/lisa2026/outputs/checkpoints/epoch_0080.pt
Epoch  81/200  train[tot=0.6228 1a=0.4541 1b=0.0439 seg=0.1248]  val[tot=0.5165 1a=0.4329 1b=0.0159 seg=0.0677]  193.9s
Epoch  82/200  train[tot=0.6362 1a=0.4539 1b=0.0509 seg=0.1314]  val[tot=0.5202 1a=0.4302 1b=0.0207 seg=0.0693]  194.1s
Epoch  83/200  train[tot=0.6282 1a=0.4514 1b=0.0497 seg=0.1270]  val[tot=0.5129 1a=0.4240 1b=0.0203 seg=0.0685]  194.5s
Epoch  84/200  train[tot=0.6336 1a=0.4514 1b=0.0557 seg=0.1265]  val[tot=0.5111 1a=0.4229 1b=0.0128 seg=0.0754]  194.6s
  → best model (val 1a=0.4229) sauvegardé : /home/rousseau/Exp/lisa2026/outputs/checkpoints/best_model.pt
Epoch  85/200  train[tot=0.6289 1a=0.4463 1b=0.0493 seg=0.1333]  val[tot=0.5130 1a=0.4275 1b=0.0159 seg=0.0696]  194.4s
Epoch  86/200  train[tot=0.6067 1a=0.4463 1b=0.0516 seg=0.1088]  val[tot=0.5060 1a=0.4248 1b=0.0158 seg=0.0655]  193.4s
Epoch  87/200  train[tot=0.6250 1a=0.4471 1b=0.0527 seg=0.1252]  val[tot=0.5153 1a=0.4265 1b=0.0143 seg=0.0745]  194.1s
Epoch  88/200  train[tot=0.5970 1a=0.4345 1b=0.0458 seg=0.1168]  val[tot=0.5038 1a=0.4209 1b=0.0182 seg=0.0647]  194.1s
  → best model (val 1a=0.4209) sauvegardé : /home/rousseau/Exp/lisa2026/outputs/checkpoints/best_model.pt
Epoch  89/200  train[tot=0.6175 1a=0.4428 1b=0.0454 seg=0.1293]  val[tot=0.5036 1a=0.4220 1b=0.0142 seg=0.0674]  194.2s
Epoch  90/200  train[tot=0.6095 1a=0.4436 1b=0.0532 seg=0.1127]  val[tot=0.5101 1a=0.4257 1b=0.0163 seg=0.0681]  194.1s
  → checkpoint sauvegardé : /home/rousseau/Exp/lisa2026/outputs/checkpoints/epoch_0090.pt
Epoch  91/200  train[tot=0.5946 1a=0.4354 1b=0.0498 seg=0.1093]  val[tot=0.5048 1a=0.4235 1b=0.0149 seg=0.0664]  193.5s
Epoch  92/200  train[tot=0.6061 1a=0.4391 1b=0.0478 seg=0.1192]  val[tot=0.5053 1a=0.4281 1b=0.0124 seg=0.0647]  194.0s
Epoch  93/200  train[tot=0.5945 1a=0.4324 1b=0.0485 seg=0.1135]  val[tot=0.5074 1a=0.4220 1b=0.0135 seg=0.0718]  194.1s
Epoch  94/200  train[tot=0.6061 1a=0.4418 1b=0.0481 seg=0.1163]  val[tot=0.5059 1a=0.4247 1b=0.0134 seg=0.0678]  193.4s
Epoch  95/200  train[tot=0.5943 1a=0.4320 1b=0.0498 seg=0.1125]  val[tot=0.5054 1a=0.4261 1b=0.0130 seg=0.0663]  194.0s
Epoch  96/200  train[tot=0.6072 1a=0.4372 1b=0.0484 seg=0.1216]  val[tot=0.5116 1a=0.4250 1b=0.0215 seg=0.0651]  194.0s
Epoch  97/200  train[tot=0.5915 1a=0.4301 1b=0.0476 seg=0.1139]  val[tot=0.5129 1a=0.4334 1b=0.0151 seg=0.0643]  194.2s
Epoch  98/200  train[tot=0.5889 1a=0.4361 1b=0.0510 seg=0.1019]  val[tot=0.5100 1a=0.4314 1b=0.0138 seg=0.0648]  194.2s
Epoch  99/200  train[tot=0.5952 1a=0.4356 1b=0.0466 seg=0.1130]  val[tot=0.5076 1a=0.4277 1b=0.0137 seg=0.0661]  194.4s
Epoch 100/200  train[tot=0.5908 1a=0.4305 1b=0.0429 seg=0.1174]  val[tot=0.5076 1a=0.4288 1b=0.0150 seg=0.0638]  194.2s
  → checkpoint sauvegardé : /home/rousseau/Exp/lisa2026/outputs/checkpoints/epoch_0100.pt
Epoch 101/200  train[tot=0.5923 1a=0.4287 1b=0.0443 seg=0.1193]  val[tot=0.5043 1a=0.4225 1b=0.0142 seg=0.0677]  194.2s
Epoch 102/200  train[tot=0.5954 1a=0.4285 1b=0.0492 seg=0.1177]  val[tot=0.5040 1a=0.4257 1b=0.0144 seg=0.0639]  194.1s
Epoch 103/200  train[tot=0.5899 1a=0.4297 1b=0.0491 seg=0.1111]  val[tot=0.5036 1a=0.4261 1b=0.0125 seg=0.0650]  194.2s
Epoch 104/200  train[tot=0.5903 1a=0.4270 1b=0.0542 seg=0.1091]  val[tot=0.5002 1a=0.4240 1b=0.0131 seg=0.0631]  194.0s
Epoch 105/200  train[tot=0.5865 1a=0.4267 1b=0.0466 seg=0.1133]  val[tot=0.5044 1a=0.4298 1b=0.0127 seg=0.0620]  194.1s
Epoch 106/200  train[tot=0.5729 1a=0.4191 1b=0.0446 seg=0.1092]  val[tot=0.4986 1a=0.4226 1b=0.0123 seg=0.0637]  194.2s
Epoch 107/200  train[tot=0.5882 1a=0.4253 1b=0.0479 seg=0.1151]  val[tot=0.5055 1a=0.4259 1b=0.0158 seg=0.0638]  194.1s
Epoch 108/200  train[tot=0.5824 1a=0.4295 1b=0.0489 seg=0.1041]  val[tot=0.4982 1a=0.4239 1b=0.0123 seg=0.0619]  194.2s
Epoch 109/200  train[tot=0.5840 1a=0.4290 1b=0.0469 seg=0.1080]  val[tot=0.5057 1a=0.4275 1b=0.0150 seg=0.0632]  194.1s
Epoch 110/200  train[tot=0.5699 1a=0.4234 1b=0.0467 seg=0.0998]  val[tot=0.4956 1a=0.4207 1b=0.0117 seg=0.0632]  194.2s
  → checkpoint sauvegardé : /home/rousseau/Exp/lisa2026/outputs/checkpoints/epoch_0110.pt
  → best model (val 1a=0.4207) sauvegardé : /home/rousseau/Exp/lisa2026/outputs/checkpoints/best_model.pt
Epoch 111/200  train[tot=0.5798 1a=0.4201 1b=0.0479 seg=0.1118]  val[tot=0.5051 1a=0.4241 1b=0.0184 seg=0.0626]  194.2s
Epoch 112/200  train[tot=0.5804 1a=0.4210 1b=0.0459 seg=0.1135]  val[tot=0.5033 1a=0.4252 1b=0.0146 seg=0.0635]  194.1s
Epoch 113/200  train[tot=0.5670 1a=0.4171 1b=0.0457 seg=0.1042]  val[tot=0.5019 1a=0.4254 1b=0.0139 seg=0.0626]  194.1s
Epoch 114/200  train[tot=0.5666 1a=0.4186 1b=0.0459 seg=0.1021]  val[tot=0.5078 1a=0.4305 1b=0.0116 seg=0.0657]  193.8s
Epoch 115/200  train[tot=0.5731 1a=0.4243 1b=0.0428 seg=0.1060]  val[tot=0.5049 1a=0.4277 1b=0.0150 seg=0.0622]  194.2s
Epoch 116/200  train[tot=0.5768 1a=0.4205 1b=0.0470 seg=0.1092]  val[tot=0.5021 1a=0.4254 1b=0.0131 seg=0.0636]  194.4s
Epoch 117/200  train[tot=0.5595 1a=0.4140 1b=0.0426 seg=0.1030]  val[tot=0.5028 1a=0.4266 1b=0.0138 seg=0.0624]  194.1s
Epoch 118/200  train[tot=0.5620 1a=0.4146 1b=0.0470 seg=0.1003]  val[tot=0.4955 1a=0.4207 1b=0.0127 seg=0.0621]  194.1s
  → best model (val 1a=0.4207) sauvegardé : /home/rousseau/Exp/lisa2026/outputs/checkpoints/best_model.pt
Epoch 119/200  train[tot=0.5629 1a=0.4148 1b=0.0444 seg=0.1038]  val[tot=0.4992 1a=0.4259 1b=0.0118 seg=0.0615]  194.2s
Epoch 120/200  train[tot=0.5682 1a=0.4140 1b=0.0454 seg=0.1087]  val[tot=0.5016 1a=0.4252 1b=0.0148 seg=0.0617]  194.2s
  → checkpoint sauvegardé : /home/rousseau/Exp/lisa2026/outputs/checkpoints/epoch_0120.pt
Epoch 121/200  train[tot=0.5508 1a=0.4117 1b=0.0419 seg=0.0972]  val[tot=0.4945 1a=0.4192 1b=0.0132 seg=0.0622]  194.1s
  → best model (val 1a=0.4192) sauvegardé : /home/rousseau/Exp/lisa2026/outputs/checkpoints/best_model.pt
Epoch 122/200  train[tot=0.5539 1a=0.4101 1b=0.0452 seg=0.0985]  val[tot=0.4980 1a=0.4233 1b=0.0120 seg=0.0627]  194.2s
Epoch 123/200  train[tot=0.5539 1a=0.4121 1b=0.0410 seg=0.1009]  val[tot=0.4940 1a=0.4198 1b=0.0111 seg=0.0631]  194.4s
Epoch 124/200  train[tot=0.5653 1a=0.4153 1b=0.0446 seg=0.1053]  val[tot=0.4925 1a=0.4189 1b=0.0112 seg=0.0624]  194.4s
  → best model (val 1a=0.4189) sauvegardé : /home/rousseau/Exp/lisa2026/outputs/checkpoints/best_model.pt
Epoch 125/200  train[tot=0.5675 1a=0.4163 1b=0.0452 seg=0.1060]  val[tot=0.5065 1a=0.4305 1b=0.0131 seg=0.0628]  194.2s
Epoch 126/200  train[tot=0.5425 1a=0.4130 1b=0.0415 seg=0.0881]  val[tot=0.4975 1a=0.4199 1b=0.0159 seg=0.0618]  193.5s
Epoch 127/200  train[tot=0.5564 1a=0.4111 1b=0.0495 seg=0.0959]  val[tot=0.5052 1a=0.4279 1b=0.0123 seg=0.0649]  194.1s
Epoch 128/200  train[tot=0.5558 1a=0.4100 1b=0.0483 seg=0.0974]  val[tot=0.5014 1a=0.4275 1b=0.0125 seg=0.0614]  194.0s
Epoch 129/200  train[tot=0.5538 1a=0.4103 1b=0.0450 seg=0.0985]  val[tot=0.5044 1a=0.4257 1b=0.0162 seg=0.0626]  194.0s
Epoch 130/200  train[tot=0.5501 1a=0.4043 1b=0.0464 seg=0.0994]  val[tot=0.4948 1a=0.4198 1b=0.0132 seg=0.0618]  194.1s
  → checkpoint sauvegardé : /home/rousseau/Exp/lisa2026/outputs/checkpoints/epoch_0130.pt
Epoch 131/200  train[tot=0.5600 1a=0.4076 1b=0.0476 seg=0.1048]  val[tot=0.4967 1a=0.4184 1b=0.0160 seg=0.0623]  194.2s
  → best model (val 1a=0.4184) sauvegardé : /home/rousseau/Exp/lisa2026/outputs/checkpoints/best_model.pt
Epoch 132/200  train[tot=0.5505 1a=0.4099 1b=0.0432 seg=0.0974]  val[tot=0.4972 1a=0.4232 1b=0.0117 seg=0.0622]  194.4s
Epoch 133/200  train[tot=0.5530 1a=0.4057 1b=0.0439 seg=0.1034]  val[tot=0.4965 1a=0.4230 1b=0.0109 seg=0.0627]  194.3s
Epoch 134/200  train[tot=0.5504 1a=0.4030 1b=0.0466 seg=0.1008]  val[tot=0.4949 1a=0.4218 1b=0.0113 seg=0.0618]  193.6s
Epoch 135/200  train[tot=0.5473 1a=0.4010 1b=0.0475 seg=0.0988]  val[tot=0.4976 1a=0.4251 1b=0.0106 seg=0.0618]  193.2s
Epoch 136/200  train[tot=0.5414 1a=0.3987 1b=0.0456 seg=0.0972]  val[tot=0.5005 1a=0.4256 1b=0.0134 seg=0.0615]  193.2s
Epoch 137/200  train[tot=0.5407 1a=0.3990 1b=0.0430 seg=0.0987]  val[tot=0.4967 1a=0.4228 1b=0.0125 seg=0.0614]  193.3s
Epoch 138/200  train[tot=0.5494 1a=0.4038 1b=0.0470 seg=0.0985]  val[tot=0.4930 1a=0.4208 1b=0.0108 seg=0.0614]  193.6s
Epoch 139/200  train[tot=0.5484 1a=0.4048 1b=0.0410 seg=0.1025]  val[tot=0.4967 1a=0.4206 1b=0.0144 seg=0.0617]  193.7s
Epoch 140/200  train[tot=0.5471 1a=0.3980 1b=0.0464 seg=0.1028]  val[tot=0.4980 1a=0.4237 1b=0.0120 seg=0.0624]  193.5s
  → checkpoint sauvegardé : /home/rousseau/Exp/lisa2026/outputs/checkpoints/epoch_0140.pt
Epoch 141/200  train[tot=0.5419 1a=0.4016 1b=0.0466 seg=0.0937]  val[tot=0.4934 1a=0.4211 1b=0.0111 seg=0.0612]  193.4s
Epoch 142/200  train[tot=0.5414 1a=0.4015 1b=0.0449 seg=0.0951]  val[tot=0.5010 1a=0.4234 1b=0.0163 seg=0.0613]  193.5s
Epoch 143/200  train[tot=0.5508 1a=0.3995 1b=0.0451 seg=0.1062]  val[tot=0.4995 1a=0.4251 1b=0.0124 seg=0.0620]  193.5s
Epoch 144/200  train[tot=0.5445 1a=0.4009 1b=0.0423 seg=0.1013]  val[tot=0.4947 1a=0.4211 1b=0.0119 seg=0.0617]  193.2s
Epoch 145/200  train[tot=0.5353 1a=0.3971 1b=0.0458 seg=0.0924]  val[tot=0.4954 1a=0.4228 1b=0.0116 seg=0.0610]  193.4s
Epoch 146/200  train[tot=0.5398 1a=0.3939 1b=0.0489 seg=0.0969]  val[tot=0.5020 1a=0.4250 1b=0.0135 seg=0.0635]  193.5s
Epoch 147/200  train[tot=0.5392 1a=0.3992 1b=0.0463 seg=0.0937]  val[tot=0.5000 1a=0.4264 1b=0.0124 seg=0.0613]  193.8s
Epoch 148/200  train[tot=0.5319 1a=0.3945 1b=0.0445 seg=0.0930]  val[tot=0.4969 1a=0.4210 1b=0.0140 seg=0.0619]  194.6s
Epoch 149/200  train[tot=0.5317 1a=0.3960 1b=0.0486 seg=0.0870]  val[tot=0.4993 1a=0.4241 1b=0.0126 seg=0.0626]  194.2s
Epoch 150/200  train[tot=0.5251 1a=0.3866 1b=0.0427 seg=0.0958]  val[tot=0.5003 1a=0.4228 1b=0.0162 seg=0.0613]  194.1s
  → checkpoint sauvegardé : /home/rousseau/Exp/lisa2026/outputs/checkpoints/epoch_0150.pt
Epoch 151/200  train[tot=0.5365 1a=0.3933 1b=0.0449 seg=0.0983]  val[tot=0.4933 1a=0.4208 1b=0.0112 seg=0.0613]  194.4s
Epoch 152/200  train[tot=0.5263 1a=0.3886 1b=0.0450 seg=0.0928]  val[tot=0.4982 1a=0.4252 1b=0.0117 seg=0.0614]  194.3s
Epoch 153/200  train[tot=0.5308 1a=0.3931 1b=0.0426 seg=0.0951]  val[tot=0.4957 1a=0.4225 1b=0.0112 seg=0.0621]  194.4s
Epoch 154/200  train[tot=0.5256 1a=0.3853 1b=0.0419 seg=0.0984]  val[tot=0.4990 1a=0.4236 1b=0.0139 seg=0.0614]  194.1s
Epoch 155/200  train[tot=0.5289 1a=0.3919 1b=0.0485 seg=0.0885]  val[tot=0.4961 1a=0.4216 1b=0.0133 seg=0.0612]  194.1s
Epoch 156/200  train[tot=0.5345 1a=0.3968 1b=0.0430 seg=0.0947]  val[tot=0.4979 1a=0.4241 1b=0.0123 seg=0.0615]  194.0s
Epoch 157/200  train[tot=0.5332 1a=0.3943 1b=0.0409 seg=0.0979]  val[tot=0.4942 1a=0.4215 1b=0.0108 seg=0.0619]  193.6s
Epoch 158/200  train[tot=0.5323 1a=0.3930 1b=0.0411 seg=0.0983]  val[tot=0.4972 1a=0.4239 1b=0.0122 seg=0.0612]  193.6s
Epoch 159/200  train[tot=0.5313 1a=0.3956 1b=0.0452 seg=0.0904]  val[tot=0.4964 1a=0.4215 1b=0.0133 seg=0.0616]  193.4s
Epoch 160/200  train[tot=0.5288 1a=0.3914 1b=0.0442 seg=0.0932]  val[tot=0.4936 1a=0.4210 1b=0.0112 seg=0.0613]  194.2s
  → checkpoint sauvegardé : /home/rousseau/Exp/lisa2026/outputs/checkpoints/epoch_0160.pt
Epoch 161/200  train[tot=0.5226 1a=0.3944 1b=0.0379 seg=0.0903]  val[tot=0.4931 1a=0.4204 1b=0.0114 seg=0.0613]  194.1s
  [early stopping] aucune amélioration val task1a depuis 30 époques. Arrêt à epoch 161.
Entraînement terminé.
