/home/rousseau/miniforge3/lib/python3.13/site-packages/torch/cuda/__init__.py:435: UserWarning: 
    Found GPU0 NVIDIA GB10 which is of cuda capability 12.1.
    Minimum and Maximum cuda capability supported by this version of PyTorch is
    (8.0) - (12.0)
    
  queued_call()
Config      : configs/train_default.yaml
Device      : cuda
Target size : (96, 96, 96)
Disentangle : z_anat=16  z_mod=8  z_art=8
Debug mode  : False
Train : 608 items | Val : 98 items
Task 1a class weights (sévérité, moyennés sur artefacts) :
  Noise         sev0=0.14  sev1=1.69  sev2=1.17  art_w=0.78
  Zipper        sev0=0.24  sev1=0.61  sev2=2.15  art_w=0.40
  Positioning   sev0=0.10  sev1=1.09  sev2=1.81  art_w=1.06
  Banding       sev0=0.02  sev1=2.10  sev2=0.88  art_w=3.50
  Motion        sev0=0.33  sev1=1.21  sev2=1.46  art_w=0.40
  Contrast      sev0=0.24  sev1=0.48  sev2=2.28  art_w=0.36
  Distortion    sev0=0.24  sev1=1.03  sev2=1.73  art_w=0.49
Paramètres  : 8,259,108
Epoch   1/200  train[tot=2.5851 1a=1.5941 1b=0.1378 seg=0.8532]  val[tot=1.8013 1a=1.2534 1b=0.0819 seg=0.4659]  150.2s
  → best model (val 1a=1.2534) sauvegardé : /home/rousseau/Exp/lisa2026/outputs/checkpoints/best_model.pt
Epoch   2/200  train[tot=2.4955 1a=1.5570 1b=0.1213 seg=0.8172]  val[tot=1.7499 1a=1.2476 1b=0.0655 seg=0.4369]  150.1s
  → best model (val 1a=1.2476) sauvegardé : /home/rousseau/Exp/lisa2026/outputs/checkpoints/best_model.pt
Epoch   3/200  train[tot=2.3596 1a=1.5469 1b=0.1105 seg=0.7022]  val[tot=1.7357 1a=1.2442 1b=0.0741 seg=0.4174]  150.6s
  → best model (val 1a=1.2442) sauvegardé : /home/rousseau/Exp/lisa2026/outputs/checkpoints/best_model.pt
Epoch   4/200  train[tot=2.4085 1a=1.5488 1b=0.1061 seg=0.7536]  val[tot=1.7010 1a=1.2453 1b=0.0614 seg=0.3943]  150.8s
Epoch   5/200  train[tot=2.3417 1a=1.5468 1b=0.0990 seg=0.6959]  val[tot=1.6667 1a=1.2449 1b=0.0484 seg=0.3734]  150.7s
Epoch   6/200  train[tot=2.2360 1a=1.5291 1b=0.0916 seg=0.6153]  val[tot=1.6477 1a=1.2455 1b=0.0478 seg=0.3545]  150.9s
Epoch   7/200  train[tot=2.2210 1a=1.5440 1b=0.0937 seg=0.5833]  val[tot=1.6301 1a=1.2432 1b=0.0499 seg=0.3371]  150.9s
  → best model (val 1a=1.2432) sauvegardé : /home/rousseau/Exp/lisa2026/outputs/checkpoints/best_model.pt
Epoch   8/200  train[tot=2.1801 1a=1.5324 1b=0.0813 seg=0.5663]  val[tot=1.6072 1a=1.2443 1b=0.0416 seg=0.3213]  150.9s
Epoch   9/200  train[tot=2.1874 1a=1.5317 1b=0.0828 seg=0.5730]  val[tot=1.5814 1a=1.2446 1b=0.0362 seg=0.3007]  150.9s
Epoch  10/200  train[tot=2.1224 1a=1.5437 1b=0.0730 seg=0.5057]  val[tot=1.5669 1a=1.2429 1b=0.0380 seg=0.2861]  150.9s
  → checkpoint sauvegardé : /home/rousseau/Exp/lisa2026/outputs/checkpoints/epoch_0010.pt
  → best model (val 1a=1.2429) sauvegardé : /home/rousseau/Exp/lisa2026/outputs/checkpoints/best_model.pt
  [viz] Loss curves → /home/rousseau/Exp/lisa2026/results/plots/loss_curves.png
  [viz] Task1a confusion → /home/rousseau/Exp/lisa2026/results/plots/task1a_confusion_ep0010.png
  [viz] Task1b samples → /home/rousseau/Exp/lisa2026/results/plots/task1b_samples_ep0010.png
  [viz] Task2 samples → /home/rousseau/Exp/lisa2026/results/plots/task2_seg_ep0010.png
Epoch  11/200  train[tot=2.1197 1a=1.5386 1b=0.0777 seg=0.5033]  val[tot=1.5449 1a=1.2426 1b=0.0317 seg=0.2706]  151.0s
  → best model (val 1a=1.2426) sauvegardé : /home/rousseau/Exp/lisa2026/outputs/checkpoints/best_model.pt
Epoch  12/200  train[tot=2.0779 1a=1.5426 1b=0.0793 seg=0.4560]  val[tot=1.5427 1a=1.2415 1b=0.0432 seg=0.2580]  150.8s
  → best model (val 1a=1.2415) sauvegardé : /home/rousseau/Exp/lisa2026/outputs/checkpoints/best_model.pt
Epoch  13/200  train[tot=2.0176 1a=1.5398 1b=0.0748 seg=0.4030]  val[tot=1.5178 1a=1.2411 1b=0.0307 seg=0.2460]  150.8s
  → best model (val 1a=1.2411) sauvegardé : /home/rousseau/Exp/lisa2026/outputs/checkpoints/best_model.pt
Epoch  14/200  train[tot=2.0063 1a=1.5238 1b=0.0672 seg=0.4154]  val[tot=1.5045 1a=1.2408 1b=0.0293 seg=0.2344]  150.9s
  → best model (val 1a=1.2408) sauvegardé : /home/rousseau/Exp/lisa2026/outputs/checkpoints/best_model.pt
Epoch  15/200  train[tot=2.0092 1a=1.5564 1b=0.0646 seg=0.3882]  val[tot=1.4935 1a=1.2404 1b=0.0282 seg=0.2249]  151.1s
  → best model (val 1a=1.2404) sauvegardé : /home/rousseau/Exp/lisa2026/outputs/checkpoints/best_model.pt
Epoch  16/200  train[tot=1.9636 1a=1.5520 1b=0.0577 seg=0.3538]  val[tot=1.4889 1a=1.2418 1b=0.0309 seg=0.2163]  150.9s
Epoch  17/200  train[tot=1.9475 1a=1.5220 1b=0.0667 seg=0.3588]  val[tot=1.4718 1a=1.2397 1b=0.0227 seg=0.2094]  151.1s
  → best model (val 1a=1.2397) sauvegardé : /home/rousseau/Exp/lisa2026/outputs/checkpoints/best_model.pt
Epoch  18/200  train[tot=1.8959 1a=1.5095 1b=0.0639 seg=0.3225]  val[tot=1.4674 1a=1.2385 1b=0.0275 seg=0.2014]  150.9s
  → best model (val 1a=1.2385) sauvegardé : /home/rousseau/Exp/lisa2026/outputs/checkpoints/best_model.pt
Epoch  19/200  train[tot=1.9531 1a=1.5343 1b=0.0673 seg=0.3515]  val[tot=1.4560 1a=1.2377 1b=0.0225 seg=0.1957]  150.9s
  → best model (val 1a=1.2377) sauvegardé : /home/rousseau/Exp/lisa2026/outputs/checkpoints/best_model.pt
Epoch  20/200  train[tot=1.9285 1a=1.5294 1b=0.0597 seg=0.3395]  val[tot=1.4485 1a=1.2389 1b=0.0210 seg=0.1886]  150.9s
  → checkpoint sauvegardé : /home/rousseau/Exp/lisa2026/outputs/checkpoints/epoch_0020.pt
  [viz] Loss curves → /home/rousseau/Exp/lisa2026/results/plots/loss_curves.png
  [viz] Task1a confusion → /home/rousseau/Exp/lisa2026/results/plots/task1a_confusion_ep0020.png
  [viz] Task1b samples → /home/rousseau/Exp/lisa2026/results/plots/task1b_samples_ep0020.png
  [viz] Task2 samples → /home/rousseau/Exp/lisa2026/results/plots/task2_seg_ep0020.png
Epoch  21/200  train[tot=1.9161 1a=1.5426 1b=0.0600 seg=0.3135]  val[tot=1.4479 1a=1.2373 1b=0.0282 seg=0.1824]  151.0s
  → best model (val 1a=1.2373) sauvegardé : /home/rousseau/Exp/lisa2026/outputs/checkpoints/best_model.pt
Epoch  22/200  train[tot=1.9230 1a=1.5446 1b=0.0635 seg=0.3149]  val[tot=1.4413 1a=1.2386 1b=0.0239 seg=0.1788]  151.0s
Epoch  23/200  train[tot=1.8829 1a=1.5299 1b=0.0610 seg=0.2920]  val[tot=1.4376 1a=1.2396 1b=0.0227 seg=0.1753]  151.3s
Epoch  24/200  train[tot=1.9055 1a=1.5306 1b=0.0613 seg=0.3136]  val[tot=1.4294 1a=1.2379 1b=0.0218 seg=0.1696]  151.0s
Epoch  25/200  train[tot=1.8582 1a=1.5129 1b=0.0600 seg=0.2852]  val[tot=1.4247 1a=1.2385 1b=0.0198 seg=0.1663]  151.2s
Epoch  26/200  train[tot=1.8543 1a=1.5261 1b=0.0615 seg=0.2667]  val[tot=1.4209 1a=1.2395 1b=0.0177 seg=0.1638]  151.5s
Epoch  27/200  train[tot=1.8765 1a=1.5313 1b=0.0574 seg=0.2878]  val[tot=1.4146 1a=1.2367 1b=0.0188 seg=0.1591]  150.9s
  → best model (val 1a=1.2367) sauvegardé : /home/rousseau/Exp/lisa2026/outputs/checkpoints/best_model.pt
Epoch  28/200  train[tot=1.8756 1a=1.5344 1b=0.0541 seg=0.2870]  val[tot=1.4193 1a=1.2395 1b=0.0235 seg=0.1563]  151.1s
Epoch  29/200  train[tot=1.8256 1a=1.5135 1b=0.0561 seg=0.2560]  val[tot=1.4088 1a=1.2358 1b=0.0195 seg=0.1535]  150.9s
  → best model (val 1a=1.2358) sauvegardé : /home/rousseau/Exp/lisa2026/outputs/checkpoints/best_model.pt
Epoch  30/200  train[tot=1.8228 1a=1.5096 1b=0.0557 seg=0.2575]  val[tot=1.4150 1a=1.2423 1b=0.0205 seg=0.1522]  151.1s
  → checkpoint sauvegardé : /home/rousseau/Exp/lisa2026/outputs/checkpoints/epoch_0030.pt
  [viz] Loss curves → /home/rousseau/Exp/lisa2026/results/plots/loss_curves.png
  [viz] Task1a confusion → /home/rousseau/Exp/lisa2026/results/plots/task1a_confusion_ep0030.png
  [viz] Task1b samples → /home/rousseau/Exp/lisa2026/results/plots/task1b_samples_ep0030.png
  [viz] Task2 samples → /home/rousseau/Exp/lisa2026/results/plots/task2_seg_ep0030.png
Epoch  31/200  train[tot=1.8581 1a=1.5338 1b=0.0579 seg=0.2663]  val[tot=1.4036 1a=1.2363 1b=0.0175 seg=0.1497]  151.0s
Epoch  32/200  train[tot=1.8508 1a=1.5283 1b=0.0549 seg=0.2676]  val[tot=1.4054 1a=1.2417 1b=0.0188 seg=0.1449]  151.2s
Epoch  33/200  train[tot=1.8376 1a=1.5327 1b=0.0482 seg=0.2567]  val[tot=1.3980 1a=1.2384 1b=0.0167 seg=0.1430]  151.3s
Epoch  34/200  train[tot=1.8033 1a=1.5017 1b=0.0512 seg=0.2504]  val[tot=1.3924 1a=1.2366 1b=0.0167 seg=0.1391]  150.8s
Epoch  35/200  train[tot=1.7931 1a=1.4923 1b=0.0550 seg=0.2458]  val[tot=1.3913 1a=1.2389 1b=0.0159 seg=0.1364]  150.9s
Epoch  36/200  train[tot=1.8141 1a=1.5213 1b=0.0519 seg=0.2409]  val[tot=1.3996 1a=1.2386 1b=0.0234 seg=0.1376]  151.0s
Epoch  37/200  train[tot=1.8139 1a=1.5312 1b=0.0553 seg=0.2274]  val[tot=1.3892 1a=1.2378 1b=0.0167 seg=0.1347]  151.2s
Epoch  38/200  train[tot=1.8163 1a=1.5280 1b=0.0539 seg=0.2344]  val[tot=1.3818 1a=1.2352 1b=0.0161 seg=0.1306]  151.5s
  → best model (val 1a=1.2352) sauvegardé : /home/rousseau/Exp/lisa2026/outputs/checkpoints/best_model.pt
Epoch  39/200  train[tot=1.8014 1a=1.5220 1b=0.0528 seg=0.2266]  val[tot=1.3934 1a=1.2368 1b=0.0256 seg=0.1310]  150.6s
Epoch  40/200  train[tot=1.7797 1a=1.5057 1b=0.0523 seg=0.2216]  val[tot=1.3828 1a=1.2397 1b=0.0171 seg=0.1260]  150.8s
  → checkpoint sauvegardé : /home/rousseau/Exp/lisa2026/outputs/checkpoints/epoch_0040.pt
  [viz] Loss curves → /home/rousseau/Exp/lisa2026/results/plots/loss_curves.png
  [viz] Task1a confusion → /home/rousseau/Exp/lisa2026/results/plots/task1a_confusion_ep0040.png
  [viz] Task1b samples → /home/rousseau/Exp/lisa2026/results/plots/task1b_samples_ep0040.png
  [viz] Task2 samples → /home/rousseau/Exp/lisa2026/results/plots/task2_seg_ep0040.png
Epoch  41/200  train[tot=1.8116 1a=1.5238 1b=0.0579 seg=0.2300]  val[tot=1.3820 1a=1.2376 1b=0.0198 seg=0.1246]  151.0s
Epoch  42/200  train[tot=1.7807 1a=1.5188 1b=0.0507 seg=0.2112]  val[tot=1.3817 1a=1.2348 1b=0.0152 seg=0.1316]  151.0s
  → best model (val 1a=1.2348) sauvegardé : /home/rousseau/Exp/lisa2026/outputs/checkpoints/best_model.pt
Epoch  43/200  train[tot=1.7479 1a=1.4979 1b=0.0552 seg=0.1948]  val[tot=1.3740 1a=1.2384 1b=0.0140 seg=0.1217]  151.0s
Epoch  44/200  train[tot=1.7628 1a=1.5231 1b=0.0510 seg=0.1887]  val[tot=1.3733 1a=1.2336 1b=0.0197 seg=0.1200]  150.5s
  → best model (val 1a=1.2336) sauvegardé : /home/rousseau/Exp/lisa2026/outputs/checkpoints/best_model.pt
Epoch  45/200  train[tot=1.7619 1a=1.5059 1b=0.0479 seg=0.2080]  val[tot=1.3719 1a=1.2375 1b=0.0161 seg=0.1183]  150.7s
Epoch  46/200  train[tot=1.7521 1a=1.5147 1b=0.0471 seg=0.1903]  val[tot=1.3729 1a=1.2360 1b=0.0197 seg=0.1172]  150.4s
Epoch  47/200  train[tot=1.7650 1a=1.5147 1b=0.0520 seg=0.1983]  val[tot=1.3728 1a=1.2394 1b=0.0181 seg=0.1153]  151.0s
Epoch  48/200  train[tot=1.7626 1a=1.5133 1b=0.0489 seg=0.2003]  val[tot=1.3717 1a=1.2373 1b=0.0184 seg=0.1159]  150.7s
Epoch  49/200  train[tot=1.7598 1a=1.5264 1b=0.0514 seg=0.1819]  val[tot=1.3603 1a=1.2342 1b=0.0146 seg=0.1114]  150.6s
Epoch  50/200  train[tot=1.7660 1a=1.5201 1b=0.0528 seg=0.1932]  val[tot=1.3598 1a=1.2337 1b=0.0174 seg=0.1087]  150.1s
  → checkpoint sauvegardé : /home/rousseau/Exp/lisa2026/outputs/checkpoints/epoch_0050.pt
  [viz] Loss curves → /home/rousseau/Exp/lisa2026/results/plots/loss_curves.png
  [viz] Task1a confusion → /home/rousseau/Exp/lisa2026/results/plots/task1a_confusion_ep0050.png
  [viz] Task1b samples → /home/rousseau/Exp/lisa2026/results/plots/task1b_samples_ep0050.png
  [viz] Task2 samples → /home/rousseau/Exp/lisa2026/results/plots/task2_seg_ep0050.png
Epoch  51/200  train[tot=1.7387 1a=1.5191 1b=0.0487 seg=0.1708]  val[tot=1.3750 1a=1.2421 1b=0.0209 seg=0.1120]  150.6s
Epoch  52/200  train[tot=1.7570 1a=1.5138 1b=0.0458 seg=0.1974]  val[tot=1.3549 1a=1.2334 1b=0.0151 seg=0.1065]  151.0s
  → best model (val 1a=1.2334) sauvegardé : /home/rousseau/Exp/lisa2026/outputs/checkpoints/best_model.pt
Epoch  53/200  train[tot=1.7572 1a=1.5113 1b=0.0493 seg=0.1967]  val[tot=1.3569 1a=1.2335 1b=0.0188 seg=0.1046]  151.2s
Epoch  54/200  train[tot=1.7440 1a=1.5172 1b=0.0490 seg=0.1778]  val[tot=1.3537 1a=1.2320 1b=0.0159 seg=0.1058]  150.4s
  → best model (val 1a=1.2320) sauvegardé : /home/rousseau/Exp/lisa2026/outputs/checkpoints/best_model.pt
Epoch  55/200  train[tot=1.7074 1a=1.4932 1b=0.0512 seg=0.1630]  val[tot=1.3487 1a=1.2328 1b=0.0131 seg=0.1028]  150.2s
Epoch  56/200  train[tot=1.7384 1a=1.5025 1b=0.0507 seg=0.1852]  val[tot=1.3472 1a=1.2318 1b=0.0135 seg=0.1019]  150.5s
  → best model (val 1a=1.2318) sauvegardé : /home/rousseau/Exp/lisa2026/outputs/checkpoints/best_model.pt
Epoch  57/200  train[tot=1.7243 1a=1.5125 1b=0.0522 seg=0.1596]  val[tot=1.3529 1a=1.2322 1b=0.0183 seg=0.1024]  151.0s
Epoch  58/200  train[tot=1.7331 1a=1.5101 1b=0.0456 seg=0.1774]  val[tot=1.3594 1a=1.2380 1b=0.0164 seg=0.1050]  150.9s
Epoch  59/200  train[tot=1.7266 1a=1.5063 1b=0.0504 seg=0.1699]  val[tot=1.3531 1a=1.2348 1b=0.0170 seg=0.1014]  151.0s
Epoch  60/200  train[tot=1.7147 1a=1.4939 1b=0.0486 seg=0.1722]  val[tot=1.3540 1a=1.2384 1b=0.0166 seg=0.0991]  150.9s
  → checkpoint sauvegardé : /home/rousseau/Exp/lisa2026/outputs/checkpoints/epoch_0060.pt
  [viz] Loss curves → /home/rousseau/Exp/lisa2026/results/plots/loss_curves.png
  [viz] Task1a confusion → /home/rousseau/Exp/lisa2026/results/plots/task1a_confusion_ep0060.png
  [viz] Task1b samples → /home/rousseau/Exp/lisa2026/results/plots/task1b_samples_ep0060.png
  [viz] Task2 samples → /home/rousseau/Exp/lisa2026/results/plots/task2_seg_ep0060.png
Epoch  61/200  train[tot=1.7338 1a=1.5183 1b=0.0507 seg=0.1648]  val[tot=1.3523 1a=1.2357 1b=0.0185 seg=0.0981]  150.8s
Epoch  62/200  train[tot=1.7220 1a=1.5065 1b=0.0526 seg=0.1629]  val[tot=1.3421 1a=1.2310 1b=0.0143 seg=0.0968]  151.1s
  → best model (val 1a=1.2310) sauvegardé : /home/rousseau/Exp/lisa2026/outputs/checkpoints/best_model.pt
Epoch  63/200  train[tot=1.7069 1a=1.4972 1b=0.0470 seg=0.1627]  val[tot=1.3435 1a=1.2317 1b=0.0132 seg=0.0986]  150.1s
Epoch  64/200  train[tot=1.7324 1a=1.5079 1b=0.0538 seg=0.1707]  val[tot=1.3484 1a=1.2308 1b=0.0219 seg=0.0957]  150.1s
  → best model (val 1a=1.2308) sauvegardé : /home/rousseau/Exp/lisa2026/outputs/checkpoints/best_model.pt
Epoch  65/200  train[tot=1.7244 1a=1.5092 1b=0.0460 seg=0.1691]  val[tot=1.3432 1a=1.2331 1b=0.0149 seg=0.0952]  150.0s
Epoch  66/200  train[tot=1.7108 1a=1.4976 1b=0.0501 seg=0.1631]  val[tot=1.3399 1a=1.2305 1b=0.0155 seg=0.0940]  150.1s
  → best model (val 1a=1.2305) sauvegardé : /home/rousseau/Exp/lisa2026/outputs/checkpoints/best_model.pt
Epoch  67/200  train[tot=1.7121 1a=1.5067 1b=0.0466 seg=0.1588]  val[tot=1.3426 1a=1.2350 1b=0.0129 seg=0.0948]  150.5s
Epoch  68/200  train[tot=1.7075 1a=1.5131 1b=0.0435 seg=0.1508]  val[tot=1.3412 1a=1.2328 1b=0.0137 seg=0.0947]  150.2s
Epoch  69/200  train[tot=1.7062 1a=1.4942 1b=0.0491 seg=0.1629]  val[tot=1.3410 1a=1.2305 1b=0.0166 seg=0.0938]  150.1s
  → best model (val 1a=1.2305) sauvegardé : /home/rousseau/Exp/lisa2026/outputs/checkpoints/best_model.pt
Epoch  70/200  train[tot=1.7134 1a=1.5082 1b=0.0483 seg=0.1569]  val[tot=1.3445 1a=1.2362 1b=0.0172 seg=0.0911]  150.8s
  → checkpoint sauvegardé : /home/rousseau/Exp/lisa2026/outputs/checkpoints/epoch_0070.pt
  [viz] Loss curves → /home/rousseau/Exp/lisa2026/results/plots/loss_curves.png
  [viz] Task1a confusion → /home/rousseau/Exp/lisa2026/results/plots/task1a_confusion_ep0070.png
  [viz] Task1b samples → /home/rousseau/Exp/lisa2026/results/plots/task1b_samples_ep0070.png
  [viz] Task2 samples → /home/rousseau/Exp/lisa2026/results/plots/task2_seg_ep0070.png
Epoch  71/200  train[tot=1.7196 1a=1.5128 1b=0.0448 seg=0.1621]  val[tot=1.3335 1a=1.2306 1b=0.0123 seg=0.0907]  150.9s
Epoch  72/200  train[tot=1.7257 1a=1.5161 1b=0.0498 seg=0.1599]  val[tot=1.3359 1a=1.2299 1b=0.0148 seg=0.0911]  151.2s
  → best model (val 1a=1.2299) sauvegardé : /home/rousseau/Exp/lisa2026/outputs/checkpoints/best_model.pt
Epoch  73/200  train[tot=1.7048 1a=1.5085 1b=0.0482 seg=0.1480]  val[tot=1.3358 1a=1.2308 1b=0.0159 seg=0.0890]  151.0s
Epoch  74/200  train[tot=1.7015 1a=1.5040 1b=0.0498 seg=0.1478]  val[tot=1.3363 1a=1.2343 1b=0.0141 seg=0.0880]  150.2s
Epoch  75/200  train[tot=1.6897 1a=1.5047 1b=0.0471 seg=0.1380]  val[tot=1.3435 1a=1.2392 1b=0.0164 seg=0.0880]  150.9s
Epoch  76/200  train[tot=1.6743 1a=1.4953 1b=0.0405 seg=0.1384]  val[tot=1.3287 1a=1.2295 1b=0.0121 seg=0.0871]  150.6s
  → best model (val 1a=1.2295) sauvegardé : /home/rousseau/Exp/lisa2026/outputs/checkpoints/best_model.pt
Epoch  77/200  train[tot=1.7062 1a=1.5144 1b=0.0385 seg=0.1533]  val[tot=1.3330 1a=1.2322 1b=0.0153 seg=0.0855]  150.7s
Epoch  78/200  train[tot=1.6769 1a=1.5023 1b=0.0455 seg=0.1291]  val[tot=1.3329 1a=1.2299 1b=0.0174 seg=0.0856]  150.9s
Epoch  79/200  train[tot=1.6835 1a=1.4975 1b=0.0467 seg=0.1392]  val[tot=1.3297 1a=1.2309 1b=0.0154 seg=0.0834]  150.5s
Epoch  80/200  train[tot=1.6925 1a=1.4999 1b=0.0473 seg=0.1454]  val[tot=1.3286 1a=1.2298 1b=0.0143 seg=0.0846]  150.8s
  → checkpoint sauvegardé : /home/rousseau/Exp/lisa2026/outputs/checkpoints/epoch_0080.pt
  [viz] Loss curves → /home/rousseau/Exp/lisa2026/results/plots/loss_curves.png
  [viz] Task1a confusion → /home/rousseau/Exp/lisa2026/results/plots/task1a_confusion_ep0080.png
  [viz] Task1b samples → /home/rousseau/Exp/lisa2026/results/plots/task1b_samples_ep0080.png
  [viz] Task2 samples → /home/rousseau/Exp/lisa2026/results/plots/task2_seg_ep0080.png
Epoch  81/200  train[tot=1.6881 1a=1.5017 1b=0.0476 seg=0.1389]  val[tot=1.3343 1a=1.2331 1b=0.0157 seg=0.0855]  151.4s
Epoch  82/200  train[tot=1.6861 1a=1.5079 1b=0.0443 seg=0.1339]  val[tot=1.3219 1a=1.2285 1b=0.0131 seg=0.0803]  151.7s
  → best model (val 1a=1.2285) sauvegardé : /home/rousseau/Exp/lisa2026/outputs/checkpoints/best_model.pt
Epoch  83/200  train[tot=1.6726 1a=1.5023 1b=0.0447 seg=0.1256]  val[tot=1.3253 1a=1.2344 1b=0.0133 seg=0.0776]  151.2s
Epoch  84/200  train[tot=1.6575 1a=1.4886 1b=0.0422 seg=0.1268]  val[tot=1.3183 1a=1.2281 1b=0.0137 seg=0.0765]  150.9s
  → best model (val 1a=1.2281) sauvegardé : /home/rousseau/Exp/lisa2026/outputs/checkpoints/best_model.pt
Epoch  85/200  train[tot=1.6483 1a=1.4890 1b=0.0408 seg=0.1185]  val[tot=1.3225 1a=1.2334 1b=0.0129 seg=0.0762]  151.1s
Epoch  86/200  train[tot=1.6498 1a=1.4787 1b=0.0425 seg=0.1286]  val[tot=1.3161 1a=1.2281 1b=0.0133 seg=0.0746]  150.9s
Epoch  87/200  train[tot=1.6723 1a=1.5039 1b=0.0432 seg=0.1253]  val[tot=1.3187 1a=1.2333 1b=0.0115 seg=0.0738]  151.1s
Epoch  88/200  train[tot=1.6480 1a=1.4885 1b=0.0417 seg=0.1179]  val[tot=1.3183 1a=1.2316 1b=0.0137 seg=0.0731]  151.0s
Epoch  89/200  train[tot=1.6676 1a=1.5058 1b=0.0431 seg=0.1186]  val[tot=1.3118 1a=1.2279 1b=0.0114 seg=0.0726]  150.9s
  → best model (val 1a=1.2279) sauvegardé : /home/rousseau/Exp/lisa2026/outputs/checkpoints/best_model.pt
Epoch  90/200  train[tot=1.6680 1a=1.5034 1b=0.0450 seg=0.1196]  val[tot=1.3304 1a=1.2340 1b=0.0241 seg=0.0723]  150.9s
  → checkpoint sauvegardé : /home/rousseau/Exp/lisa2026/outputs/checkpoints/epoch_0090.pt
  [viz] Loss curves → /home/rousseau/Exp/lisa2026/results/plots/loss_curves.png
  [viz] Task1a confusion → /home/rousseau/Exp/lisa2026/results/plots/task1a_confusion_ep0090.png
  [viz] Task1b samples → /home/rousseau/Exp/lisa2026/results/plots/task1b_samples_ep0090.png
  [viz] Task2 samples → /home/rousseau/Exp/lisa2026/results/plots/task2_seg_ep0090.png
Epoch  91/200  train[tot=1.6655 1a=1.5000 1b=0.0444 seg=0.1211]  val[tot=1.3108 1a=1.2287 1b=0.0116 seg=0.0705]  151.0s
Epoch  92/200  train[tot=1.6665 1a=1.5128 1b=0.0426 seg=0.1110]  val[tot=1.3107 1a=1.2280 1b=0.0125 seg=0.0702]  151.2s
Epoch  93/200  train[tot=1.6601 1a=1.5046 1b=0.0447 seg=0.1108]  val[tot=1.3208 1a=1.2383 1b=0.0121 seg=0.0705]  151.6s
Epoch  94/200  train[tot=1.6376 1a=1.4876 1b=0.0423 seg=0.1078]  val[tot=1.3116 1a=1.2278 1b=0.0137 seg=0.0701]  150.9s
  → best model (val 1a=1.2278) sauvegardé : /home/rousseau/Exp/lisa2026/outputs/checkpoints/best_model.pt
Epoch  95/200  train[tot=1.6414 1a=1.4937 1b=0.0397 seg=0.1080]  val[tot=1.3135 1a=1.2302 1b=0.0130 seg=0.0703]  150.1s
Epoch  96/200  train[tot=1.6294 1a=1.4869 1b=0.0433 seg=0.0992]  val[tot=1.3067 1a=1.2266 1b=0.0115 seg=0.0686]  151.0s
  → best model (val 1a=1.2266) sauvegardé : /home/rousseau/Exp/lisa2026/outputs/checkpoints/best_model.pt
Epoch  97/200  train[tot=1.6502 1a=1.5005 1b=0.0446 seg=0.1051]  val[tot=1.3113 1a=1.2277 1b=0.0130 seg=0.0705]  151.1s
Epoch  98/200  train[tot=1.6314 1a=1.4920 1b=0.0391 seg=0.1003]  val[tot=1.3086 1a=1.2258 1b=0.0149 seg=0.0679]  151.6s
  → best model (val 1a=1.2258) sauvegardé : /home/rousseau/Exp/lisa2026/outputs/checkpoints/best_model.pt
Epoch  99/200  train[tot=1.6490 1a=1.4931 1b=0.0427 seg=0.1132]  val[tot=1.3117 1a=1.2312 1b=0.0109 seg=0.0695]  151.5s
Epoch 100/200  train[tot=1.6554 1a=1.4978 1b=0.0460 seg=0.1116]  val[tot=1.3100 1a=1.2277 1b=0.0144 seg=0.0679]  151.7s
  → checkpoint sauvegardé : /home/rousseau/Exp/lisa2026/outputs/checkpoints/epoch_0100.pt
  [viz] Loss curves → /home/rousseau/Exp/lisa2026/results/plots/loss_curves.png
  [viz] Task1a confusion → /home/rousseau/Exp/lisa2026/results/plots/task1a_confusion_ep0100.png
  [viz] Task1b samples → /home/rousseau/Exp/lisa2026/results/plots/task1b_samples_ep0100.png
  [viz] Task2 samples → /home/rousseau/Exp/lisa2026/results/plots/task2_seg_ep0100.png
Epoch 101/200  train[tot=1.6252 1a=1.4822 1b=0.0375 seg=0.1054]  val[tot=1.3066 1a=1.2295 1b=0.0106 seg=0.0664]  150.8s
Epoch 102/200  train[tot=1.6219 1a=1.4854 1b=0.0410 seg=0.0954]  val[tot=1.3135 1a=1.2287 1b=0.0172 seg=0.0676]  150.2s
Epoch 103/200  train[tot=1.6414 1a=1.4887 1b=0.0436 seg=0.1091]  val[tot=1.3084 1a=1.2279 1b=0.0124 seg=0.0681]  150.2s
Epoch 104/200  train[tot=1.6154 1a=1.4709 1b=0.0461 seg=0.0985]  val[tot=1.3103 1a=1.2277 1b=0.0138 seg=0.0687]  150.1s
Epoch 105/200  train[tot=1.6322 1a=1.4870 1b=0.0403 seg=0.1050]  val[tot=1.3029 1a=1.2249 1b=0.0117 seg=0.0663]  150.1s
  → best model (val 1a=1.2249) sauvegardé : /home/rousseau/Exp/lisa2026/outputs/checkpoints/best_model.pt
Epoch 106/200  train[tot=1.6155 1a=1.4819 1b=0.0428 seg=0.0908]  val[tot=1.3074 1a=1.2290 1b=0.0112 seg=0.0672]  149.9s
Epoch 107/200  train[tot=1.6268 1a=1.4866 1b=0.0411 seg=0.0991]  val[tot=1.3066 1a=1.2273 1b=0.0131 seg=0.0662]  150.1s
Epoch 108/200  train[tot=1.6413 1a=1.4874 1b=0.0477 seg=0.1062]  val[tot=1.3068 1a=1.2285 1b=0.0119 seg=0.0663]  150.0s
Epoch 109/200  train[tot=1.6362 1a=1.4950 1b=0.0382 seg=0.1030]  val[tot=1.3053 1a=1.2262 1b=0.0140 seg=0.0651]  150.1s
Epoch 110/200  train[tot=1.6124 1a=1.4765 1b=0.0399 seg=0.0960]  val[tot=1.3086 1a=1.2280 1b=0.0156 seg=0.0651]  150.0s
  → checkpoint sauvegardé : /home/rousseau/Exp/lisa2026/outputs/checkpoints/epoch_0110.pt
  [viz] Loss curves → /home/rousseau/Exp/lisa2026/results/plots/loss_curves.png
  [viz] Task1a confusion → /home/rousseau/Exp/lisa2026/results/plots/task1a_confusion_ep0110.png
  [viz] Task1b samples → /home/rousseau/Exp/lisa2026/results/plots/task1b_samples_ep0110.png
  [viz] Task2 samples → /home/rousseau/Exp/lisa2026/results/plots/task2_seg_ep0110.png
Epoch 111/200  train[tot=1.6299 1a=1.4946 1b=0.0405 seg=0.0949]  val[tot=1.3062 1a=1.2275 1b=0.0128 seg=0.0659]  150.5s
Epoch 112/200  train[tot=1.6195 1a=1.4783 1b=0.0457 seg=0.0955]  val[tot=1.3079 1a=1.2263 1b=0.0162 seg=0.0655]  150.5s
Epoch 113/200  train[tot=1.6286 1a=1.4961 1b=0.0425 seg=0.0900]  val[tot=1.3001 1a=1.2245 1b=0.0118 seg=0.0639]  150.3s
  → best model (val 1a=1.2245) sauvegardé : /home/rousseau/Exp/lisa2026/outputs/checkpoints/best_model.pt
Epoch 114/200  train[tot=1.6118 1a=1.4764 1b=0.0431 seg=0.0923]  val[tot=1.3088 1a=1.2285 1b=0.0164 seg=0.0639]  150.2s
Epoch 115/200  train[tot=1.6253 1a=1.4927 1b=0.0422 seg=0.0904]  val[tot=1.3045 1a=1.2258 1b=0.0152 seg=0.0636]  150.5s
Epoch 116/200  train[tot=1.6270 1a=1.4903 1b=0.0424 seg=0.0942]  val[tot=1.3061 1a=1.2252 1b=0.0172 seg=0.0638]  150.9s
Epoch 117/200  train[tot=1.6199 1a=1.4928 1b=0.0353 seg=0.0917]  val[tot=1.3011 1a=1.2264 1b=0.0120 seg=0.0627]  150.3s
Epoch 118/200  train[tot=1.6093 1a=1.4798 1b=0.0396 seg=0.0899]  val[tot=1.3005 1a=1.2253 1b=0.0116 seg=0.0635]  150.1s
Epoch 119/200  train[tot=1.6149 1a=1.4884 1b=0.0398 seg=0.0867]  val[tot=1.3020 1a=1.2274 1b=0.0103 seg=0.0643]  150.1s
Epoch 120/200  train[tot=1.6146 1a=1.4918 1b=0.0388 seg=0.0839]  val[tot=1.2999 1a=1.2259 1b=0.0117 seg=0.0623]  150.4s
  → checkpoint sauvegardé : /home/rousseau/Exp/lisa2026/outputs/checkpoints/epoch_0120.pt
  [viz] Loss curves → /home/rousseau/Exp/lisa2026/results/plots/loss_curves.png
  [viz] Task1a confusion → /home/rousseau/Exp/lisa2026/results/plots/task1a_confusion_ep0120.png
  [viz] Task1b samples → /home/rousseau/Exp/lisa2026/results/plots/task1b_samples_ep0120.png
  [viz] Task2 samples → /home/rousseau/Exp/lisa2026/results/plots/task2_seg_ep0120.png
Epoch 121/200  train[tot=1.6334 1a=1.4983 1b=0.0437 seg=0.0914]  val[tot=1.3028 1a=1.2273 1b=0.0122 seg=0.0633]  151.0s
Epoch 122/200  train[tot=1.6235 1a=1.5008 1b=0.0393 seg=0.0833]  val[tot=1.2993 1a=1.2254 1b=0.0101 seg=0.0637]  151.3s
Epoch 123/200  train[tot=1.6135 1a=1.4785 1b=0.0397 seg=0.0953]  val[tot=1.3035 1a=1.2299 1b=0.0113 seg=0.0623]  151.6s
Epoch 124/200  train[tot=1.6139 1a=1.4909 1b=0.0377 seg=0.0853]  val[tot=1.3033 1a=1.2271 1b=0.0139 seg=0.0622]  151.0s
Epoch 125/200  train[tot=1.6193 1a=1.4960 1b=0.0431 seg=0.0802]  val[tot=1.2995 1a=1.2258 1b=0.0120 seg=0.0618]  151.1s
Epoch 126/200  train[tot=1.6218 1a=1.4904 1b=0.0403 seg=0.0911]  val[tot=1.3014 1a=1.2276 1b=0.0121 seg=0.0616]  151.0s
Epoch 127/200  train[tot=1.6160 1a=1.4865 1b=0.0414 seg=0.0881]  val[tot=1.3023 1a=1.2296 1b=0.0107 seg=0.0619]  150.7s
Epoch 128/200  train[tot=1.6225 1a=1.5021 1b=0.0358 seg=0.0846]  val[tot=1.3059 1a=1.2299 1b=0.0134 seg=0.0625]  151.1s
Epoch 129/200  train[tot=1.6069 1a=1.4857 1b=0.0387 seg=0.0825]  val[tot=1.2975 1a=1.2243 1b=0.0111 seg=0.0620]  150.9s
  → best model (val 1a=1.2243) sauvegardé : /home/rousseau/Exp/lisa2026/outputs/checkpoints/best_model.pt
Epoch 130/200  train[tot=1.6312 1a=1.5060 1b=0.0416 seg=0.0836]  val[tot=1.3017 1a=1.2254 1b=0.0145 seg=0.0619]  151.1s
  → checkpoint sauvegardé : /home/rousseau/Exp/lisa2026/outputs/checkpoints/epoch_0130.pt
  [viz] Loss curves → /home/rousseau/Exp/lisa2026/results/plots/loss_curves.png
  [viz] Task1a confusion → /home/rousseau/Exp/lisa2026/results/plots/task1a_confusion_ep0130.png
  [viz] Task1b samples → /home/rousseau/Exp/lisa2026/results/plots/task1b_samples_ep0130.png
  [viz] Task2 samples → /home/rousseau/Exp/lisa2026/results/plots/task2_seg_ep0130.png
Epoch 131/200  train[tot=1.5892 1a=1.4749 1b=0.0377 seg=0.0767]  val[tot=1.3003 1a=1.2273 1b=0.0112 seg=0.0618]  151.2s
Epoch 132/200  train[tot=1.6024 1a=1.4800 1b=0.0359 seg=0.0864]  val[tot=1.2975 1a=1.2247 1b=0.0114 seg=0.0614]  151.0s
Epoch 133/200  train[tot=1.6027 1a=1.4768 1b=0.0402 seg=0.0857]  val[tot=1.2988 1a=1.2253 1b=0.0119 seg=0.0616]  151.0s
Epoch 134/200  train[tot=1.6058 1a=1.4805 1b=0.0400 seg=0.0853]  val[tot=1.3014 1a=1.2262 1b=0.0138 seg=0.0614]  150.7s
Epoch 135/200  train[tot=1.6135 1a=1.4891 1b=0.0369 seg=0.0876]  val[tot=1.2980 1a=1.2250 1b=0.0118 seg=0.0613]  151.1s
Epoch 136/200  train[tot=1.5952 1a=1.4778 1b=0.0402 seg=0.0772]  val[tot=1.2976 1a=1.2248 1b=0.0119 seg=0.0609]  150.9s
Epoch 137/200  train[tot=1.6144 1a=1.4877 1b=0.0403 seg=0.0864]  val[tot=1.2977 1a=1.2262 1b=0.0105 seg=0.0610]  151.0s
Epoch 138/200  train[tot=1.5911 1a=1.4774 1b=0.0388 seg=0.0748]  val[tot=1.2971 1a=1.2248 1b=0.0109 seg=0.0615]  150.9s
Epoch 139/200  train[tot=1.5798 1a=1.4686 1b=0.0342 seg=0.0770]  val[tot=1.3003 1a=1.2259 1b=0.0118 seg=0.0626]  151.1s
Epoch 140/200  train[tot=1.6028 1a=1.4797 1b=0.0371 seg=0.0860]  val[tot=1.3094 1a=1.2286 1b=0.0186 seg=0.0621]  151.5s
  → checkpoint sauvegardé : /home/rousseau/Exp/lisa2026/outputs/checkpoints/epoch_0140.pt
  [viz] Loss curves → /home/rousseau/Exp/lisa2026/results/plots/loss_curves.png
  [viz] Task1a confusion → /home/rousseau/Exp/lisa2026/results/plots/task1a_confusion_ep0140.png
  [viz] Task1b samples → /home/rousseau/Exp/lisa2026/results/plots/task1b_samples_ep0140.png
  [viz] Task2 samples → /home/rousseau/Exp/lisa2026/results/plots/task2_seg_ep0140.png
Epoch 141/200  train[tot=1.5813 1a=1.4554 1b=0.0405 seg=0.0853]  val[tot=1.2970 1a=1.2251 1b=0.0105 seg=0.0613]  151.4s
Epoch 142/200  train[tot=1.6148 1a=1.4950 1b=0.0355 seg=0.0843]  val[tot=1.2972 1a=1.2260 1b=0.0096 seg=0.0616]  151.1s
Epoch 143/200  train[tot=1.5873 1a=1.4765 1b=0.0369 seg=0.0739]  val[tot=1.3000 1a=1.2266 1b=0.0114 seg=0.0620]  150.8s
Epoch 144/200  train[tot=1.6107 1a=1.4875 1b=0.0405 seg=0.0828]  val[tot=1.3008 1a=1.2253 1b=0.0145 seg=0.0610]  151.0s
Epoch 145/200  train[tot=1.6047 1a=1.4892 1b=0.0388 seg=0.0767]  val[tot=1.2975 1a=1.2248 1b=0.0111 seg=0.0616]  151.0s
Epoch 146/200  train[tot=1.6221 1a=1.4961 1b=0.0401 seg=0.0859]  val[tot=1.2965 1a=1.2249 1b=0.0100 seg=0.0616]  150.9s
Epoch 147/200  train[tot=1.6155 1a=1.4947 1b=0.0395 seg=0.0814]  val[tot=1.2985 1a=1.2262 1b=0.0108 seg=0.0615]  151.2s
Epoch 148/200  train[tot=1.5904 1a=1.4750 1b=0.0353 seg=0.0800]  val[tot=1.2994 1a=1.2260 1b=0.0116 seg=0.0618]  151.3s
Epoch 149/200  train[tot=1.5932 1a=1.4740 1b=0.0392 seg=0.0800]  val[tot=1.2999 1a=1.2275 1b=0.0113 seg=0.0611]  151.7s
Epoch 150/200  train[tot=1.6087 1a=1.4928 1b=0.0355 seg=0.0804]  val[tot=1.2988 1a=1.2259 1b=0.0112 seg=0.0617]  151.1s
  → checkpoint sauvegardé : /home/rousseau/Exp/lisa2026/outputs/checkpoints/epoch_0150.pt
  [viz] Loss curves → /home/rousseau/Exp/lisa2026/results/plots/loss_curves.png
  [viz] Task1a confusion → /home/rousseau/Exp/lisa2026/results/plots/task1a_confusion_ep0150.png
  [viz] Task1b samples → /home/rousseau/Exp/lisa2026/results/plots/task1b_samples_ep0150.png
  [viz] Task2 samples → /home/rousseau/Exp/lisa2026/results/plots/task2_seg_ep0150.png
Epoch 151/200  train[tot=1.5841 1a=1.4713 1b=0.0376 seg=0.0751]  val[tot=1.2993 1a=1.2256 1b=0.0123 seg=0.0614]  151.1s
Epoch 152/200  train[tot=1.5951 1a=1.4855 1b=0.0345 seg=0.0751]  val[tot=1.2982 1a=1.2245 1b=0.0124 seg=0.0613]  151.0s
Epoch 153/200  train[tot=1.5941 1a=1.4755 1b=0.0374 seg=0.0812]  val[tot=1.2966 1a=1.2246 1b=0.0104 seg=0.0616]  151.2s
Epoch 154/200  train[tot=1.6095 1a=1.4893 1b=0.0403 seg=0.0800]  val[tot=1.2987 1a=1.2262 1b=0.0113 seg=0.0611]  151.6s
Epoch 155/200  train[tot=1.6000 1a=1.4853 1b=0.0391 seg=0.0756]  val[tot=1.3021 1a=1.2267 1b=0.0139 seg=0.0615]  150.8s
Epoch 156/200  train[tot=1.5868 1a=1.4704 1b=0.0384 seg=0.0780]  val[tot=1.2991 1a=1.2263 1b=0.0110 seg=0.0617]  150.9s
Epoch 157/200  train[tot=1.5905 1a=1.4797 1b=0.0378 seg=0.0729]  val[tot=1.2991 1a=1.2259 1b=0.0115 seg=0.0617]  150.9s
Epoch 158/200  train[tot=1.5883 1a=1.4724 1b=0.0364 seg=0.0795]  val[tot=1.2986 1a=1.2242 1b=0.0124 seg=0.0620]  150.9s
  → best model (val 1a=1.2242) sauvegardé : /home/rousseau/Exp/lisa2026/outputs/checkpoints/best_model.pt
Epoch 159/200  train[tot=1.5865 1a=1.4764 1b=0.0384 seg=0.0718]  val[tot=1.2974 1a=1.2250 1b=0.0112 seg=0.0613]  151.1s
Epoch 160/200  train[tot=1.5992 1a=1.4802 1b=0.0396 seg=0.0795]  val[tot=1.2994 1a=1.2257 1b=0.0118 seg=0.0619]  150.9s
  → checkpoint sauvegardé : /home/rousseau/Exp/lisa2026/outputs/checkpoints/epoch_0160.pt
  [viz] Loss curves → /home/rousseau/Exp/lisa2026/results/plots/loss_curves.png
  [viz] Task1a confusion → /home/rousseau/Exp/lisa2026/results/plots/task1a_confusion_ep0160.png
  [viz] Task1b samples → /home/rousseau/Exp/lisa2026/results/plots/task1b_samples_ep0160.png
  [viz] Task2 samples → /home/rousseau/Exp/lisa2026/results/plots/task2_seg_ep0160.png
Epoch 161/200  train[tot=1.5860 1a=1.4700 1b=0.0403 seg=0.0757]  val[tot=1.3013 1a=1.2267 1b=0.0130 seg=0.0616]  150.4s
Epoch 162/200  train[tot=1.5901 1a=1.4719 1b=0.0396 seg=0.0787]  val[tot=1.2986 1a=1.2263 1b=0.0109 seg=0.0614]  151.5s
Epoch 163/200  train[tot=1.6104 1a=1.4897 1b=0.0400 seg=0.0807]  val[tot=1.2960 1a=1.2243 1b=0.0102 seg=0.0616]  151.1s
Epoch 164/200  train[tot=1.6039 1a=1.4915 1b=0.0382 seg=0.0741]  val[tot=1.2982 1a=1.2239 1b=0.0125 seg=0.0618]  150.9s
  → best model (val 1a=1.2239) sauvegardé : /home/rousseau/Exp/lisa2026/outputs/checkpoints/best_model.pt
Epoch 165/200  train[tot=1.6098 1a=1.4988 1b=0.0374 seg=0.0737]  val[tot=1.2988 1a=1.2244 1b=0.0128 seg=0.0615]  150.8s
Epoch 166/200  train[tot=1.6179 1a=1.5000 1b=0.0380 seg=0.0799]  val[tot=1.3004 1a=1.2268 1b=0.0124 seg=0.0612]  151.2s
Epoch 167/200  train[tot=1.6008 1a=1.4859 1b=0.0391 seg=0.0758]  val[tot=1.2979 1a=1.2251 1b=0.0115 seg=0.0613]  151.1s
Epoch 168/200  train[tot=1.5849 1a=1.4738 1b=0.0343 seg=0.0769]  val[tot=1.2994 1a=1.2255 1b=0.0124 seg=0.0616]  150.9s
Epoch 169/200  train[tot=1.5894 1a=1.4661 1b=0.0400 seg=0.0832]  val[tot=1.2983 1a=1.2247 1b=0.0120 seg=0.0616]  150.9s
Epoch 170/200  train[tot=1.5916 1a=1.4744 1b=0.0371 seg=0.0800]  val[tot=1.3010 1a=1.2261 1b=0.0125 seg=0.0623]  151.0s
  → checkpoint sauvegardé : /home/rousseau/Exp/lisa2026/outputs/checkpoints/epoch_0170.pt
  [viz] Loss curves → /home/rousseau/Exp/lisa2026/results/plots/loss_curves.png
  [viz] Task1a confusion → /home/rousseau/Exp/lisa2026/results/plots/task1a_confusion_ep0170.png
  [viz] Task1b samples → /home/rousseau/Exp/lisa2026/results/plots/task1b_samples_ep0170.png
  [viz] Task2 samples → /home/rousseau/Exp/lisa2026/results/plots/task2_seg_ep0170.png
Epoch 171/200  train[tot=1.5827 1a=1.4727 1b=0.0373 seg=0.0727]  val[tot=1.2984 1a=1.2242 1b=0.0122 seg=0.0620]  150.9s
Epoch 172/200  train[tot=1.5971 1a=1.4880 1b=0.0373 seg=0.0718]  val[tot=1.2991 1a=1.2249 1b=0.0123 seg=0.0619]  150.6s
Epoch 173/200  train[tot=1.5828 1a=1.4737 1b=0.0369 seg=0.0722]  val[tot=1.2971 1a=1.2237 1b=0.0116 seg=0.0618]  150.1s
  → best model (val 1a=1.2237) sauvegardé : /home/rousseau/Exp/lisa2026/outputs/checkpoints/best_model.pt
Epoch 174/200  train[tot=1.5859 1a=1.4738 1b=0.0373 seg=0.0749]  val[tot=1.2993 1a=1.2254 1b=0.0122 seg=0.0617]  150.1s
Epoch 175/200  train[tot=1.5966 1a=1.4815 1b=0.0382 seg=0.0769]  val[tot=1.2985 1a=1.2249 1b=0.0117 seg=0.0619]  150.3s
Epoch 176/200  train[tot=1.5994 1a=1.4841 1b=0.0403 seg=0.0750]  val[tot=1.2981 1a=1.2253 1b=0.0115 seg=0.0613]  150.8s
Epoch 177/200  train[tot=1.5802 1a=1.4671 1b=0.0375 seg=0.0756]  val[tot=1.2980 1a=1.2250 1b=0.0116 seg=0.0614]  150.9s
Epoch 178/200  train[tot=1.5923 1a=1.4838 1b=0.0370 seg=0.0716]  val[tot=1.2985 1a=1.2244 1b=0.0125 seg=0.0616]  150.0s
Epoch 179/200  train[tot=1.5946 1a=1.4837 1b=0.0411 seg=0.0699]  val[tot=1.2984 1a=1.2251 1b=0.0115 seg=0.0618]  150.2s
Epoch 180/200  train[tot=1.5900 1a=1.4838 1b=0.0346 seg=0.0716]  val[tot=1.2990 1a=1.2252 1b=0.0120 seg=0.0618]  150.2s
  → checkpoint sauvegardé : /home/rousseau/Exp/lisa2026/outputs/checkpoints/epoch_0180.pt
  [viz] Loss curves → /home/rousseau/Exp/lisa2026/results/plots/loss_curves.png
  [viz] Task1a confusion → /home/rousseau/Exp/lisa2026/results/plots/task1a_confusion_ep0180.png
  [viz] Task1b samples → /home/rousseau/Exp/lisa2026/results/plots/task1b_samples_ep0180.png
  [viz] Task2 samples → /home/rousseau/Exp/lisa2026/results/plots/task2_seg_ep0180.png
Epoch 181/200  train[tot=1.6115 1a=1.4998 1b=0.0359 seg=0.0758]  val[tot=1.2968 1a=1.2245 1b=0.0107 seg=0.0616]  150.2s
Epoch 182/200  train[tot=1.5806 1a=1.4580 1b=0.0397 seg=0.0828]  val[tot=1.2982 1a=1.2247 1b=0.0115 seg=0.0620]  150.5s
Epoch 183/200  train[tot=1.5711 1a=1.4609 1b=0.0360 seg=0.0743]  val[tot=1.2973 1a=1.2241 1b=0.0116 seg=0.0617]  150.3s
Epoch 184/200  train[tot=1.6042 1a=1.4897 1b=0.0375 seg=0.0769]  val[tot=1.2980 1a=1.2254 1b=0.0113 seg=0.0614]  150.1s
Epoch 185/200  train[tot=1.5856 1a=1.4730 1b=0.0380 seg=0.0746]  val[tot=1.2985 1a=1.2251 1b=0.0117 seg=0.0617]  150.1s
Epoch 186/200  train[tot=1.5670 1a=1.4604 1b=0.0376 seg=0.0691]  val[tot=1.2969 1a=1.2244 1b=0.0109 seg=0.0616]  150.9s
Epoch 187/200  train[tot=1.5843 1a=1.4736 1b=0.0361 seg=0.0746]  val[tot=1.2976 1a=1.2249 1b=0.0112 seg=0.0614]  151.6s
Epoch 188/200  train[tot=1.6120 1a=1.4957 1b=0.0386 seg=0.0777]  val[tot=1.2973 1a=1.2246 1b=0.0113 seg=0.0615]  151.1s
Epoch 189/200  train[tot=1.5909 1a=1.4736 1b=0.0378 seg=0.0795]  val[tot=1.2977 1a=1.2249 1b=0.0112 seg=0.0615]  150.9s
Epoch 190/200  train[tot=1.5656 1a=1.4588 1b=0.0380 seg=0.0689]  val[tot=1.2973 1a=1.2246 1b=0.0111 seg=0.0617]  150.9s
  → checkpoint sauvegardé : /home/rousseau/Exp/lisa2026/outputs/checkpoints/epoch_0190.pt
  [viz] Loss curves → /home/rousseau/Exp/lisa2026/results/plots/loss_curves.png
  [viz] Task1a confusion → /home/rousseau/Exp/lisa2026/results/plots/task1a_confusion_ep0190.png
  [viz] Task1b samples → /home/rousseau/Exp/lisa2026/results/plots/task1b_samples_ep0190.png
  [viz] Task2 samples → /home/rousseau/Exp/lisa2026/results/plots/task2_seg_ep0190.png
Epoch 191/200  train[tot=1.5768 1a=1.4698 1b=0.0341 seg=0.0729]  val[tot=1.2976 1a=1.2248 1b=0.0113 seg=0.0616]  151.0s
Epoch 192/200  train[tot=1.5876 1a=1.4738 1b=0.0376 seg=0.0762]  val[tot=1.2974 1a=1.2247 1b=0.0111 seg=0.0616]  151.0s
Epoch 193/200  train[tot=1.5905 1a=1.4752 1b=0.0391 seg=0.0763]  val[tot=1.2978 1a=1.2248 1b=0.0114 seg=0.0616]  151.0s
Epoch 194/200  train[tot=1.6071 1a=1.4935 1b=0.0395 seg=0.0741]  val[tot=1.2979 1a=1.2250 1b=0.0113 seg=0.0616]  151.2s
Epoch 195/200  train[tot=1.5982 1a=1.4916 1b=0.0343 seg=0.0723]  val[tot=1.2976 1a=1.2249 1b=0.0110 seg=0.0617]  150.5s
Epoch 196/200  train[tot=1.5948 1a=1.4841 1b=0.0364 seg=0.0743]  val[tot=1.2975 1a=1.2248 1b=0.0111 seg=0.0616]  151.1s
Epoch 197/200  train[tot=1.5926 1a=1.4831 1b=0.0362 seg=0.0734]  val[tot=1.2974 1a=1.2248 1b=0.0110 seg=0.0616]  150.5s
Epoch 198/200  train[tot=1.5892 1a=1.4732 1b=0.0407 seg=0.0753]  val[tot=1.2975 1a=1.2248 1b=0.0110 seg=0.0616]  150.1s
Epoch 199/200  train[tot=1.5942 1a=1.4807 1b=0.0346 seg=0.0788]  val[tot=1.2975 1a=1.2248 1b=0.0110 seg=0.0616]  150.2s
Epoch 200/200  train[tot=1.5699 1a=1.4619 1b=0.0327 seg=0.0753]  val[tot=1.2975 1a=1.2248 1b=0.0110 seg=0.0616]  150.1s
  → checkpoint sauvegardé : /home/rousseau/Exp/lisa2026/outputs/checkpoints/epoch_0200.pt
  [viz] Loss curves → /home/rousseau/Exp/lisa2026/results/plots/loss_curves.png
  [viz] Task1a confusion → /home/rousseau/Exp/lisa2026/results/plots/task1a_confusion_ep0200.png
  [viz] Task1b samples → /home/rousseau/Exp/lisa2026/results/plots/task1b_samples_ep0200.png
  [viz] Task2 samples → /home/rousseau/Exp/lisa2026/results/plots/task2_seg_ep0200.png
Entraînement terminé.
