/home/rousseau/miniforge3/lib/python3.13/site-packages/torch/cuda/__init__.py:435: UserWarning: 
    Found GPU0 NVIDIA GB10 which is of cuda capability 12.1.
    Minimum and Maximum cuda capability supported by this version of PyTorch is
    (8.0) - (12.0)
    
  queued_call()
Config      : configs/train_default.yaml
Device      : cuda
Target size : (96, 96, 96)
Base ch     : 32  (bottleneck=512ch, feat=32ch)
Debug mode  : False
Train : 608 items | Val : 98 items
Task 1a class weights (sévérité, moyennés sur artefacts) :
  Noise         sev0=0.14  sev1=1.69  sev2=1.17  art_w=0.78
  Zipper        sev0=0.24  sev1=0.61  sev2=2.15  art_w=0.40
  Positioning   sev0=0.10  sev1=1.09  sev2=1.81  art_w=1.06
  Banding       sev0=0.02  sev1=2.10  sev2=0.88  art_w=3.50
  Motion        sev0=0.33  sev1=1.21  sev2=1.46  art_w=0.40
  Contrast      sev0=0.24  sev1=0.48  sev2=2.28  art_w=0.36
  Distortion    sev0=0.24  sev1=1.03  sev2=1.73  art_w=0.49
Paramètres  : 24,444,772
Epoch   1/200  train[tot=2.5288 1a=1.5604 1b=0.1291 seg=0.8392]  val[tot=1.7692 1a=1.2437 1b=0.0756 seg=0.4500]  194.4s
  → best model (val 1a=1.2437) sauvegardé : /home/rousseau/Exp/lisa2026/outputs/checkpoints/best_model.pt
Epoch   2/200  train[tot=2.3221 1a=1.5154 1b=0.1106 seg=0.6961]  val[tot=1.7297 1a=1.2457 1b=0.0659 seg=0.4181]  193.7s
Epoch   3/200  train[tot=2.3250 1a=1.5407 1b=0.1066 seg=0.6776]  val[tot=1.6799 1a=1.2468 1b=0.0481 seg=0.3851]  193.2s
