/home/rousseau/miniforge3/lib/python3.13/site-packages/torch/cuda/__init__.py:435: UserWarning: 
    Found GPU0 NVIDIA GB10 which is of cuda capability 12.1.
    Minimum and Maximum cuda capability supported by this version of PyTorch is
    (8.0) - (12.0)
    
  queued_call()
Config      : configs/train_default.yaml
Device      : cuda
Target size : (96, 96, 96)
Base ch     : 32  (bottleneck=512ch, feat=32ch)
Debug mode  : False
Train : 608 items | Val : 98 items
Task 1a class weights (sévérité, moyennés sur artefacts) :
  Noise         sev0=0.14  sev1=1.69  sev2=1.17  art_w=0.78
  Zipper        sev0=0.24  sev1=0.61  sev2=2.15  art_w=0.40
  Positioning   sev0=0.10  sev1=1.09  sev2=1.81  art_w=1.06
  Banding       sev0=0.02  sev1=2.10  sev2=0.88  art_w=3.50
  Motion        sev0=0.33  sev1=1.21  sev2=1.46  art_w=0.40
  Contrast      sev0=0.24  sev1=0.48  sev2=2.28  art_w=0.36
  Distortion    sev0=0.24  sev1=1.03  sev2=1.73  art_w=0.49
Paramètres  : 24,444,772
Epoch   1/200  train[tot=2.3314 1a=1.5499 1b=0.1226 seg=0.6589]  val[tot=1.6863 1a=1.2460 1b=0.0779 seg=0.3624]  192.7s
  → best model (val 1a=1.2460) sauvegardé : /home/rousseau/Exp/lisa2026/outputs/checkpoints/best_model.pt
Epoch   2/200  train[tot=2.2608 1a=1.5535 1b=0.1284 seg=0.5789]  val[tot=1.6417 1a=1.2441 1b=0.0723 seg=0.3254]  191.9s
  → best model (val 1a=1.2441) sauvegardé : /home/rousseau/Exp/lisa2026/outputs/checkpoints/best_model.pt
Epoch   3/200  train[tot=2.1784 1a=1.5412 1b=0.1120 seg=0.5252]  val[tot=1.6088 1a=1.2440 1b=0.0678 seg=0.2970]  192.0s
  → best model (val 1a=1.2440) sauvegardé : /home/rousseau/Exp/lisa2026/outputs/checkpoints/best_model.pt
Epoch   4/200  train[tot=2.1871 1a=1.5607 1b=0.1074 seg=0.5189]  val[tot=1.5838 1a=1.2453 1b=0.0628 seg=0.2756]  192.9s
Epoch   5/200  train[tot=2.0902 1a=1.5406 1b=0.0909 seg=0.4587]  val[tot=1.5509 1a=1.2443 1b=0.0520 seg=0.2545]  192.0s
Epoch   6/200  train[tot=2.0743 1a=1.5425 1b=0.0857 seg=0.4461]  val[tot=1.5265 1a=1.2411 1b=0.0490 seg=0.2363]  192.6s
  → best model (val 1a=1.2411) sauvegardé : /home/rousseau/Exp/lisa2026/outputs/checkpoints/best_model.pt
Epoch   7/200  train[tot=2.0449 1a=1.5434 1b=0.0827 seg=0.4187]  val[tot=1.5170 1a=1.2439 1b=0.0501 seg=0.2230]  192.6s
Epoch   8/200  train[tot=1.9782 1a=1.5322 1b=0.0771 seg=0.3689]  val[tot=1.5029 1a=1.2449 1b=0.0445 seg=0.2134]  192.7s
Epoch   9/200  train[tot=1.9632 1a=1.5373 1b=0.0807 seg=0.3452]  val[tot=1.5084 1a=1.2437 1b=0.0581 seg=0.2066]  192.5s
Epoch  10/200  train[tot=1.9778 1a=1.5474 1b=0.0815 seg=0.3489]  val[tot=1.4840 1a=1.2446 1b=0.0417 seg=0.1977]  192.0s
  → checkpoint sauvegardé : /home/rousseau/Exp/lisa2026/outputs/checkpoints/epoch_0010.pt
Epoch  11/200  train[tot=1.9191 1a=1.5395 1b=0.0677 seg=0.3119]  val[tot=1.4661 1a=1.2467 1b=0.0289 seg=0.1905]  192.2s
Epoch  12/200  train[tot=1.9445 1a=1.5459 1b=0.0708 seg=0.3278]  val[tot=1.4633 1a=1.2411 1b=0.0364 seg=0.1857]  192.3s
Epoch  13/200  train[tot=1.9369 1a=1.5340 1b=0.0679 seg=0.3349]  val[tot=1.4560 1a=1.2429 1b=0.0318 seg=0.1813]  192.3s
Epoch  14/200  train[tot=1.9155 1a=1.5186 1b=0.0675 seg=0.3293]  val[tot=1.4501 1a=1.2411 1b=0.0313 seg=0.1777]  192.3s
  → best model (val 1a=1.2411) sauvegardé : /home/rousseau/Exp/lisa2026/outputs/checkpoints/best_model.pt
Epoch  15/200  train[tot=1.8883 1a=1.5355 1b=0.0664 seg=0.2864]  val[tot=1.4414 1a=1.2417 1b=0.0245 seg=0.1752]  192.5s
