/home/rousseau/miniforge3/lib/python3.13/site-packages/torch/cuda/__init__.py:435: UserWarning: 
    Found GPU0 NVIDIA GB10 which is of cuda capability 12.1.
    Minimum and Maximum cuda capability supported by this version of PyTorch is
    (8.0) - (12.0)
    
  queued_call()
Config      : configs/train_default.yaml
Device      : cuda
Target size : (96, 96, 96)
Disentangle : z_anat=16  z_mod=8  z_art=8
Debug mode  : False
Train : 608 items | Val : 98 items
Task 1a class weights (sévérité, moyennés sur artefacts) :
  Noise         sev0=0.14  sev1=1.69  sev2=1.17  art_w=0.78
  Zipper        sev0=0.24  sev1=0.61  sev2=2.15  art_w=0.40
  Positioning   sev0=0.10  sev1=1.09  sev2=1.81  art_w=1.06
  Banding       sev0=0.02  sev1=2.10  sev2=0.88  art_w=3.50
  Motion        sev0=0.33  sev1=1.21  sev2=1.46  art_w=0.40
  Contrast      sev0=0.24  sev1=0.48  sev2=2.28  art_w=0.36
  Distortion    sev0=0.24  sev1=1.03  sev2=1.73  art_w=0.49
Paramètres  : 8,259,108
Epoch   1/100  train[tot=1.6860 1a=0.7941 1b=0.0800 seg=0.8119]  val[tot=1.1076 1a=0.6336 1b=0.0578 seg=0.4162]  149.8s
Epoch   2/100  train[tot=1.3704 1a=0.6855 1b=0.0566 seg=0.6284]  val[tot=1.0851 1a=0.6540 1b=0.0405 seg=0.3906]  149.5s
Epoch   3/100  train[tot=1.3602 1a=0.6854 1b=0.0498 seg=0.6251]  val[tot=1.0952 1a=0.6908 1b=0.0353 seg=0.3691]  149.6s
Epoch   4/100  train[tot=1.2852 1a=0.6957 1b=0.0408 seg=0.5487]  val[tot=1.0874 1a=0.7004 1b=0.0349 seg=0.3521]  149.8s
Epoch   5/100  train[tot=1.3380 1a=0.6955 1b=0.0365 seg=0.6059]  val[tot=1.0357 1a=0.6758 1b=0.0261 seg=0.3338]  149.2s
Epoch   6/100  train[tot=1.2866 1a=0.7041 1b=0.0340 seg=0.5485]  val[tot=1.0073 1a=0.6651 1b=0.0254 seg=0.3167]  149.3s
Epoch   7/100  train[tot=1.2851 1a=0.7113 1b=0.0279 seg=0.5458]  val[tot=1.0196 1a=0.6896 1b=0.0270 seg=0.3029]  149.6s
Epoch   8/100  train[tot=1.2083 1a=0.6936 1b=0.0307 seg=0.4840]  val[tot=0.9797 1a=0.6715 1b=0.0200 seg=0.2883]  149.7s
Epoch   9/100  train[tot=1.1550 1a=0.6660 1b=0.0279 seg=0.4612]  val[tot=0.9878 1a=0.6950 1b=0.0189 seg=0.2738]  149.5s
Epoch  10/100  train[tot=1.1590 1a=0.6944 1b=0.0247 seg=0.4399]  val[tot=0.9526 1a=0.6705 1b=0.0199 seg=0.2622]  149.6s
  → checkpoint sauvegardé : /home/rousseau/Exp/lisa2026/outputs/checkpoints/epoch_0010.pt
  [viz] Loss curves → /home/rousseau/Exp/lisa2026/results/plots/loss_curves.png
  [viz] Task1a confusion → /home/rousseau/Exp/lisa2026/results/plots/task1a_confusion_ep0010.png
  [viz] Task1b samples → /home/rousseau/Exp/lisa2026/results/plots/task1b_samples_ep0010.png
  [viz] Task2 samples → /home/rousseau/Exp/lisa2026/results/plots/task2_seg_ep0010.png
Epoch  11/100  train[tot=1.1085 1a=0.6539 1b=0.0215 seg=0.4331]  val[tot=1.0200 1a=0.7546 1b=0.0151 seg=0.2503]  149.4s
Epoch  12/100  train[tot=1.1636 1a=0.7086 1b=0.0223 seg=0.4327]  val[tot=0.9533 1a=0.6962 1b=0.0180 seg=0.2392]  149.7s
Epoch  13/100  train[tot=1.0681 1a=0.6603 1b=0.0226 seg=0.3852]  val[tot=1.0321 1a=0.7875 1b=0.0144 seg=0.2302]  149.6s
Epoch  14/100  train[tot=1.0768 1a=0.6478 1b=0.0203 seg=0.4086]  val[tot=0.9843 1a=0.7487 1b=0.0132 seg=0.2224]  149.4s
Epoch  15/100  train[tot=1.0364 1a=0.6432 1b=0.0170 seg=0.3761]  val[tot=0.9513 1a=0.7238 1b=0.0130 seg=0.2145]  149.3s
Epoch  16/100  train[tot=1.0176 1a=0.6467 1b=0.0174 seg=0.3535]  val[tot=0.9576 1a=0.7393 1b=0.0119 seg=0.2065]  149.5s
Epoch  17/100  train[tot=0.9959 1a=0.6286 1b=0.0170 seg=0.3503]  val[tot=0.9838 1a=0.7627 1b=0.0219 seg=0.1992]  149.7s
Epoch  18/100  train[tot=0.9949 1a=0.6473 1b=0.0159 seg=0.3316]  val[tot=0.9664 1a=0.7577 1b=0.0154 seg=0.1932]  149.8s
Epoch  19/100  train[tot=0.9538 1a=0.6262 1b=0.0153 seg=0.3123]  val[tot=0.9814 1a=0.7822 1b=0.0117 seg=0.1875]  149.7s
Epoch  20/100  train[tot=0.9401 1a=0.6202 1b=0.0167 seg=0.3032]  val[tot=1.0336 1a=0.8366 1b=0.0147 seg=0.1823]  149.8s
  → checkpoint sauvegardé : /home/rousseau/Exp/lisa2026/outputs/checkpoints/epoch_0020.pt
  [viz] Loss curves → /home/rousseau/Exp/lisa2026/results/plots/loss_curves.png
  [viz] Task1a confusion → /home/rousseau/Exp/lisa2026/results/plots/task1a_confusion_ep0020.png
  [viz] Task1b samples → /home/rousseau/Exp/lisa2026/results/plots/task1b_samples_ep0020.png
  [viz] Task2 samples → /home/rousseau/Exp/lisa2026/results/plots/task2_seg_ep0020.png
Epoch  21/100  train[tot=0.9139 1a=0.5947 1b=0.0159 seg=0.3033]  val[tot=0.9913 1a=0.7997 1b=0.0123 seg=0.1793]  149.7s
Epoch  22/100  train[tot=0.8892 1a=0.5874 1b=0.0155 seg=0.2863]  val[tot=0.9543 1a=0.7700 1b=0.0116 seg=0.1727]  149.9s
Epoch  23/100  train[tot=0.9173 1a=0.6032 1b=0.0143 seg=0.2998]  val[tot=1.0337 1a=0.8562 1b=0.0099 seg=0.1676]  149.8s
Epoch  24/100  train[tot=0.8977 1a=0.5932 1b=0.0133 seg=0.2913]  val[tot=0.9461 1a=0.7676 1b=0.0142 seg=0.1642]  149.8s
Epoch  25/100  train[tot=0.8593 1a=0.5772 1b=0.0127 seg=0.2694]  val[tot=1.0113 1a=0.8422 1b=0.0102 seg=0.1589]  149.5s
Epoch  26/100  train[tot=0.8281 1a=0.5577 1b=0.0144 seg=0.2560]  val[tot=1.0035 1a=0.8351 1b=0.0128 seg=0.1556]  149.8s
Epoch  27/100  train[tot=0.8203 1a=0.5431 1b=0.0119 seg=0.2653]  val[tot=1.0395 1a=0.8787 1b=0.0096 seg=0.1513]  149.9s
Epoch  28/100  train[tot=0.7953 1a=0.5396 1b=0.0117 seg=0.2441]  val[tot=0.9540 1a=0.7925 1b=0.0096 seg=0.1519]  149.8s
Epoch  29/100  train[tot=0.7879 1a=0.5475 1b=0.0118 seg=0.2286]  val[tot=0.9292 1a=0.7697 1b=0.0129 seg=0.1466]  149.8s
Epoch  30/100  train[tot=0.7858 1a=0.5404 1b=0.0117 seg=0.2338]  val[tot=0.9806 1a=0.8286 1b=0.0090 seg=0.1429]  149.7s
  → checkpoint sauvegardé : /home/rousseau/Exp/lisa2026/outputs/checkpoints/epoch_0030.pt
  [viz] Loss curves → /home/rousseau/Exp/lisa2026/results/plots/loss_curves.png
  [viz] Task1a confusion → /home/rousseau/Exp/lisa2026/results/plots/task1a_confusion_ep0030.png
  [viz] Task1b samples → /home/rousseau/Exp/lisa2026/results/plots/task1b_samples_ep0030.png
  [viz] Task2 samples → /home/rousseau/Exp/lisa2026/results/plots/task2_seg_ep0030.png
Epoch  31/100  train[tot=0.8138 1a=0.5462 1b=0.0119 seg=0.2557]  val[tot=1.0298 1a=0.8811 1b=0.0100 seg=0.1388]  149.8s
Epoch  32/100  train[tot=0.7597 1a=0.5249 1b=0.0115 seg=0.2232]  val[tot=1.0577 1a=0.9119 1b=0.0097 seg=0.1362]  149.9s
Epoch  33/100  train[tot=0.7674 1a=0.5334 1b=0.0110 seg=0.2230]  val[tot=1.0625 1a=0.9205 1b=0.0085 seg=0.1334]  149.8s
Epoch  34/100  train[tot=0.7432 1a=0.5071 1b=0.0121 seg=0.2239]  val[tot=0.9652 1a=0.8270 1b=0.0080 seg=0.1303]  149.8s
Epoch  35/100  train[tot=0.7223 1a=0.5035 1b=0.0108 seg=0.2080]  val[tot=1.0272 1a=0.8918 1b=0.0079 seg=0.1275]  149.9s
Epoch  36/100  train[tot=0.7436 1a=0.5177 1b=0.0103 seg=0.2156]  val[tot=0.9846 1a=0.8481 1b=0.0084 seg=0.1281]  150.0s
Epoch  37/100  train[tot=0.7342 1a=0.5082 1b=0.0107 seg=0.2153]  val[tot=1.0099 1a=0.8799 1b=0.0077 seg=0.1223]  149.8s
Epoch  38/100  train[tot=0.7206 1a=0.5015 1b=0.0101 seg=0.2089]  val[tot=0.9887 1a=0.8608 1b=0.0082 seg=0.1197]  149.9s
Epoch  39/100  train[tot=0.7081 1a=0.4870 1b=0.0108 seg=0.2103]  val[tot=0.9657 1a=0.8388 1b=0.0079 seg=0.1190]  149.8s
Epoch  40/100  train[tot=0.7047 1a=0.5005 1b=0.0098 seg=0.1943]  val[tot=0.9585 1a=0.8354 1b=0.0082 seg=0.1149]  149.7s
  → checkpoint sauvegardé : /home/rousseau/Exp/lisa2026/outputs/checkpoints/epoch_0040.pt
  [viz] Loss curves → /home/rousseau/Exp/lisa2026/results/plots/loss_curves.png
  [viz] Task1a confusion → /home/rousseau/Exp/lisa2026/results/plots/task1a_confusion_ep0040.png
  [viz] Task1b samples → /home/rousseau/Exp/lisa2026/results/plots/task1b_samples_ep0040.png
  [viz] Task2 samples → /home/rousseau/Exp/lisa2026/results/plots/task2_seg_ep0040.png
Epoch  41/100  train[tot=0.6664 1a=0.4711 1b=0.0111 seg=0.1843]  val[tot=0.9773 1a=0.8514 1b=0.0133 seg=0.1126]  149.7s
Epoch  42/100  train[tot=0.6630 1a=0.4774 1b=0.0104 seg=0.1752]  val[tot=1.0812 1a=0.9657 1b=0.0076 seg=0.1080]  149.7s
Epoch  43/100  train[tot=0.6621 1a=0.4723 1b=0.0094 seg=0.1804]  val[tot=0.9792 1a=0.8650 1b=0.0083 seg=0.1059]  149.7s
Epoch  44/100  train[tot=0.6673 1a=0.4697 1b=0.0102 seg=0.1874]  val[tot=0.9730 1a=0.8588 1b=0.0082 seg=0.1061]  149.8s
Epoch  45/100  train[tot=0.6122 1a=0.4354 1b=0.0102 seg=0.1665]  val[tot=0.9704 1a=0.8575 1b=0.0086 seg=0.1043]  149.9s
Epoch  46/100  train[tot=0.6229 1a=0.4502 1b=0.0091 seg=0.1635]  val[tot=1.0945 1a=0.9846 1b=0.0092 seg=0.1007]  150.0s
Epoch  47/100  train[tot=0.6214 1a=0.4506 1b=0.0103 seg=0.1605]  val[tot=1.0236 1a=0.9182 1b=0.0069 seg=0.0985]  150.0s
Epoch  48/100  train[tot=0.6023 1a=0.4473 1b=0.0098 seg=0.1453]  val[tot=0.9939 1a=0.8893 1b=0.0080 seg=0.0967]  149.7s
Epoch  49/100  train[tot=0.5975 1a=0.4255 1b=0.0090 seg=0.1630]  val[tot=1.0614 1a=0.9550 1b=0.0111 seg=0.0953]  149.8s
Epoch  50/100  train[tot=0.5834 1a=0.4257 1b=0.0096 seg=0.1481]  val[tot=1.0469 1a=0.9433 1b=0.0083 seg=0.0954]  149.8s
  → checkpoint sauvegardé : /home/rousseau/Exp/lisa2026/outputs/checkpoints/epoch_0050.pt
  [viz] Loss curves → /home/rousseau/Exp/lisa2026/results/plots/loss_curves.png
  [viz] Task1a confusion → /home/rousseau/Exp/lisa2026/results/plots/task1a_confusion_ep0050.png
  [viz] Task1b samples → /home/rousseau/Exp/lisa2026/results/plots/task1b_samples_ep0050.png
  [viz] Task2 samples → /home/rousseau/Exp/lisa2026/results/plots/task2_seg_ep0050.png
Epoch  51/100  train[tot=0.6024 1a=0.4365 1b=0.0086 seg=0.1572]  val[tot=1.1020 1a=0.9981 1b=0.0066 seg=0.0973]  149.8s
Epoch  52/100  train[tot=0.5843 1a=0.4216 1b=0.0086 seg=0.1541]  val[tot=1.1205 1a=1.0222 1b=0.0067 seg=0.0916]  149.7s
Epoch  53/100  train[tot=0.5643 1a=0.4033 1b=0.0089 seg=0.1521]  val[tot=1.1487 1a=1.0510 1b=0.0072 seg=0.0905]  149.7s
Epoch  54/100  train[tot=0.5637 1a=0.4162 1b=0.0079 seg=0.1397]  val[tot=1.0825 1a=0.9857 1b=0.0070 seg=0.0898]  149.7s
Epoch  55/100  train[tot=0.5521 1a=0.4171 1b=0.0084 seg=0.1266]  val[tot=0.9618 1a=0.8645 1b=0.0087 seg=0.0886]  149.8s
Epoch  56/100  train[tot=0.5395 1a=0.4009 1b=0.0081 seg=0.1305]  val[tot=1.0789 1a=0.9829 1b=0.0070 seg=0.0890]  149.8s
Epoch  57/100  train[tot=0.5481 1a=0.4028 1b=0.0077 seg=0.1376]  val[tot=0.9582 1a=0.8629 1b=0.0071 seg=0.0882]  150.1s
Epoch  58/100  train[tot=0.5399 1a=0.4014 1b=0.0085 seg=0.1301]  val[tot=1.1162 1a=1.0225 1b=0.0068 seg=0.0870]  149.6s
Epoch  59/100  train[tot=0.5159 1a=0.3828 1b=0.0075 seg=0.1256]  val[tot=1.1934 1a=1.0988 1b=0.0084 seg=0.0861]  149.9s
Epoch  60/100  train[tot=0.5172 1a=0.3812 1b=0.0078 seg=0.1281]  val[tot=1.0277 1a=0.9339 1b=0.0066 seg=0.0872]  150.0s
  → checkpoint sauvegardé : /home/rousseau/Exp/lisa2026/outputs/checkpoints/epoch_0060.pt
  [viz] Loss curves → /home/rousseau/Exp/lisa2026/results/plots/loss_curves.png
  [viz] Task1a confusion → /home/rousseau/Exp/lisa2026/results/plots/task1a_confusion_ep0060.png
  [viz] Task1b samples → /home/rousseau/Exp/lisa2026/results/plots/task1b_samples_ep0060.png
  [viz] Task2 samples → /home/rousseau/Exp/lisa2026/results/plots/task2_seg_ep0060.png
Epoch  61/100  train[tot=0.5273 1a=0.3889 1b=0.0076 seg=0.1307]  val[tot=1.0534 1a=0.9605 1b=0.0070 seg=0.0860]  149.8s
Epoch  62/100  train[tot=0.5221 1a=0.3755 1b=0.0074 seg=0.1392]  val[tot=1.0425 1a=0.9499 1b=0.0062 seg=0.0864]  150.3s
Epoch  63/100  train[tot=0.5062 1a=0.3681 1b=0.0073 seg=0.1308]  val[tot=1.0985 1a=1.0073 1b=0.0066 seg=0.0847]  149.8s
Epoch  64/100  train[tot=0.5052 1a=0.3596 1b=0.0069 seg=0.1387]  val[tot=1.1936 1a=1.1024 1b=0.0063 seg=0.0850]  149.7s
Epoch  65/100  train[tot=0.4902 1a=0.3581 1b=0.0068 seg=0.1252]  val[tot=1.1079 1a=1.0187 1b=0.0059 seg=0.0833]  149.9s
Epoch  66/100  train[tot=0.4786 1a=0.3403 1b=0.0072 seg=0.1311]  val[tot=1.1789 1a=1.0890 1b=0.0061 seg=0.0838]  149.8s
Epoch  67/100  train[tot=0.4849 1a=0.3511 1b=0.0068 seg=0.1270]  val[tot=1.0610 1a=0.9714 1b=0.0061 seg=0.0834]  149.7s
Epoch  68/100  train[tot=0.4767 1a=0.3410 1b=0.0068 seg=0.1289]  val[tot=1.2093 1a=1.1202 1b=0.0060 seg=0.0831]  149.8s
Epoch  69/100  train[tot=0.4842 1a=0.3593 1b=0.0062 seg=0.1187]  val[tot=1.1994 1a=1.1100 1b=0.0061 seg=0.0833]  150.2s
Epoch  70/100  train[tot=0.4883 1a=0.3575 1b=0.0066 seg=0.1242]  val[tot=1.0932 1a=1.0037 1b=0.0073 seg=0.0822]  149.8s
  → checkpoint sauvegardé : /home/rousseau/Exp/lisa2026/outputs/checkpoints/epoch_0070.pt
  [viz] Loss curves → /home/rousseau/Exp/lisa2026/results/plots/loss_curves.png
  [viz] Task1a confusion → /home/rousseau/Exp/lisa2026/results/plots/task1a_confusion_ep0070.png
  [viz] Task1b samples → /home/rousseau/Exp/lisa2026/results/plots/task1b_samples_ep0070.png
  [viz] Task2 samples → /home/rousseau/Exp/lisa2026/results/plots/task2_seg_ep0070.png
Epoch  71/100  train[tot=0.4681 1a=0.3417 1b=0.0062 seg=0.1202]  val[tot=1.1765 1a=1.0889 1b=0.0058 seg=0.0817]  149.8s
Epoch  72/100  train[tot=0.4726 1a=0.3343 1b=0.0065 seg=0.1318]  val[tot=1.1894 1a=1.1009 1b=0.0072 seg=0.0813]  150.2s
Epoch  73/100  train[tot=0.4584 1a=0.3327 1b=0.0067 seg=0.1190]  val[tot=1.1431 1a=1.0546 1b=0.0062 seg=0.0823]  150.4s
Epoch  74/100  train[tot=0.4622 1a=0.3278 1b=0.0065 seg=0.1279]  val[tot=1.1726 1a=1.0842 1b=0.0056 seg=0.0829]  150.1s
Epoch  75/100  train[tot=0.4502 1a=0.3264 1b=0.0064 seg=0.1174]  val[tot=1.0806 1a=0.9930 1b=0.0059 seg=0.0817]  149.8s
Epoch  76/100  train[tot=0.4550 1a=0.3288 1b=0.0063 seg=0.1199]  val[tot=1.1779 1a=1.0905 1b=0.0061 seg=0.0813]  149.7s
Epoch  77/100  train[tot=0.4402 1a=0.3086 1b=0.0063 seg=0.1253]  val[tot=1.1016 1a=1.0143 1b=0.0056 seg=0.0817]  149.8s
Epoch  78/100  train[tot=0.4323 1a=0.3072 1b=0.0061 seg=0.1189]  val[tot=1.1958 1a=1.1080 1b=0.0066 seg=0.0811]  149.7s
Epoch  79/100  train[tot=0.4422 1a=0.3120 1b=0.0062 seg=0.1240]  val[tot=1.1938 1a=1.1074 1b=0.0059 seg=0.0806]  149.6s
Epoch  80/100  train[tot=0.4350 1a=0.3107 1b=0.0062 seg=0.1181]  val[tot=1.2401 1a=1.1540 1b=0.0058 seg=0.0803]  149.6s
  → checkpoint sauvegardé : /home/rousseau/Exp/lisa2026/outputs/checkpoints/epoch_0080.pt
  [viz] Loss curves → /home/rousseau/Exp/lisa2026/results/plots/loss_curves.png
  [viz] Task1a confusion → /home/rousseau/Exp/lisa2026/results/plots/task1a_confusion_ep0080.png
  [viz] Task1b samples → /home/rousseau/Exp/lisa2026/results/plots/task1b_samples_ep0080.png
  [viz] Task2 samples → /home/rousseau/Exp/lisa2026/results/plots/task2_seg_ep0080.png
Epoch  81/100  train[tot=0.4316 1a=0.3051 1b=0.0062 seg=0.1203]  val[tot=1.1503 1a=1.0636 1b=0.0055 seg=0.0811]  149.5s
Epoch  82/100  train[tot=0.4254 1a=0.3025 1b=0.0058 seg=0.1171]  val[tot=1.1931 1a=1.1074 1b=0.0055 seg=0.0802]  149.8s
Epoch  83/100  train[tot=0.4342 1a=0.3060 1b=0.0060 seg=0.1222]  val[tot=1.2108 1a=1.1251 1b=0.0056 seg=0.0801]  149.7s
Epoch  84/100  train[tot=0.4232 1a=0.3011 1b=0.0060 seg=0.1161]  val[tot=1.1939 1a=1.1079 1b=0.0056 seg=0.0804]  150.0s
Epoch  85/100  train[tot=0.4211 1a=0.3021 1b=0.0057 seg=0.1132]  val[tot=1.1989 1a=1.1132 1b=0.0055 seg=0.0801]  150.3s
Epoch  86/100  train[tot=0.4215 1a=0.2975 1b=0.0056 seg=0.1184]  val[tot=1.2149 1a=1.1292 1b=0.0054 seg=0.0803]  150.6s
Epoch  87/100  train[tot=0.4238 1a=0.3030 1b=0.0056 seg=0.1153]  val[tot=1.2288 1a=1.1427 1b=0.0057 seg=0.0804]  150.6s
Epoch  88/100  train[tot=0.4206 1a=0.2996 1b=0.0058 seg=0.1152]  val[tot=1.1706 1a=1.0843 1b=0.0056 seg=0.0806]  149.8s
Epoch  89/100  train[tot=0.4229 1a=0.2963 1b=0.0059 seg=0.1207]  val[tot=1.2121 1a=1.1264 1b=0.0055 seg=0.0802]  150.4s
Epoch  90/100  train[tot=0.4165 1a=0.2962 1b=0.0056 seg=0.1148]  val[tot=1.2115 1a=1.1261 1b=0.0055 seg=0.0799]  149.9s
  → checkpoint sauvegardé : /home/rousseau/Exp/lisa2026/outputs/checkpoints/epoch_0090.pt
  [viz] Loss curves → /home/rousseau/Exp/lisa2026/results/plots/loss_curves.png
  [viz] Task1a confusion → /home/rousseau/Exp/lisa2026/results/plots/task1a_confusion_ep0090.png
  [viz] Task1b samples → /home/rousseau/Exp/lisa2026/results/plots/task1b_samples_ep0090.png
  [viz] Task2 samples → /home/rousseau/Exp/lisa2026/results/plots/task2_seg_ep0090.png
Epoch  91/100  train[tot=0.4204 1a=0.2974 1b=0.0057 seg=0.1173]  val[tot=1.2098 1a=1.1244 1b=0.0054 seg=0.0800]  149.9s
Epoch  92/100  train[tot=0.4020 1a=0.2906 1b=0.0054 seg=0.1060]  val[tot=1.1949 1a=1.1092 1b=0.0055 seg=0.0802]  150.4s
Epoch  93/100  train[tot=0.4196 1a=0.2968 1b=0.0057 seg=0.1171]  val[tot=1.2149 1a=1.1296 1b=0.0055 seg=0.0798]  149.7s
Epoch  94/100  train[tot=0.4261 1a=0.2954 1b=0.0054 seg=0.1253]  val[tot=1.2240 1a=1.1384 1b=0.0054 seg=0.0801]  150.1s
Epoch  95/100  train[tot=0.4088 1a=0.2946 1b=0.0056 seg=0.1087]  val[tot=1.2075 1a=1.1219 1b=0.0055 seg=0.0801]  149.9s
Epoch  96/100  train[tot=0.4174 1a=0.3004 1b=0.0056 seg=0.1113]  val[tot=1.2169 1a=1.1314 1b=0.0055 seg=0.0800]  149.8s
Epoch  97/100  train[tot=0.4319 1a=0.2984 1b=0.0055 seg=0.1280]  val[tot=1.2201 1a=1.1347 1b=0.0055 seg=0.0799]  149.8s
Epoch  98/100  train[tot=0.4062 1a=0.2918 1b=0.0058 seg=0.1086]  val[tot=1.2190 1a=1.1336 1b=0.0055 seg=0.0799]  149.7s
Epoch  99/100  train[tot=0.4066 1a=0.2980 1b=0.0058 seg=0.1029]  val[tot=1.2196 1a=1.1342 1b=0.0055 seg=0.0799]  149.8s
Epoch 100/100  train[tot=0.4261 1a=0.3008 1b=0.0058 seg=0.1196]  val[tot=1.2197 1a=1.1343 1b=0.0055 seg=0.0799]  149.7s
  → checkpoint sauvegardé : /home/rousseau/Exp/lisa2026/outputs/checkpoints/epoch_0100.pt
  [viz] Loss curves → /home/rousseau/Exp/lisa2026/results/plots/loss_curves.png
  [viz] Task1a confusion → /home/rousseau/Exp/lisa2026/results/plots/task1a_confusion_ep0100.png
  [viz] Task1b samples → /home/rousseau/Exp/lisa2026/results/plots/task1b_samples_ep0100.png
  [viz] Task2 samples → /home/rousseau/Exp/lisa2026/results/plots/task2_seg_ep0100.png
Entraînement terminé.
