/home/rousseau/miniforge3/lib/python3.13/site-packages/torch/cuda/__init__.py:435: UserWarning: 
    Found GPU0 NVIDIA GB10 which is of cuda capability 12.1.
    Minimum and Maximum cuda capability supported by this version of PyTorch is
    (8.0) - (12.0)
    
  queued_call()
Config      : configs/train_default.yaml
Device      : cuda
Target size : (96, 96, 96)
Base ch     : 32  (bottleneck=512ch, feat=32ch)
Debug mode  : False
Train : 608 items | Val : 98 items
Task 1a class weights (sévérité, moyennés sur artefacts) :
  Noise         sev0=0.45  sev1=1.51  sev2=1.04  art_w=0.78
  Zipper        sev0=0.46  sev1=0.56  sev2=1.98  art_w=0.40
  Positioning   sev0=0.44  sev1=0.96  sev2=1.60  art_w=1.06
  Banding       sev0=0.43  sev1=1.81  sev2=0.76  art_w=3.50
  Motion        sev0=0.47  sev1=1.14  sev2=1.38  art_w=0.40
  Contrast      sev0=0.46  sev1=0.46  sev2=2.09  art_w=0.36
  Distortion    sev0=0.46  sev1=0.94  sev2=1.60  art_w=0.49
Paramètres  : 24,444,772
Epoch   1/200  train[tot=1.3654 1a=0.5576 1b=0.1575 seg=0.6502]  val[tot=0.9243 1a=0.4522 1b=0.1142 seg=0.3578]  254.1s
  → best model (val 1a=0.4522) sauvegardé : /home/rousseau/Exp/lisa2026/outputs/checkpoints/best_model.pt
Epoch   2/200  train[tot=1.2842 1a=0.5325 1b=0.1330 seg=0.6187]  val[tot=0.8332 1a=0.4467 1b=0.0615 seg=0.3250]  216.0s
  → best model (val 1a=0.4467) sauvegardé : /home/rousseau/Exp/lisa2026/outputs/checkpoints/best_model.pt
Epoch   3/200  train[tot=1.2030 1a=0.5280 1b=0.1248 seg=0.5502]  val[tot=0.8317 1a=0.4472 1b=0.0878 seg=0.2966]  215.3s
Epoch   4/200  train[tot=1.1512 1a=0.5293 1b=0.1182 seg=0.5037]  val[tot=0.7884 1a=0.4458 1b=0.0702 seg=0.2724]  216.6s
  → best model (val 1a=0.4458) sauvegardé : /home/rousseau/Exp/lisa2026/outputs/checkpoints/best_model.pt
Epoch   5/200  train[tot=1.0698 1a=0.5245 1b=0.1025 seg=0.4428]  val[tot=0.7520 1a=0.4444 1b=0.0544 seg=0.2531]  217.9s
  → best model (val 1a=0.4444) sauvegardé : /home/rousseau/Exp/lisa2026/outputs/checkpoints/best_model.pt
Epoch   6/200  train[tot=1.0280 1a=0.5224 1b=0.1041 seg=0.4014]  val[tot=0.7282 1a=0.4458 1b=0.0469 seg=0.2356]  213.4s
Epoch   7/200  train[tot=1.0021 1a=0.5141 1b=0.1034 seg=0.3845]  val[tot=0.7349 1a=0.4416 1b=0.0712 seg=0.2221]  213.3s
  → best model (val 1a=0.4416) sauvegardé : /home/rousseau/Exp/lisa2026/outputs/checkpoints/best_model.pt
Epoch   8/200  train[tot=1.0099 1a=0.5312 1b=0.0985 seg=0.3802]  val[tot=0.7038 1a=0.4459 1b=0.0488 seg=0.2091]  212.9s
Epoch   9/200  train[tot=0.9461 1a=0.5226 1b=0.0948 seg=0.3288]  val[tot=0.6843 1a=0.4436 1b=0.0377 seg=0.2030]  213.0s
Epoch  10/200  train[tot=0.9602 1a=0.5252 1b=0.0924 seg=0.3426]  val[tot=0.6877 1a=0.4415 1b=0.0502 seg=0.1960]  212.4s
  → checkpoint sauvegardé : /home/rousseau/Exp/lisa2026/outputs/checkpoints/epoch_0010.pt
  → best model (val 1a=0.4415) sauvegardé : /home/rousseau/Exp/lisa2026/outputs/checkpoints/best_model.pt
  [viz] Loss curves → /home/rousseau/Exp/lisa2026/results/plots/loss_curves.png
  [viz] Task1a confusion → /home/rousseau/Exp/lisa2026/results/plots/task1a_confusion_ep0010.png
  [viz] Task1b samples → /home/rousseau/Exp/lisa2026/results/plots/task1b_samples_ep0010.png
  [viz] Task2 samples → /home/rousseau/Exp/lisa2026/results/plots/task2_seg_ep0010.png
Epoch  11/200  train[tot=0.9304 1a=0.5235 1b=0.0892 seg=0.3177]  val[tot=0.6671 1a=0.4428 1b=0.0332 seg=0.1910]  213.1s
Epoch  12/200  train[tot=0.9240 1a=0.5198 1b=0.0949 seg=0.3092]  val[tot=0.6780 1a=0.4429 1b=0.0486 seg=0.1865]  213.9s
Epoch  13/200  train[tot=0.9495 1a=0.5235 1b=0.0913 seg=0.3346]  val[tot=0.6636 1a=0.4402 1b=0.0399 seg=0.1836]  213.1s
  → best model (val 1a=0.4402) sauvegardé : /home/rousseau/Exp/lisa2026/outputs/checkpoints/best_model.pt
Epoch  14/200  train[tot=0.9016 1a=0.5160 1b=0.0851 seg=0.3004]  val[tot=0.6627 1a=0.4443 1b=0.0366 seg=0.1818]  212.7s
Epoch  15/200  train[tot=0.9268 1a=0.5200 1b=0.0883 seg=0.3185]  val[tot=0.6533 1a=0.4407 1b=0.0344 seg=0.1783]  213.3s
Epoch  16/200  train[tot=0.8805 1a=0.5217 1b=0.0819 seg=0.2769]  val[tot=0.6594 1a=0.4401 1b=0.0426 seg=0.1767]  214.1s
  → best model (val 1a=0.4401) sauvegardé : /home/rousseau/Exp/lisa2026/outputs/checkpoints/best_model.pt
Epoch  17/200  train[tot=0.9124 1a=0.5188 1b=0.0809 seg=0.3126]  val[tot=0.6514 1a=0.4417 1b=0.0334 seg=0.1762]  213.0s
Epoch  18/200  train[tot=0.8881 1a=0.5177 1b=0.0815 seg=0.2889]  val[tot=0.6479 1a=0.4381 1b=0.0343 seg=0.1754]  213.3s
  → best model (val 1a=0.4381) sauvegardé : /home/rousseau/Exp/lisa2026/outputs/checkpoints/best_model.pt
Epoch  19/200  train[tot=0.8916 1a=0.5110 1b=0.0796 seg=0.3010]  val[tot=0.6587 1a=0.4423 1b=0.0432 seg=0.1732]  213.2s
Epoch  20/200  train[tot=0.8775 1a=0.5214 1b=0.0793 seg=0.2768]  val[tot=0.6422 1a=0.4373 1b=0.0341 seg=0.1708]  212.8s
  → checkpoint sauvegardé : /home/rousseau/Exp/lisa2026/outputs/checkpoints/epoch_0020.pt
  → best model (val 1a=0.4373) sauvegardé : /home/rousseau/Exp/lisa2026/outputs/checkpoints/best_model.pt
  [viz] Loss curves → /home/rousseau/Exp/lisa2026/results/plots/loss_curves.png
  [viz] Task1a confusion → /home/rousseau/Exp/lisa2026/results/plots/task1a_confusion_ep0020.png
  [viz] Task1b samples → /home/rousseau/Exp/lisa2026/results/plots/task1b_samples_ep0020.png
  [viz] Task2 samples → /home/rousseau/Exp/lisa2026/results/plots/task2_seg_ep0020.png
Epoch  21/200  train[tot=0.8481 1a=0.5090 1b=0.0796 seg=0.2595]  val[tot=0.6483 1a=0.4402 1b=0.0410 seg=0.1671]  213.0s
Epoch  22/200  train[tot=0.8647 1a=0.5128 1b=0.0742 seg=0.2777]  val[tot=0.6316 1a=0.4428 1b=0.0242 seg=0.1646]  212.5s
Epoch  23/200  train[tot=0.8796 1a=0.5166 1b=0.0735 seg=0.2895]  val[tot=0.6200 1a=0.4380 1b=0.0270 seg=0.1549]  212.7s
Epoch  24/200  train[tot=0.8724 1a=0.5133 1b=0.0811 seg=0.2780]  val[tot=0.6139 1a=0.4405 1b=0.0219 seg=0.1514]  208.7s
Epoch  25/200  train[tot=0.8306 1a=0.5161 1b=0.0690 seg=0.2456]  val[tot=0.6290 1a=0.4405 1b=0.0399 seg=0.1486]  204.3s
Epoch  26/200  train[tot=0.8130 1a=0.5160 1b=0.0686 seg=0.2284]  val[tot=0.6162 1a=0.4368 1b=0.0403 seg=0.1390]  210.9s
  → best model (val 1a=0.4368) sauvegardé : /home/rousseau/Exp/lisa2026/outputs/checkpoints/best_model.pt
Epoch  27/200  train[tot=0.8124 1a=0.5112 1b=0.0757 seg=0.2255]  val[tot=0.6110 1a=0.4396 1b=0.0302 seg=0.1413]  200.5s
Epoch  28/200  train[tot=0.8121 1a=0.5128 1b=0.0710 seg=0.2284]  val[tot=0.5988 1a=0.4407 1b=0.0286 seg=0.1295]  197.7s
Epoch  29/200  train[tot=0.8103 1a=0.5110 1b=0.0702 seg=0.2292]  val[tot=0.5896 1a=0.4343 1b=0.0347 seg=0.1206]  198.8s
  → best model (val 1a=0.4343) sauvegardé : /home/rousseau/Exp/lisa2026/outputs/checkpoints/best_model.pt
Epoch  30/200  train[tot=0.8305 1a=0.5181 1b=0.0708 seg=0.2416]  val[tot=0.5788 1a=0.4396 1b=0.0251 seg=0.1141]  197.6s
  → checkpoint sauvegardé : /home/rousseau/Exp/lisa2026/outputs/checkpoints/epoch_0030.pt
  [viz] Loss curves → /home/rousseau/Exp/lisa2026/results/plots/loss_curves.png
  [viz] Task1a confusion → /home/rousseau/Exp/lisa2026/results/plots/task1a_confusion_ep0030.png
  [viz] Task1b samples → /home/rousseau/Exp/lisa2026/results/plots/task1b_samples_ep0030.png
  [viz] Task2 samples → /home/rousseau/Exp/lisa2026/results/plots/task2_seg_ep0030.png
Epoch  31/200  train[tot=0.7823 1a=0.5129 1b=0.0720 seg=0.1974]  val[tot=0.5882 1a=0.4407 1b=0.0357 seg=0.1118]  198.1s
Epoch  32/200  train[tot=0.7491 1a=0.5046 1b=0.0631 seg=0.1814]  val[tot=0.5637 1a=0.4356 1b=0.0230 seg=0.1050]  198.3s
Epoch  33/200  train[tot=0.7770 1a=0.5080 1b=0.0672 seg=0.2018]  val[tot=0.5616 1a=0.4371 1b=0.0180 seg=0.1065]  198.1s
Epoch  34/200  train[tot=0.7426 1a=0.4950 1b=0.0728 seg=0.1749]  val[tot=0.5754 1a=0.4450 1b=0.0264 seg=0.1040]  197.4s
Epoch  35/200  train[tot=0.7793 1a=0.5037 1b=0.0762 seg=0.1993]  val[tot=0.5839 1a=0.4370 1b=0.0356 seg=0.1113]  197.4s
Epoch  36/200  train[tot=0.7653 1a=0.4985 1b=0.0686 seg=0.1983]  val[tot=0.5587 1a=0.4375 1b=0.0229 seg=0.0983]  197.7s
Epoch  37/200  train[tot=0.7647 1a=0.4944 1b=0.0676 seg=0.2027]  val[tot=0.5660 1a=0.4349 1b=0.0349 seg=0.0963]  198.2s
Epoch  38/200  train[tot=0.7568 1a=0.4986 1b=0.0720 seg=0.1863]  val[tot=0.5563 1a=0.4310 1b=0.0278 seg=0.0974]  197.9s
  → best model (val 1a=0.4310) sauvegardé : /home/rousseau/Exp/lisa2026/outputs/checkpoints/best_model.pt
Epoch  39/200  train[tot=0.7283 1a=0.4945 1b=0.0694 seg=0.1644]  val[tot=0.5568 1a=0.4308 1b=0.0303 seg=0.0956]  198.2s
  → best model (val 1a=0.4308) sauvegardé : /home/rousseau/Exp/lisa2026/outputs/checkpoints/best_model.pt
Epoch  40/200  train[tot=0.7458 1a=0.4915 1b=0.0700 seg=0.1843]  val[tot=0.5582 1a=0.4359 1b=0.0285 seg=0.0938]  198.3s
  → checkpoint sauvegardé : /home/rousseau/Exp/lisa2026/outputs/checkpoints/epoch_0040.pt
  [viz] Loss curves → /home/rousseau/Exp/lisa2026/results/plots/loss_curves.png
  [viz] Task1a confusion → /home/rousseau/Exp/lisa2026/results/plots/task1a_confusion_ep0040.png
  [viz] Task1b samples → /home/rousseau/Exp/lisa2026/results/plots/task1b_samples_ep0040.png
  [viz] Task2 samples → /home/rousseau/Exp/lisa2026/results/plots/task2_seg_ep0040.png
Epoch  41/200  train[tot=0.7384 1a=0.4955 1b=0.0678 seg=0.1750]  val[tot=0.5538 1a=0.4393 1b=0.0232 seg=0.0912]  198.3s
Epoch  42/200  train[tot=0.7340 1a=0.4903 1b=0.0653 seg=0.1784]  val[tot=0.5422 1a=0.4313 1b=0.0207 seg=0.0902]  198.2s
Epoch  43/200  train[tot=0.7234 1a=0.4887 1b=0.0710 seg=0.1636]  val[tot=0.5518 1a=0.4369 1b=0.0221 seg=0.0928]  198.1s
Epoch  44/200  train[tot=0.7249 1a=0.4921 1b=0.0613 seg=0.1715]  val[tot=0.5515 1a=0.4394 1b=0.0204 seg=0.0917]  198.2s
Epoch  45/200  train[tot=0.7381 1a=0.4882 1b=0.0761 seg=0.1738]  val[tot=0.5638 1a=0.4394 1b=0.0342 seg=0.0902]  197.9s
Epoch  46/200  train[tot=0.7096 1a=0.4816 1b=0.0645 seg=0.1635]  val[tot=0.5436 1a=0.4322 1b=0.0245 seg=0.0869]  197.7s
Epoch  47/200  train[tot=0.7082 1a=0.4821 1b=0.0672 seg=0.1589]  val[tot=0.5448 1a=0.4302 1b=0.0276 seg=0.0870]  287.8s
  → best model (val 1a=0.4302) sauvegardé : /home/rousseau/Exp/lisa2026/outputs/checkpoints/best_model.pt
Epoch  48/200  train[tot=0.6982 1a=0.4796 1b=0.0619 seg=0.1566]  val[tot=0.5400 1a=0.4327 1b=0.0194 seg=0.0879]  316.0s
Epoch  49/200  train[tot=0.7104 1a=0.4838 1b=0.0649 seg=0.1617]  val[tot=0.5498 1a=0.4330 1b=0.0298 seg=0.0870]  217.9s
Epoch  50/200  train[tot=0.7029 1a=0.4836 1b=0.0617 seg=0.1576]  val[tot=0.5429 1a=0.4392 1b=0.0174 seg=0.0863]  223.3s
  → checkpoint sauvegardé : /home/rousseau/Exp/lisa2026/outputs/checkpoints/epoch_0050.pt
  [viz] Loss curves → /home/rousseau/Exp/lisa2026/results/plots/loss_curves.png
  [viz] Task1a confusion → /home/rousseau/Exp/lisa2026/results/plots/task1a_confusion_ep0050.png
  [viz] Task1b samples → /home/rousseau/Exp/lisa2026/results/plots/task1b_samples_ep0050.png
  [viz] Task2 samples → /home/rousseau/Exp/lisa2026/results/plots/task2_seg_ep0050.png
Epoch  51/200  train[tot=0.7061 1a=0.4769 1b=0.0707 seg=0.1585]  val[tot=0.5359 1a=0.4288 1b=0.0219 seg=0.0852]  237.8s
  → best model (val 1a=0.4288) sauvegardé : /home/rousseau/Exp/lisa2026/outputs/checkpoints/best_model.pt
Epoch  52/200  train[tot=0.7064 1a=0.4793 1b=0.0668 seg=0.1603]  val[tot=0.5359 1a=0.4279 1b=0.0211 seg=0.0869]  458.2s
  → best model (val 1a=0.4279) sauvegardé : /home/rousseau/Exp/lisa2026/outputs/checkpoints/best_model.pt
Epoch  53/200  train[tot=0.6932 1a=0.4859 1b=0.0636 seg=0.1437]  val[tot=0.5551 1a=0.4266 1b=0.0437 seg=0.0847]  413.0s
  → best model (val 1a=0.4266) sauvegardé : /home/rousseau/Exp/lisa2026/outputs/checkpoints/best_model.pt
Epoch  54/200  train[tot=0.7121 1a=0.4804 1b=0.0675 seg=0.1641]  val[tot=0.5450 1a=0.4292 1b=0.0260 seg=0.0898]  258.7s
Epoch  55/200  train[tot=0.6982 1a=0.4756 1b=0.0685 seg=0.1541]  val[tot=0.5373 1a=0.4284 1b=0.0196 seg=0.0893]  319.3s
